
> apex-affinity-group@0.1.0 test
> vitest run


[1m[46m RUN [49m[22m [36mv4.0.18 [39m[90mC:/dev/1 - Apex Pre-Launch Site[39m

[90mstderr[2m | tests/unit/api-team.test.ts
[22m[39mGoTrueClient@sb-brejvdvzwshroxkkhmzy-auth-token:1 (2.95.3) 2026-03-19T01:27:49.095Z Multiple GoTrueClient instances detected in the same browser context. It is not an error, but this should be avoided as it may produce undefined behavior when used concurrently under the same storage key.

[90mstderr[2m | tests/unit/api-genealogy.test.ts
[22m[39mGoTrueClient@sb-brejvdvzwshroxkkhmzy-auth-token:1 (2.95.3) 2026-03-19T01:27:49.131Z Multiple GoTrueClient instances detected in the same browser context. It is not an error, but this should be avoided as it may produce undefined behavior when used concurrently under the same storage key.

 [31m❯[39m src/components/dashboard/CEOVideoSection.test.tsx [2m([22m[2m4 tests[22m[2m | [22m[31m2 failed[39m[2m)[22m[33m 445[2mms[22m[39m
[31m     [31m×[31m should render the video section with title and subtitle[39m[32m 52[2mms[22m[39m
     [33m[2m✓[22m[39m should render play button overlay [33m 360[2mms[22m[39m
     [32m✓[39m should have proper styling classes[32m 10[2mms[22m[39m
[31m     [31m×[31m should display watch message text[39m[32m 22[2mms[22m[39m
 [31m❯[39m tests/unit/autopilot-invitations.test.ts [2m([22m[2m17 tests[22m[2m | [22m[33m17 skipped[39m[2m)[22m[33m 713[2mms[22m[39m
       [2m[90m↓[39m[22m should validate invitation data correctly
       [2m[90m↓[39m[22m should reject invalid email
       [2m[90m↓[39m[22m should reject past meeting dates
       [2m[90m↓[39m[22m should generate invitation links correctly
       [2m[90m↓[39m[22m should generate tracking pixel URL correctly
       [2m[90m↓[39m[22m should generate calendar file (.ics) correctly
       [2m[90m↓[39m[22m should detect expired invitations
       [2m[90m↓[39m[22m should format meeting date/time for display
       [2m[90m↓[39m[22m should check if distributor can send invitations
       [2m[90m↓[39m[22m should get remaining invites count
       [2m[90m↓[39m[22m should create meeting invitation
       [2m[90m↓[39m[22m should update invitation when opened
       [2m[90m↓[39m[22m should update invitation with response
       [2m[90m↓[39m[22m should fetch invitations for distributor
       [2m[90m↓[39m[22m should filter invitations by status
       [2m[90m↓[39m[22m should increment usage counter
       [2m[90m↓[39m[22m should check limit status
 [31m❯[39m src/components/admin/compensation/WaterfallEditor.test.tsx [2m([22m[2m5 tests[22m[2m | [22m[31m5 failed[39m[2m)[22m[32m 35[2mms[22m[39m
[31m     [31m×[31m should render standard and business center sections[39m[32m 21[2mms[22m[39m
[31m     [31m×[31m should render all waterfall fields[39m[32m 4[2mms[22m[39m
[31m     [31m×[31m should update slider value when changed[39m[32m 3[2mms[22m[39m
[31m     [31m×[31m should show save button when dirty[39m[32m 3[2mms[22m[39m
[31m     [31m×[31m should show visual breakdown chart[39m[32m 2[2mms[22m[39m
 [31m❯[39m src/components/genealogy/CompensationTreeView.test.tsx [2m([22m[2m12 tests[22m[2m | [22m[31m1 failed[39m[2m)[22m[33m 1233[2mms[22m[39m
     [33m[2m✓[22m[39m should render tree with members [33m 302[2mms[22m[39m
     [32m✓[39m should render search input[32m 24[2mms[22m[39m
     [32m✓[39m should filter members by search term[32m 70[2mms[22m[39m
     [33m[2m✓[22m[39m should render rank filter dropdown [33m 333[2mms[22m[39m
     [32m✓[39m should render status filter dropdown[32m 31[2mms[22m[39m
     [32m✓[39m should have expand all button[32m 27[2mms[22m[39m
     [32m✓[39m should have collapse all button[32m 46[2mms[22m[39m
     [32m✓[39m should display empty state when tree is empty[32m 62[2mms[22m[39m
[31m     [31m×[31m should call onMemberClick when provided[39m[32m 151[2mms[22m[39m
     [32m✓[39m should filter by rank[32m 93[2mms[22m[39m
     [32m✓[39m should expand children initially based on maxInitialDepth[32m 41[2mms[22m[39m
     [32m✓[39m should handle empty search result[32m 49[2mms[22m[39m
 [31m❯[39m src/components/admin/ProductMappingModal.test.tsx [2m([22m[2m10 tests[22m[2m | [22m[31m8 failed[39m[2m)[22m[33m 1708[2mms[22m[39m
[31m     [31m×[31m should render modal with form fields[39m[32m 124[2mms[22m[39m
     [32m✓[39m should show edit mode when editingMapping is provided[32m 17[2mms[22m[39m
[31m     [31m×[31m should validate required fields[39m[33m 1369[2mms[22m[39m
[31m     [31m×[31m should validate credits are >= 0[39m[32m 16[2mms[22m[39m
[31m     [31m×[31m should validate commission percentages are 0-100[39m[32m 24[2mms[22m[39m
[31m     [31m×[31m should submit form with valid data[39m[32m 20[2mms[22m[39m
[31m     [31m×[31m should handle API errors[39m[32m 18[2mms[22m[39m
     [32m✓[39m should close modal when cancel button is clicked[32m 76[2mms[22m[39m
[31m     [31m×[31m should show percentage inputs when commission type is percentage[39m[32m 25[2mms[22m[39m
[31m     [31m×[31m should show fixed amount input when commission type is fixed[39m[32m 17[2mms[22m[39m
[90mstderr[2m | tests/unit/api-genealogy.test.ts[2m > [22m[2mGenealogy API Tests[2m > [22m[2mRLS Policies[2m > [22m[2mshould allow user to view their own member record
[22m[39mGoTrueClient@sb-brejvdvzwshroxkkhmzy-auth-token:2 (2.95.3) 2026-03-19T01:27:51.555Z Multiple GoTrueClient instances detected in the same browser context. It is not an error, but this should be avoided as it may produce undefined behavior when used concurrently under the same storage key.

[90mstderr[2m | tests/unit/api-genealogy.test.ts[2m > [22m[2mGenealogy API Tests[2m > [22m[2mRLS Policies[2m > [22m[2mshould allow user to view their downline
[22m[39mGoTrueClient@sb-brejvdvzwshroxkkhmzy-auth-token:3 (2.95.3) 2026-03-19T01:27:51.742Z Multiple GoTrueClient instances detected in the same browser context. It is not an error, but this should be avoided as it may produce undefined behavior when used concurrently under the same storage key.

[90mstderr[2m | tests/unit/api-genealogy.test.ts[2m > [22m[2mGenealogy API Tests[2m > [22m[2mRLS Policies[2m > [22m[2mshould block unauthorized users from viewing genealogy
[22m[39mGoTrueClient@sb-brejvdvzwshroxkkhmzy-auth-token:4 (2.95.3) 2026-03-19T01:27:51.979Z Multiple GoTrueClient instances detected in the same browser context. It is not an error, but this should be avoided as it may produce undefined behavior when used concurrently under the same storage key.

 [31m❯[39m tests/unit/lib/compensation/waterfall.test.ts [2m([22m[2m20 tests[22m[2m | [22m[31m20 failed[39m[2m)[22m[32m 12[2mms[22m[39m
[31m       [31m×[31m should calculate waterfall for $79 PulseGuard member price[39m[32m 4[2mms[22m[39m
[31m       [31m×[31m should calculate waterfall for $99 PulseGuard retail price[39m[32m 1[2mms[22m[39m
[31m       [31m×[31m should handle small amounts without rounding errors[39m[32m 1[2mms[22m[39m
[31m       [31m×[31m should handle large amounts accurately[39m[32m 0[2mms[22m[39m
[31m       [31m×[31m should use fixed split for Business Center ($39)[39m[32m 0[2mms[22m[39m
[31m       [31m×[31m should ignore priceCents parameter for Business Center[39m[32m 0[2mms[22m[39m
[31m       [31m×[31m should return $8 sponsor bonus[39m[32m 0[2mms[22m[39m
[31m       [31m×[31m should validate standard waterfall adds up correctly[39m[32m 0[2mms[22m[39m
[31m       [31m×[31m should validate Business Center split adds up correctly[39m[32m 0[2mms[22m[39m
[31m       [31m×[31m should detect invalid waterfall calculations[39m[32m 0[2mms[22m[39m
[31m       [31m×[31m should aggregate multiple waterfalls correctly[39m[32m 0[2mms[22m[39m
[31m       [31m×[31m should handle empty sales array[39m[32m 0[2mms[22m[39m
[31m       [31m×[31m should format standard waterfall as readable string[39m[32m 0[2mms[22m[39m
[31m       [31m×[31m should format Business Center waterfall as readable string[39m[32m 0[2mms[22m[39m
[31m       [31m×[31m should handle zero price (should not happen in production)[39m[32m 0[2mms[22m[39m
[31m       [31m×[31m should maintain precision with rounding[39m[32m 0[2mms[22m[39m
[31m       [31m×[31m should ensure seller commission is always 60% of commission pool[39m[32m 0[2mms[22m[39m
[31m       [31m×[31m should ensure override pool is 40% of commission pool[39m[32m 0[2mms[22m[39m
[31m       [31m×[31m should ensure bonus pool is always 3.5% of remainder[39m[32m 0[2mms[22m[39m
[31m       [31m×[31m should ensure leadership pool is always 1.5% of remainder[39m[32m 0[2mms[22m[39m
 [31m❯[39m tests/unit/api-genealogy.test.ts [2m([22m[2m22 tests[22m[2m | [22m[31m1 failed[39m[2m)[22m[33m 4419[2mms[22m[39m
       [32m✓[39m should fetch member with correct schema[32m 162[2mms[22m[39m
       [32m✓[39m should fetch member with distributor join[32m 121[2mms[22m[39m
       [32m✓[39m should have required fields for tree nodes[32m 125[2mms[22m[39m
       [32m✓[39m should fetch direct enrollees[32m 135[2mms[22m[39m
       [32m✓[39m should order enrollees by enrollment date[32m 124[2mms[22m[39m
       [32m✓[39m should only include active members in tree[32m 115[2mms[22m[39m
       [32m✓[39m should recursively fetch multiple levels[32m 260[2mms[22m[39m
       [32m✓[39m should calculate total organization size[32m 154[2mms[22m[39m
       [32m✓[39m should sum organization credits[32m 140[2mms[22m[39m
       [32m✓[39m should count direct enrollees accurately[32m 129[2mms[22m[39m
       [32m✓[39m should allow user to view their own member record[32m 187[2mms[22m[39m
       [32m✓[39m should allow user to view their downline[32m 237[2mms[22m[39m
[31m       [31m×[31m should block unauthorized users from viewing genealogy[39m[32m 138[2mms[22m[39m
       [32m✓[39m should fetch genealogy data within reasonable time[32m 129[2mms[22m[39m
       [32m✓[39m should handle large result sets[32m 133[2mms[22m[39m
       [32m✓[39m should handle member with no enrollees[32m 265[2mms[22m[39m
       [32m✓[39m should handle null enroller_id (root sponsor)[32m 128[2mms[22m[39m
       [32m✓[39m should handle missing distributor record gracefully[32m 143[2mms[22m[39m
       [32m✓[39m should handle invalid member_id gracefully[32m 137[2mms[22m[39m
       [32m✓[39m should have valid tech_rank values[32m 129[2mms[22m[39m
       [32m✓[39m should have non-negative credit values[32m 147[2mms[22m[39m
       [32m✓[39m should have valid enrollment dates[32m 118[2mms[22m[39m
 [31m❯[39m src/components/genealogy/TreeNodeCard.test.tsx [2m([22m[2m9 tests[22m[2m | [22m[31m1 failed[39m[2m)[22m[33m 467[2mms[22m[39m
     [32m✓[39m should render member information[32m 45[2mms[22m[39m
     [32m✓[39m should display expand button when node has children[32m 188[2mms[22m[39m
     [32m✓[39m should show collapse icon when expanded[32m 3[2mms[22m[39m
     [32m✓[39m should call onToggle when expand button is clicked[32m 27[2mms[22m[39m
[31m     [31m×[31m should call onMemberClick when card is clicked[39m[32m 53[2mms[22m[39m
     [32m✓[39m should display inactive status badge when not active[32m 15[2mms[22m[39m
     [32m✓[39m should apply correct rank color styling[32m 38[2mms[22m[39m
     [32m✓[39m should render avatar placeholder when no photo URL[32m 39[2mms[22m[39m
     [32m✓[39m should render profile photo when URL is provided[32m 57[2mms[22m[39m
[90mstderr[2m | tests/unit/api/admin/integrations/product-mappings.test.ts[2m > [22m[2mProduct Mappings API - List & Create[2m > [22m[2mGET /api/admin/integrations/product-mappings[2m > [22m[2mshould filter by integration_id when provided
[22m[39mUnexpected error in GET /api/admin/integrations/product-mappings: TypeError: Cannot destructure property 'data' of '(intermediate value)' as it is undefined.
    at Module.GET (C:/dev/1 - Apex Pre-Launch Site/src/app/api/admin/integrations/product-mappings/route.ts:49:19)
[90m    at processTicksAndRejections (node:internal/process/task_queues:105:5)[39m
    at C:/dev/1 - Apex Pre-Launch Site/tests/unit/api/admin/integrations/product-mappings.test.ts:97:24
    at [90mfile:///C:/dev/1%20-%20Apex%20Pre-Launch%20Site/[39mnode_modules/[4m@vitest/runner[24m/dist/index.js:915:20

[90mstderr[2m | tests/unit/api/admin/integrations/product-mappings.test.ts[2m > [22m[2mProduct Mappings API - List & Create[2m > [22m[2mPOST /api/admin/integrations/product-mappings[2m > [22m[2mshould create product mapping with valid data
[22m[39mUnexpected error in POST /api/admin/integrations/product-mappings: TypeError: serviceClient.from(...).select(...).eq(...).eq is not a function
    at Module.POST (C:/dev/1 - Apex Pre-Launch Site/src/app/api/admin/integrations/product-mappings/route.ts:170:8)
[90m    at processTicksAndRejections (node:internal/process/task_queues:105:5)[39m
    at C:/dev/1 - Apex Pre-Launch Site/tests/unit/api/admin/integrations/product-mappings.test.ts:209:24
    at [90mfile:///C:/dev/1%20-%20Apex%20Pre-Launch%20Site/[39mnode_modules/[4m@vitest/runner[24m/dist/index.js:915:20

[90mstderr[2m | tests/unit/api/admin/integrations/product-mappings.test.ts[2m > [22m[2mProduct Mappings API - Single Resource[2m > [22m[2mGET /api/admin/integrations/product-mappings/[id][2m > [22m[2mshould get single product mapping
[22m[39mUnexpected error in GET /api/admin/integrations/product-mappings/[id]: TypeError: Cannot destructure property 'data' of '(intermediate value)' as it is undefined.
    at Module.GET (C:/dev/1 - Apex Pre-Launch Site/src/app/api/admin/integrations/product-mappings/[id]/route.ts:33:19)
[90m    at processTicksAndRejections (node:internal/process/task_queues:105:5)[39m
    at C:/dev/1 - Apex Pre-Launch Site/tests/unit/api/admin/integrations/product-mappings.test.ts:238:24
    at [90mfile:///C:/dev/1%20-%20Apex%20Pre-Launch%20Site/[39mnode_modules/[4m@vitest/runner[24m/dist/index.js:915:20

[90mstderr[2m | tests/unit/api/admin/integrations/product-mappings.test.ts[2m > [22m[2mProduct Mappings API - Single Resource[2m > [22m[2mGET /api/admin/integrations/product-mappings/[id][2m > [22m[2mshould return 404 for non-existent mapping
[22m[39mUnexpected error in GET /api/admin/integrations/product-mappings/[id]: TypeError: Cannot destructure property 'data' of '(intermediate value)' as it is undefined.
    at Module.GET (C:/dev/1 - Apex Pre-Launch Site/src/app/api/admin/integrations/product-mappings/[id]/route.ts:33:19)
[90m    at processTicksAndRejections (node:internal/process/task_queues:105:5)[39m
    at C:/dev/1 - Apex Pre-Launch Site/tests/unit/api/admin/integrations/product-mappings.test.ts:258:24
    at [90mfile:///C:/dev/1%20-%20Apex%20Pre-Launch%20Site/[39mnode_modules/[4m@vitest/runner[24m/dist/index.js:915:20

[90mstderr[2m | tests/unit/api/admin/integrations/product-mappings.test.ts[2m > [22m[2mProduct Mappings API - Single Resource[2m > [22m[2mPUT /api/admin/integrations/product-mappings/[id][2m > [22m[2mshould update product mapping
[22m[39mUnexpected error in PUT /api/admin/integrations/product-mappings/[id]: TypeError: Cannot destructure property 'data' of '(intermediate value)' as it is undefined.
    at Module.PUT (C:/dev/1 - Apex Pre-Launch Site/src/app/api/admin/integrations/product-mappings/[id]/route.ts:150:19)
[90m    at processTicksAndRejections (node:internal/process/task_queues:105:5)[39m
    at C:/dev/1 - Apex Pre-Launch Site/tests/unit/api/admin/integrations/product-mappings.test.ts:293:24
    at [90mfile:///C:/dev/1%20-%20Apex%20Pre-Launch%20Site/[39mnode_modules/[4m@vitest/runner[24m/dist/index.js:915:20

[90mstderr[2m | tests/unit/api/admin/integrations/product-mappings.test.ts[2m > [22m[2mProduct Mappings API - Single Resource[2m > [22m[2mDELETE /api/admin/integrations/product-mappings/[id][2m > [22m[2mshould delete product mapping
[22m[39mUnexpected error in DELETE /api/admin/integrations/product-mappings/[id]: TypeError: Cannot destructure property 'data' of '(intermediate value)' as it is undefined.
    at Module.DELETE (C:/dev/1 - Apex Pre-Launch Site/src/app/api/admin/integrations/product-mappings/[id]/route.ts:198:19)
[90m    at processTicksAndRejections (node:internal/process/task_queues:105:5)[39m
    at C:/dev/1 - Apex Pre-Launch Site/tests/unit/api/admin/integrations/product-mappings.test.ts:319:24
    at [90mfile:///C:/dev/1%20-%20Apex%20Pre-Launch%20Site/[39mnode_modules/[4m@vitest/runner[24m/dist/index.js:915:20

[90mstderr[2m | tests/unit/api/admin/integrations/product-mappings.test.ts[2m > [22m[2mProduct Mappings API - Bulk Import[2m > [22m[2mshould validate each mapping in bulk import
[22m[39mUnexpected error in POST /api/admin/integrations/product-mappings/bulk-import: TypeError: Cannot destructure property 'data' of '(intermediate value)' as it is undefined.
    at Module.POST (C:/dev/1 - Apex Pre-Launch Site/src/app/api/admin/integrations/product-mappings/bulk-import/route.ts:72:19)
[90m    at processTicksAndRejections (node:internal/process/task_queues:105:5)[39m
    at C:/dev/1 - Apex Pre-Launch Site/tests/unit/api/admin/integrations/product-mappings.test.ts:372:22
    at [90mfile:///C:/dev/1%20-%20Apex%20Pre-Launch%20Site/[39mnode_modules/[4m@vitest/runner[24m/dist/index.js:915:20

[90mstderr[2m | tests/unit/api/admin/integrations/product-mappings.test.ts[2m > [22m[2mProduct Mappings API - Bulk Import[2m > [22m[2mshould handle skip_duplicates flag
[22m[39mUnexpected error in POST /api/admin/integrations/product-mappings/bulk-import: TypeError: Cannot destructure property 'data' of '(intermediate value)' as it is undefined.
    at Module.POST (C:/dev/1 - Apex Pre-Launch Site/src/app/api/admin/integrations/product-mappings/bulk-import/route.ts:72:19)
[90m    at processTicksAndRejections (node:internal/process/task_queues:105:5)[39m
    at C:/dev/1 - Apex Pre-Launch Site/tests/unit/api/admin/integrations/product-mappings.test.ts:409:22
    at [90mfile:///C:/dev/1%20-%20Apex%20Pre-Launch%20Site/[39mnode_modules/[4m@vitest/runner[24m/dist/index.js:915:20

 [31m❯[39m tests/unit/api/admin/integrations/product-mappings.test.ts [2m([22m[2m16 tests[22m[2m | [22m[31m9 failed[39m[2m)[22m[32m 54[2mms[22m[39m
       [32m✓[39m should require admin authentication[32m 9[2mms[22m[39m
[31m       [31m×[31m should list all product mappings[39m[32m 7[2mms[22m[39m
[31m       [31m×[31m should filter by integration_id when provided[39m[32m 8[2mms[22m[39m
       [32m✓[39m should require admin authentication[32m 2[2mms[22m[39m
       [32m✓[39m should validate required fields[32m 1[2mms[22m[39m
       [32m✓[39m should validate credits are >= 0[32m 1[2mms[22m[39m
       [32m✓[39m should validate commission percentages are 0-100[32m 1[2mms[22m[39m
[31m       [31m×[31m should create product mapping with valid data[39m[32m 3[2mms[22m[39m
[31m       [31m×[31m should get single product mapping[39m[32m 3[2mms[22m[39m
[31m       [31m×[31m should return 404 for non-existent mapping[39m[32m 2[2mms[22m[39m
[31m       [31m×[31m should update product mapping[39m[32m 3[2mms[22m[39m
[31m       [31m×[31m should delete product mapping[39m[32m 2[2mms[22m[39m
     [32m✓[39m should validate bulk import request structure[32m 1[2mms[22m[39m
     [32m✓[39m should reject imports with more than 100 mappings[32m 1[2mms[22m[39m
[31m     [31m×[31m should validate each mapping in bulk import[39m[32m 3[2mms[22m[39m
[31m     [31m×[31m should handle skip_duplicates flag[39m[32m 3[2mms[22m[39m
[90mstderr[2m | tests/unit/api-team.test.ts[2m > [22m[2mTeam API Tests[2m > [22m[2mRLS Policies[2m > [22m[2mshould allow user to view their team members
[22m[39mGoTrueClient@sb-brejvdvzwshroxkkhmzy-auth-token:2 (2.95.3) 2026-03-19T01:27:53.898Z Multiple GoTrueClient instances detected in the same browser context. It is not an error, but this should be avoided as it may produce undefined behavior when used concurrently under the same storage key.

[90mstderr[2m | src/components/admin/compensation/TechRankEditor.test.tsx[2m > [22m[2mTechRankEditor[2m > [22m[2mshould render page title
[22m[39mError fetching tech ranks: TypeError: Failed to parse URL from /api/admin/compensation/config
[90m    at node:internal/deps/undici/undici:15445:13[39m
[90m    at processTicksAndRejections (node:internal/process/task_queues:105:5)[39m
    at fetchRanks (C:/dev/1 - Apex Pre-Launch Site/src/components/admin/compensation/TechRankEditor.tsx:120:21) {
  [cause]: TypeError: Invalid URL
  [90m    at new URL (node:internal/url:826:25)[39m
      at new URL$1 [90m(file:///C:/dev/1%20-%20Apex%20Pre-Launch%20Site/[39mnode_modules/[4mvitest[24m/dist/chunks/index.CyBMJtT7.js:556:9[90m)[39m
  [90m    at new Request (node:internal/deps/undici/undici:10150:25)[39m
  [90m    at fetch (node:internal/deps/undici/undici:10920:25)[39m
  [90m    at fetch (node:internal/deps/undici/undici:15443:10)[39m
  [90m    at fetch (node:internal/bootstrap/web/exposed-window-or-worker:83:12)[39m
      at fetchRanks (C:/dev/1 - Apex Pre-Launch Site/src/components/admin/compensation/TechRankEditor.tsx:120:27)
      at C:/dev/1 - Apex Pre-Launch Site/src/components/admin/compensation/TechRankEditor.tsx:149:5
      at Object.react_stack_bottom_frame [90m(C:\dev\1 - Apex Pre-Launch Site\[39mnode_modules\[4mreact-dom[24m\cjs\react-dom-client.development.js:25989:20[90m)[39m
      at runWithFiberInDEV [90m(C:\dev\1 - Apex Pre-Launch Site\[39mnode_modules\[4mreact-dom[24m\cjs\react-dom-client.development.js:874:13[90m)[39m {
    code: [32m'ERR_INVALID_URL'[39m,
    input: [32m'/api/admin/compensation/config'[39m
  }
}
An update to TechRankEditor inside a test was not wrapped in act(...).

When testing, code that causes React state updates should be wrapped into act(...):

act(() => {
  /* fire events that update state */
});
/* assert on the output */

This ensures that you're testing the behavior the user would see in the browser. Learn more at https://react.dev/link/wrap-tests-with-act
An update to TechRankEditor inside a test was not wrapped in act(...).

When testing, code that causes React state updates should be wrapped into act(...):

act(() => {
  /* fire events that update state */
});
/* assert on the output */

This ensures that you're testing the behavior the user would see in the browser. Learn more at https://react.dev/link/wrap-tests-with-act

 [31m❯[39m tests/unit/lib/compensation/config-loader.test.ts [2m([22m[2m57 tests[22m[2m | [22m[31m47 failed[39m[2m)[22m[32m 21[2mms[22m[39m
[31m     [31m×[31m should load tech ranks[39m[32m 4[2mms[22m[39m
     [32m✓[39m should cache tech ranks[32m 0[2mms[22m[39m
[31m     [31m×[31m should include all expected ranks in order[39m[32m 2[2mms[22m[39m
[31m     [31m×[31m should load tech rank requirements[39m[32m 0[2mms[22m[39m
     [32m✓[39m should cache rank requirements[32m 0[2mms[22m[39m
[31m     [31m×[31m should have valid thresholds for each rank[39m[32m 0[2mms[22m[39m
[31m     [31m×[31m should have increasing thresholds[39m[32m 0[2mms[22m[39m
[31m     [31m×[31m should have starter rank with zero requirements[39m[32m 0[2mms[22m[39m
[31m     [31m×[31m should have elite rank as highest[39m[32m 0[2mms[22m[39m
[31m     [31m×[31m should load override schedules[39m[32m 0[2mms[22m[39m
     [32m✓[39m should cache override schedules[32m 0[2mms[22m[39m
[31m     [31m×[31m should have L1 = 0.30 for all ranks[39m[32m 0[2mms[22m[39m
[31m     [31m×[31m should have 5 levels for each rank[39m[32m 0[2mms[22m[39m
[31m     [31m×[31m should have valid percentages (0.0 to 0.30)[39m[32m 0[2mms[22m[39m
[31m     [31m×[31m should unlock more levels for higher ranks[39m[32m 0[2mms[22m[39m
[31m     [31m×[31m should return correct percentage for rank and level[39m[32m 0[2mms[22m[39m
     [32m✓[39m should return 0 for invalid levels[32m 0[2mms[22m[39m
[31m     [31m×[31m should return 0 for locked levels[39m[32m 0[2mms[22m[39m
[31m     [31m×[31m should return valid percentage for unlocked levels[39m[32m 0[2mms[22m[39m
[31m     [31m×[31m should load waterfall config for standard products[39m[32m 0[2mms[22m[39m
[31m     [31m×[31m should cache waterfall config[39m[32m 0[2mms[22m[39m
[31m     [31m×[31m should have valid percentages[39m[32m 0[2mms[22m[39m
[31m     [31m×[31m should have BotMakers at 30%[39m[32m 0[2mms[22m[39m
[31m     [31m×[31m should have Apex at 30%[39m[32m 0[2mms[22m[39m
[31m     [31m×[31m should have bonus pool at 3.5%[39m[32m 0[2mms[22m[39m
[31m     [31m×[31m should have leadership pool at 1.5%[39m[32m 0[2mms[22m[39m
[31m     [31m×[31m should split commission pool 60/40[39m[32m 0[2mms[22m[39m
     [32m✓[39m should return empty config for business center[32m 0[2mms[22m[39m
[31m     [31m×[31m should load business center config[39m[32m 0[2mms[22m[39m
[31m     [31m×[31m should cache business center config[39m[32m 0[2mms[22m[39m
[31m     [31m×[31m should have price of $39[39m[32m 0[2mms[22m[39m
[31m     [31m×[31m should have fixed dollar amounts[39m[32m 0[2mms[22m[39m
[31m     [31m×[31m should have no pools[39m[32m 0[2mms[22m[39m
[31m     [31m×[31m should have 39 fixed credits[39m[32m 0[2mms[22m[39m
[31m     [31m×[31m should add up to total price[39m[32m 0[2mms[22m[39m
     [32m✓[39m should load compensation constants[32m 0[2mms[22m[39m
[31m     [31m×[31m should have override qualification minimum of 50 credits[39m[32m 0[2mms[22m[39m
[31m     [31m×[31m should have rank grace period of 2 months[39m[32m 0[2mms[22m[39m
[31m     [31m×[31m should have new rep rank lock of 6 months[39m[32m 0[2mms[22m[39m
[31m     [31m×[31m should have leadership pool eligible rank as elite[39m[32m 0[2mms[22m[39m
[31m     [31m×[31m should have bonus pool distribution as equal_share[39m[32m 0[2mms[22m[39m
[31m     [31m×[31m should have enroller override rate of 30%[39m[32m 0[2mms[22m[39m
[31m     [31m×[31m should have insurance to tech crosscredit of 0.5%[39m[32m 0[2mms[22m[39m
[31m     [31m×[31m should load commission run config[39m[32m 0[2mms[22m[39m
[31m     [31m×[31m should have promotion delay of 1 month[39m[32m 0[2mms[22m[39m
[31m     [31m×[31m should have rank bonus as one-time only[39m[32m 0[2mms[22m[39m
     [32m✓[39m should clear cache[32m 0[2mms[22m[39m
[31m     [31m×[31m should refresh all configs[39m[32m 0[2mms[22m[39m
     [32m✓[39m should reload after cache clear[32m 0[2mms[22m[39m
     [32m✓[39m should validate configuration[32m 0[2mms[22m[39m
[31m     [31m×[31m should pass validation with hardcoded config[39m[32m 1[2mms[22m[39m
[31m     [31m×[31m should detect missing ranks[39m[32m 0[2mms[22m[39m
[31m     [31m×[31m should detect business center split errors[39m[32m 0[2mms[22m[39m
[31m     [31m×[31m should handle errors gracefully[39m[32m 0[2mms[22m[39m
[31m     [31m×[31m should never throw exceptions[39m[32m 1[2mms[22m[39m
     [32m✓[39m should cache for performance[32m 0[2mms[22m[39m
[31m     [31m×[31m should load all configs quickly[39m[32m 0[2mms[22m[39m
[90mstderr[2m | src/components/admin/compensation/TechRankEditor.test.tsx[2m > [22m[2mTechRankEditor[2m > [22m[2mshould render all 9 ranks
[22m[39mError fetching tech ranks: TypeError: Failed to parse URL from /api/admin/compensation/config
[90m    at node:internal/deps/undici/undici:15445:13[39m
[90m    at processTicksAndRejections (node:internal/process/task_queues:105:5)[39m
    at fetchRanks (C:/dev/1 - Apex Pre-Launch Site/src/components/admin/compensation/TechRankEditor.tsx:120:21) {
  [cause]: TypeError: Invalid URL
  [90m    at new URL (node:internal/url:826:25)[39m
      at new URL$1 [90m(file:///C:/dev/1%20-%20Apex%20Pre-Launch%20Site/[39mnode_modules/[4mvitest[24m/dist/chunks/index.CyBMJtT7.js:556:9[90m)[39m
  [90m    at new Request (node:internal/deps/undici/undici:10150:25)[39m
  [90m    at fetch (node:internal/deps/undici/undici:10920:25)[39m
  [90m    at fetch (node:internal/deps/undici/undici:15443:10)[39m
  [90m    at fetch (node:internal/bootstrap/web/exposed-window-or-worker:83:12)[39m
      at fetchRanks (C:/dev/1 - Apex Pre-Launch Site/src/components/admin/compensation/TechRankEditor.tsx:120:27)
      at C:/dev/1 - Apex Pre-Launch Site/src/components/admin/compensation/TechRankEditor.tsx:149:5
      at Object.react_stack_bottom_frame [90m(C:\dev\1 - Apex Pre-Launch Site\[39mnode_modules\[4mreact-dom[24m\cjs\react-dom-client.development.js:25989:20[90m)[39m
      at runWithFiberInDEV [90m(C:\dev\1 - Apex Pre-Launch Site\[39mnode_modules\[4mreact-dom[24m\cjs\react-dom-client.development.js:874:13[90m)[39m {
    code: [32m'ERR_INVALID_URL'[39m,
    input: [32m'/api/admin/compensation/config'[39m
  }
}
An update to TechRankEditor inside a test was not wrapped in act(...).

When testing, code that causes React state updates should be wrapped into act(...):

act(() => {
  /* fire events that update state */
});
/* assert on the output */

This ensures that you're testing the behavior the user would see in the browser. Learn more at https://react.dev/link/wrap-tests-with-act
An update to TechRankEditor inside a test was not wrapped in act(...).

When testing, code that causes React state updates should be wrapped into act(...):

act(() => {
  /* fire events that update state */
});
/* assert on the output */

This ensures that you're testing the behavior the user would see in the browser. Learn more at https://react.dev/link/wrap-tests-with-act

[90mstderr[2m | src/components/admin/compensation/TechRankEditor.test.tsx[2m > [22m[2mTechRankEditor[2m > [22m[2mshould update rank name when edited
[22m[39mError fetching tech ranks: TypeError: Failed to parse URL from /api/admin/compensation/config
[90m    at node:internal/deps/undici/undici:15445:13[39m
[90m    at processTicksAndRejections (node:internal/process/task_queues:105:5)[39m
    at fetchRanks (C:/dev/1 - Apex Pre-Launch Site/src/components/admin/compensation/TechRankEditor.tsx:120:21) {
  [cause]: TypeError: Invalid URL
  [90m    at new URL (node:internal/url:826:25)[39m
      at new URL$1 [90m(file:///C:/dev/1%20-%20Apex%20Pre-Launch%20Site/[39mnode_modules/[4mvitest[24m/dist/chunks/index.CyBMJtT7.js:556:9[90m)[39m
  [90m    at new Request (node:internal/deps/undici/undici:10150:25)[39m
  [90m    at fetch (node:internal/deps/undici/undici:10920:25)[39m
  [90m    at fetch (node:internal/deps/undici/undici:15443:10)[39m
  [90m    at fetch (node:internal/bootstrap/web/exposed-window-or-worker:83:12)[39m
      at fetchRanks (C:/dev/1 - Apex Pre-Launch Site/src/components/admin/compensation/TechRankEditor.tsx:120:27)
      at C:/dev/1 - Apex Pre-Launch Site/src/components/admin/compensation/TechRankEditor.tsx:149:5
      at Object.react_stack_bottom_frame [90m(C:\dev\1 - Apex Pre-Launch Site\[39mnode_modules\[4mreact-dom[24m\cjs\react-dom-client.development.js:25989:20[90m)[39m
      at runWithFiberInDEV [90m(C:\dev\1 - Apex Pre-Launch Site\[39mnode_modules\[4mreact-dom[24m\cjs\react-dom-client.development.js:874:13[90m)[39m {
    code: [32m'ERR_INVALID_URL'[39m,
    input: [32m'/api/admin/compensation/config'[39m
  }
}
An update to TechRankEditor inside a test was not wrapped in act(...).

When testing, code that causes React state updates should be wrapped into act(...):

act(() => {
  /* fire events that update state */
});
/* assert on the output */

This ensures that you're testing the behavior the user would see in the browser. Learn more at https://react.dev/link/wrap-tests-with-act
An update to TechRankEditor inside a test was not wrapped in act(...).

When testing, code that causes React state updates should be wrapped into act(...):

act(() => {
  /* fire events that update state */
});
/* assert on the output */

This ensures that you're testing the behavior the user would see in the browser. Learn more at https://react.dev/link/wrap-tests-with-act

[90mstderr[2m | src/components/admin/compensation/TechRankEditor.test.tsx[2m > [22m[2mTechRankEditor[2m > [22m[2mshould show save button when changes are made
[22m[39mError fetching tech ranks: TypeError: Failed to parse URL from /api/admin/compensation/config
[90m    at node:internal/deps/undici/undici:15445:13[39m
[90m    at processTicksAndRejections (node:internal/process/task_queues:105:5)[39m
    at fetchRanks (C:/dev/1 - Apex Pre-Launch Site/src/components/admin/compensation/TechRankEditor.tsx:120:21) {
  [cause]: TypeError: Invalid URL
  [90m    at new URL (node:internal/url:826:25)[39m
      at new URL$1 [90m(file:///C:/dev/1%20-%20Apex%20Pre-Launch%20Site/[39mnode_modules/[4mvitest[24m/dist/chunks/index.CyBMJtT7.js:556:9[90m)[39m
  [90m    at new Request (node:internal/deps/undici/undici:10150:25)[39m
  [90m    at fetch (node:internal/deps/undici/undici:10920:25)[39m
  [90m    at fetch (node:internal/deps/undici/undici:15443:10)[39m
  [90m    at fetch (node:internal/bootstrap/web/exposed-window-or-worker:83:12)[39m
      at fetchRanks (C:/dev/1 - Apex Pre-Launch Site/src/components/admin/compensation/TechRankEditor.tsx:120:27)
      at C:/dev/1 - Apex Pre-Launch Site/src/components/admin/compensation/TechRankEditor.tsx:149:5
      at Object.react_stack_bottom_frame [90m(C:\dev\1 - Apex Pre-Launch Site\[39mnode_modules\[4mreact-dom[24m\cjs\react-dom-client.development.js:25989:20[90m)[39m
      at runWithFiberInDEV [90m(C:\dev\1 - Apex Pre-Launch Site\[39mnode_modules\[4mreact-dom[24m\cjs\react-dom-client.development.js:874:13[90m)[39m {
    code: [32m'ERR_INVALID_URL'[39m,
    input: [32m'/api/admin/compensation/config'[39m
  }
}
An update to TechRankEditor inside a test was not wrapped in act(...).

When testing, code that causes React state updates should be wrapped into act(...):

act(() => {
  /* fire events that update state */
});
/* assert on the output */

This ensures that you're testing the behavior the user would see in the browser. Learn more at https://react.dev/link/wrap-tests-with-act
An update to TechRankEditor inside a test was not wrapped in act(...).

When testing, code that causes React state updates should be wrapped into act(...):

act(() => {
  /* fire events that update state */
});
/* assert on the output */

This ensures that you're testing the behavior the user would see in the browser. Learn more at https://react.dev/link/wrap-tests-with-act

[90mstderr[2m | src/components/admin/compensation/TechRankEditor.test.tsx[2m > [22m[2mTechRankEditor[2m > [22m[2mshould handle save button click
[22m[39mError fetching tech ranks: TypeError: Failed to parse URL from /api/admin/compensation/config
[90m    at node:internal/deps/undici/undici:15445:13[39m
[90m    at processTicksAndRejections (node:internal/process/task_queues:105:5)[39m
    at fetchRanks (C:/dev/1 - Apex Pre-Launch Site/src/components/admin/compensation/TechRankEditor.tsx:120:21) {
  [cause]: TypeError: Invalid URL
  [90m    at new URL (node:internal/url:826:25)[39m
      at new URL$1 [90m(file:///C:/dev/1%20-%20Apex%20Pre-Launch%20Site/[39mnode_modules/[4mvitest[24m/dist/chunks/index.CyBMJtT7.js:556:9[90m)[39m
  [90m    at new Request (node:internal/deps/undici/undici:10150:25)[39m
  [90m    at fetch (node:internal/deps/undici/undici:10920:25)[39m
  [90m    at fetch (node:internal/deps/undici/undici:15443:10)[39m
  [90m    at fetch (node:internal/bootstrap/web/exposed-window-or-worker:83:12)[39m
      at fetchRanks (C:/dev/1 - Apex Pre-Launch Site/src/components/admin/compensation/TechRankEditor.tsx:120:27)
      at C:/dev/1 - Apex Pre-Launch Site/src/components/admin/compensation/TechRankEditor.tsx:149:5
      at Object.react_stack_bottom_frame [90m(C:\dev\1 - Apex Pre-Launch Site\[39mnode_modules\[4mreact-dom[24m\cjs\react-dom-client.development.js:25989:20[90m)[39m
      at runWithFiberInDEV [90m(C:\dev\1 - Apex Pre-Launch Site\[39mnode_modules\[4mreact-dom[24m\cjs\react-dom-client.development.js:874:13[90m)[39m {
    code: [32m'ERR_INVALID_URL'[39m,
    input: [32m'/api/admin/compensation/config'[39m
  }
}
An update to TechRankEditor inside a test was not wrapped in act(...).

When testing, code that causes React state updates should be wrapped into act(...):

act(() => {
  /* fire events that update state */
});
/* assert on the output */

This ensures that you're testing the behavior the user would see in the browser. Learn more at https://react.dev/link/wrap-tests-with-act
An update to TechRankEditor inside a test was not wrapped in act(...).

When testing, code that causes React state updates should be wrapped into act(...):

act(() => {
  /* fire events that update state */
});
/* assert on the output */

This ensures that you're testing the behavior the user would see in the browser. Learn more at https://react.dev/link/wrap-tests-with-act

 [31m❯[39m src/components/admin/compensation/TechRankEditor.test.tsx [2m([22m[2m5 tests[22m[2m | [22m[31m5 failed[39m[2m)[22m[32m 60[2mms[22m[39m
[31m     [31m×[31m should render page title[39m[32m 33[2mms[22m[39m
[31m     [31m×[31m should render all 9 ranks[39m[32m 7[2mms[22m[39m
[31m     [31m×[31m should update rank name when edited[39m[32m 6[2mms[22m[39m
[31m     [31m×[31m should show save button when changes are made[39m[32m 6[2mms[22m[39m
[31m     [31m×[31m should handle save button click[39m[32m 5[2mms[22m[39m
[90mstderr[2m | tests/unit/api-team.test.ts[2m > [22m[2mTeam API Tests[2m > [22m[2mRLS Policies[2m > [22m[2mshould block unauthorized access to team data
[22m[39mGoTrueClient@sb-brejvdvzwshroxkkhmzy-auth-token:3 (2.95.3) 2026-03-19T01:27:54.041Z Multiple GoTrueClient instances detected in the same browser context. It is not an error, but this should be avoided as it may produce undefined behavior when used concurrently under the same storage key.

[90mstderr[2m | tests/unit/api-team.test.ts[2m > [22m[2mTeam API Tests[2m > [22m[2mRLS Policies[2m > [22m[2mshould allow user to view their own member record
[22m[39mGoTrueClient@sb-brejvdvzwshroxkkhmzy-auth-token:4 (2.95.3) 2026-03-19T01:27:54.206Z Multiple GoTrueClient instances detected in the same browser context. It is not an error, but this should be avoided as it may produce undefined behavior when used concurrently under the same storage key.

 [31m❯[39m tests/unit/api/webhooks/agentpulse.test.ts [2m([22m[2m0 test[22m[2m)[22m
 [31m❯[39m tests/unit/lib/compensation/override-resolution.test.ts [2m([22m[2m22 tests[22m[2m | [22m[31m16 failed[39m[2m)[22m[32m 22[2mms[22m[39m
[31m       [31m×[31m should pay override when member has 50+ personal credits[39m[32m 4[2mms[22m[39m
[31m       [31m×[31m should NOT pay override when member has <50 personal credits[39m[32m 2[2mms[22m[39m
[31m       [31m×[31m should reject override for member with exactly 49 credits[39m[32m 2[2mms[22m[39m
[31m       [31m×[31m should ALWAYS pay L1 (30%) to enroller regardless of matrix position[39m[32m 1[2mms[22m[39m
[31m       [31m×[31m should pay L1 to enroller even if they are Starter rank[39m[32m 1[2mms[22m[39m
[31m       [31m×[31m should pay L1 to enroller even if they are in L5 matrix position[39m[32m 1[2mms[22m[39m
[31m       [31m×[31m should pay Bronze L1 (30%) and L2 (5%)[39m[32m 1[2mms[22m[39m
[31m       [31m×[31m should pay Silver L1 (30%), L2 (10%), L3 (5%)[39m[32m 1[2mms[22m[39m
[31m       [31m×[31m should pay Elite all 5 levels (30%, 25%, 20%, 15%, 10%)[39m[32m 1[2mms[22m[39m
[31m       [31m×[31m should NOT pay levels beyond rank unlock[39m[32m 1[2mms[22m[39m
[31m       [31m×[31m should pay $8 flat to enroller (sponsor)[39m[32m 1[2mms[22m[39m
       [32m✓[39m should pay $0 to non-enroller (no override pool for BC)[32m 0[2mms[22m[39m
[31m       [31m×[31m should calculate overrides for all upline members[39m[32m 1[2mms[22m[39m
[31m       [31m×[31m should skip unqualified members (below 50 credits)[39m[32m 1[2mms[22m[39m
       [32m✓[39m should sum all override amounts[32m 0[2mms[22m[39m
[31m       [31m×[31m should validate override total does not exceed pool[39m[32m 2[2mms[22m[39m
[31m       [31m×[31m should detect when override total exceeds pool[39m[32m 1[2mms[22m[39m
       [32m✓[39m should validate Business Center correctly[32m 0[2mms[22m[39m
       [32m✓[39m should format qualified override result[32m 0[2mms[22m[39m
       [32m✓[39m should format unqualified override result[32m 0[2mms[22m[39m
       [32m✓[39m should handle invalid matrix level[32m 0[2mms[22m[39m
[31m       [31m×[31m should handle member with exactly 50 credits[39m[32m 1[2mms[22m[39m
[90mstderr[2m | tests/unit/api/admin/compensation/config.test.ts[2m > [22m[2mCompensation Config API[2m > [22m[2mGET /api/admin/compensation/config[2m > [22m[2mshould handle database errors gracefully
[22m[39m[Config GET] SaaS config error: { message: [32m'Database error'[39m }

 [32m✓[39m tests/unit/api/admin/compensation/config.test.ts [2m([22m[2m12 tests[22m[2m)[22m[32m 256[2mms[22m[39m
[90mstderr[2m | src/components/training/VideoPlayer.test.tsx[2m > [22m[2mVideoPlayer[2m > [22m[2mHappy Path[2m > [22m[2mshould render video player with playlist
[22m[39mReceived `true` for a non-boolean attribute `jsx`.

If you want to write it to the DOM, pass a string instead: jsx="true" or jsx={value.toString()}.
Received `true` for a non-boolean attribute `global`.

If you want to write it to the DOM, pass a string instead: global="true" or global={value.toString()}.

[90mstderr[2m | src/components/training/VideoPlayer.test.tsx[2m > [22m[2mVideoPlayer[2m > [22m[2mHappy Path[2m > [22m[2mshould call onVideoChange callback when provided
[22m[39mAn update to VideoPlayer inside a test was not wrapped in act(...).

When testing, code that causes React state updates should be wrapped into act(...):

act(() => {
  /* fire events that update state */
});
/* assert on the output */

This ensures that you're testing the behavior the user would see in the browser. Learn more at https://react.dev/link/wrap-tests-with-act

[90mstdout[2m | tests/unit/api-matrix.test.ts[2m > [22m[2mReal Data Verification: Charles and Brian[2m > [22m[2mshould find Charles Potter in database
[22m[39mCharles Potter found: {
  id: [32m'712a4dbf-7397-4fe6-8fcf-8a9a51172858'[39m,
  email: [32m'fyifromcharles@gmail.com'[39m,
  rep_number: [33m491[39m
}

[90mstderr[2m | src/components/training/VideoPlayer.test.tsx[2m > [22m[2mVideoPlayer[2m > [22m[2mError Cases[2m > [22m[2mshould display playback error when Video.js reports error
[22m[39mAn update to VideoPlayer inside a test was not wrapped in act(...).

When testing, code that causes React state updates should be wrapped into act(...):

act(() => {
  /* fire events that update state */
});
/* assert on the output */

This ensures that you're testing the behavior the user would see in the browser. Learn more at https://react.dev/link/wrap-tests-with-act

 [32m✓[39m src/components/training/VideoPlayer.test.tsx [2m([22m[2m14 tests[22m[2m)[22m[33m 340[2mms[22m[39m
 [31m❯[39m tests/unit/api-team.test.ts [2m([22m[2m32 tests[22m[2m | [22m[31m3 failed[39m[2m)[22m[33m 8159[2mms[22m[39m
       [33m[2m✓[22m[39m should fetch team members with correct schema [32m 300[2mms[22m[39m
       [32m✓[39m should fetch team members with distributor join[32m 137[2mms[22m[39m
       [32m✓[39m should include personal enrollee count field[32m 263[2mms[22m[39m
       [32m✓[39m should fetch L1 direct enrollees only[32m 257[2mms[22m[39m
       [32m✓[39m should order by enrollment date descending[32m 210[2mms[22m[39m
       [32m✓[39m should include active status flag[32m 120[2mms[22m[39m
       [32m✓[39m should count total personal enrollees[32m 141[2mms[22m[39m
       [32m✓[39m should count active members (50+ credits)[32m 126[2mms[22m[39m
       [33m[2m✓[22m[39m should sum total team credits [33m 371[2mms[22m[39m
[31m       [31m×[31m should fetch L1 override earnings[39m[32m 159[2mms[22m[39m
       [32m✓[39m should filter by rank[32m 297[2mms[22m[39m
       [32m✓[39m should filter by active status[32m 143[2mms[22m[39m
       [32m✓[39m should filter by inactive status[32m 128[2mms[22m[39m
       [32m✓[39m should sort by name ascending[32m 163[2mms[22m[39m
       [32m✓[39m should sort by credits descending[32m 172[2mms[22m[39m
       [32m✓[39m should sort by enrollment date[32m 192[2mms[22m[39m
       [32m✓[39m should limit results to page size[32m 130[2mms[22m[39m
       [33m[2m✓[22m[39m should support offset pagination [33m 370[2mms[22m[39m
       [32m✓[39m should get accurate total count[32m 131[2mms[22m[39m
       [32m✓[39m should allow user to view their team members[32m 143[2mms[22m[39m
[31m       [31m×[31m should block unauthorized access to team data[39m[32m 166[2mms[22m[39m
       [32m✓[39m should allow user to view their own member record[32m 163[2mms[22m[39m
       [33m[2m✓[22m[39m should fetch team list within reasonable time [33m 423[2mms[22m[39m
       [32m✓[39m should handle large team sizes efficiently[32m 137[2mms[22m[39m
       [33m[2m✓[22m[39m should handle user with no team members [33m 933[2mms[22m[39m
       [33m[2m✓[22m[39m should handle missing distributor join gracefully [33m 359[2mms[22m[39m
[31m       [31m×[31m should handle invalid member_id in filters[39m[32m 150[2mms[22m[39m
       [32m✓[39m should have valid rank values[32m 145[2mms[22m[39m
       [32m✓[39m should have non-negative credit values[32m 121[2mms[22m[39m
       [32m✓[39m should have valid email addresses[32m 120[2mms[22m[39m
       [32m✓[39m should have valid enrollment dates[32m 128[2mms[22m[39m
       [32m✓[39m should have consistent rep numbers[32m 118[2mms[22m[39m
[90mstdout[2m | tests/unit/api-matrix.test.ts[2m > [22m[2mReal Data Verification: Charles and Brian[2m > [22m[2mshould find Brian and verify relationship with Charles in members table
[22m[39mMembers relationship: {
  charles: {
    member_id: [32m'ff41307d-2641-45bb-84c7-ee5022a7b869'[39m,
    full_name: [32m'Charles Potter'[39m
  },
  brian: {
    member_id: [32m'2ca889e6-0015-4100-ae08-043903926ee4'[39m,
    full_name: [32m'Brian Rawlston'[39m,
    enroller_id: [32m'ff41307d-2641-45bb-84c7-ee5022a7b869'[39m
  }
}
✓ Brian is enrolled by Charles (enroller_id matches)

[90mstdout[2m | tests/unit/api-matrix.test.ts[2m > [22m[2mReal Data Verification: Charles and Brian[2m > [22m[2mshould query all reps enrolled by Charles in members table
[22m[39mCharles has 3 direct enrollees (Level 1 in Matrix):
  1. Sella Daniel (Rank: starter, Credits: 0)
  2. Donna Potter (Rank: starter, Credits: 0)
  3. Brian Rawlston (Rank: starter, Credits: 0)

 [32m✓[39m tests/unit/api-matrix.test.ts [2m([22m[2m25 tests[22m[2m | [22m[33m9 skipped[39m[2m)[22m[33m 1104[2mms[22m[39m
     [33m[2m✓[22m[39m should query all reps enrolled by Charles in members table [33m 342[2mms[22m[39m
 [32m✓[39m tests/unit/autopilot-schema.test.ts [2m([22m[2m12 tests[22m[2m)[22m[33m 2387[2mms[22m[39m
 [32m✓[39m src/components/dashboard/QuickActions.test.tsx [2m([22m[2m5 tests[22m[2m)[22m[33m 310[2mms[22m[39m
 [32m✓[39m tests/unit/supabase.test.ts [2m([22m[2m4 tests[22m[2m)[22m[32m 148[2mms[22m[39m
[90mstderr[2m | tests/unit/api/webhooks/jordyn.test.ts[2m > [22m[2mWebhook Helper Functions[2m > [22m[2mverifyWebhookSignature[2m > [22m[2mshould reject invalid signature
[22m[39mSignature verification error: RangeError: Input buffers must have the same byte length
    at verifyWebhookSignature (C:/dev/1 - Apex Pre-Launch Site/src/lib/integrations/webhooks/helpers.ts:80:19)
    at C:/dev/1 - Apex Pre-Launch Site/tests/unit/api/webhooks/jordyn.test.ts:81:22
[90m    at processTicksAndRejections (node:internal/process/task_queues:105:5)[39m
    at [90mfile:///C:/dev/1%20-%20Apex%20Pre-Launch%20Site/[39mnode_modules/[4m@vitest/runner[24m/dist/index.js:915:20 {
  code: [32m'ERR_CRYPTO_TIMING_SAFE_EQUAL_LENGTH'[39m
}

 [32m✓[39m tests/unit/api/webhooks/jordyn.test.ts [2m([22m[2m6 tests[22m[2m)[22m[32m 182[2mms[22m[39m
[90mstderr[2m | src/components/admin/compensation/VersionHistory.test.tsx[2m > [22m[2mVersionHistory[2m > [22m[2mshould handle fetch errors gracefully
[22m[39mError fetching version history: Error: Network error
    at C:/dev/1 - Apex Pre-Launch Site/src/components/admin/compensation/VersionHistory.test.tsx:129:49
    at [90mfile:///C:/dev/1%20-%20Apex%20Pre-Launch%20Site/[39mnode_modules/[4m@vitest/runner[24m/dist/index.js:145:11
    at [90mfile:///C:/dev/1%20-%20Apex%20Pre-Launch%20Site/[39mnode_modules/[4m@vitest/runner[24m/dist/index.js:915:26
    at [90mfile:///C:/dev/1%20-%20Apex%20Pre-Launch%20Site/[39mnode_modules/[4m@vitest/runner[24m/dist/index.js:1243:20
    at new Promise (<anonymous>)
    at runWithTimeout [90m(file:///C:/dev/1%20-%20Apex%20Pre-Launch%20Site/[39mnode_modules/[4m@vitest/runner[24m/dist/index.js:1209:10[90m)[39m
    at [90mfile:///C:/dev/1%20-%20Apex%20Pre-Launch%20Site/[39mnode_modules/[4m@vitest/runner[24m/dist/index.js:1653:37
    at Traces.$ [90m(file:///C:/dev/1%20-%20Apex%20Pre-Launch%20Site/[39mnode_modules/[4mvitest[24m/dist/chunks/traces.CCmnQaNT.js:142:27[90m)[39m
    at trace [90m(file:///C:/dev/1%20-%20Apex%20Pre-Launch%20Site/[39mnode_modules/[4mvitest[24m/dist/chunks/test.B8ej_ZHS.js:239:21[90m)[39m
    at runTest [90m(file:///C:/dev/1%20-%20Apex%20Pre-Launch%20Site/[39mnode_modules/[4m@vitest/runner[24m/dist/index.js:1653:12[90m)[39m

 [32m✓[39m src/components/admin/compensation/VersionHistory.test.tsx [2m([22m[2m8 tests[22m[2m)[22m[33m 963[2mms[22m[39m
 [32m✓[39m src/components/dashboard/CompensationStatsWidget.test.tsx [2m([22m[2m7 tests[22m[2m)[22m[33m 590[2mms[22m[39m
 [32m✓[39m tests/unit/email-variables.test.ts [2m([22m[2m22 tests[22m[2m)[22m[32m 27[2mms[22m[39m
 [32m✓[39m tests/unit/lib/validation/profile-schemas.test.ts [2m([22m[2m48 tests[22m[2m)[22m[32m 61[2mms[22m[39m
[90mstderr[2m | tests/unit/api/profile/comprehensive.test.ts[2m > [22m[2mPUT /api/profile/comprehensive[2m > [22m[2mshould return 404 if distributor not found
[22m[39mFailed to fetch distributor: Error: Not found
    at C:/dev/1 - Apex Pre-Launch Site/tests/unit/api/profile/comprehensive.test.ts:148:58
    at [90mfile:///C:/dev/1%20-%20Apex%20Pre-Launch%20Site/[39mnode_modules/[4m@vitest/runner[24m/dist/index.js:145:11
    at [90mfile:///C:/dev/1%20-%20Apex%20Pre-Launch%20Site/[39mnode_modules/[4m@vitest/runner[24m/dist/index.js:915:26
    at [90mfile:///C:/dev/1%20-%20Apex%20Pre-Launch%20Site/[39mnode_modules/[4m@vitest/runner[24m/dist/index.js:1243:20
    at new Promise (<anonymous>)
    at runWithTimeout [90m(file:///C:/dev/1%20-%20Apex%20Pre-Launch%20Site/[39mnode_modules/[4m@vitest/runner[24m/dist/index.js:1209:10[90m)[39m
    at [90mfile:///C:/dev/1%20-%20Apex%20Pre-Launch%20Site/[39mnode_modules/[4m@vitest/runner[24m/dist/index.js:1653:37
    at Traces.$ [90m(file:///C:/dev/1%20-%20Apex%20Pre-Launch%20Site/[39mnode_modules/[4mvitest[24m/dist/chunks/traces.CCmnQaNT.js:142:27[90m)[39m
    at trace [90m(file:///C:/dev/1%20-%20Apex%20Pre-Launch%20Site/[39mnode_modules/[4mvitest[24m/dist/chunks/test.B8ej_ZHS.js:239:21[90m)[39m
    at runTest [90m(file:///C:/dev/1%20-%20Apex%20Pre-Launch%20Site/[39mnode_modules/[4m@vitest/runner[24m/dist/index.js:1653:12[90m)[39m

 [32m✓[39m tests/unit/profile-settings.test.ts [2m([22m[2m35 tests[22m[2m)[22m[32m 21[2mms[22m[39m
[90mstderr[2m | tests/unit/api/profile/comprehensive.test.ts[2m > [22m[2mGET /api/profile/comprehensive[2m > [22m[2mshould return 404 if distributor not found
[22m[39mFailed to fetch distributor: Error: Not found
    at C:/dev/1 - Apex Pre-Launch Site/tests/unit/api/profile/comprehensive.test.ts:579:58
    at [90mfile:///C:/dev/1%20-%20Apex%20Pre-Launch%20Site/[39mnode_modules/[4m@vitest/runner[24m/dist/index.js:145:11
    at [90mfile:///C:/dev/1%20-%20Apex%20Pre-Launch%20Site/[39mnode_modules/[4m@vitest/runner[24m/dist/index.js:915:26
    at [90mfile:///C:/dev/1%20-%20Apex%20Pre-Launch%20Site/[39mnode_modules/[4m@vitest/runner[24m/dist/index.js:1243:20
    at new Promise (<anonymous>)
    at runWithTimeout [90m(file:///C:/dev/1%20-%20Apex%20Pre-Launch%20Site/[39mnode_modules/[4m@vitest/runner[24m/dist/index.js:1209:10[90m)[39m
    at [90mfile:///C:/dev/1%20-%20Apex%20Pre-Launch%20Site/[39mnode_modules/[4m@vitest/runner[24m/dist/index.js:1653:37
    at Traces.$ [90m(file:///C:/dev/1%20-%20Apex%20Pre-Launch%20Site/[39mnode_modules/[4mvitest[24m/dist/chunks/traces.CCmnQaNT.js:142:27[90m)[39m
    at trace [90m(file:///C:/dev/1%20-%20Apex%20Pre-Launch%20Site/[39mnode_modules/[4mvitest[24m/dist/chunks/test.B8ej_ZHS.js:239:21[90m)[39m
    at runTest [90m(file:///C:/dev/1%20-%20Apex%20Pre-Launch%20Site/[39mnode_modules/[4m@vitest/runner[24m/dist/index.js:1653:12[90m)[39m

 [32m✓[39m tests/unit/api/profile/comprehensive.test.ts [2m([22m[2m13 tests[22m[2m)[22m[32m 35[2mms[22m[39m
 [32m✓[39m tests/unit/components/team/team-page-integration.test.ts [2m([22m[2m19 tests[22m[2m)[22m[32m 27[2mms[22m[39m
 [32m✓[39m tests/unit/api/webhooks/integrations/route.test.ts [2m([22m[2m8 tests[22m[2m)[22m[32m 17[2mms[22m[39m
[90mstderr[2m | tests/unit/lib/utils/ssn.test.ts[2m > [22m[2mSSN Encryption/Decryption[2m > [22m[2mshould fail to decrypt with tampered data
[22m[39mSSN decryption error: Error: Unsupported state or unable to authenticate data
[90m    at Decipheriv.final (node:internal/crypto/cipher:170:29)[39m
    at decryptSSN (C:/dev/1 - Apex Pre-Launch Site/src/lib/utils/ssn.ts:166:27)
    at C:/dev/1 - Apex Pre-Launch Site/tests/unit/lib/utils/ssn.test.ts:165:23
    at [90mfile:///C:/dev/1%20-%20Apex%20Pre-Launch%20Site/[39mnode_modules/[4m@vitest/runner[24m/dist/index.js:145:11
    at [90mfile:///C:/dev/1%20-%20Apex%20Pre-Launch%20Site/[39mnode_modules/[4m@vitest/runner[24m/dist/index.js:915:26
    at [90mfile:///C:/dev/1%20-%20Apex%20Pre-Launch%20Site/[39mnode_modules/[4m@vitest/runner[24m/dist/index.js:1243:20
    at new Promise (<anonymous>)
    at runWithTimeout [90m(file:///C:/dev/1%20-%20Apex%20Pre-Launch%20Site/[39mnode_modules/[4m@vitest/runner[24m/dist/index.js:1209:10[90m)[39m
    at [90mfile:///C:/dev/1%20-%20Apex%20Pre-Launch%20Site/[39mnode_modules/[4m@vitest/runner[24m/dist/index.js:1653:37
    at Traces.$ [90m(file:///C:/dev/1%20-%20Apex%20Pre-Launch%20Site/[39mnode_modules/[4mvitest[24m/dist/chunks/traces.CCmnQaNT.js:142:27[90m)[39m

[90mstderr[2m | tests/unit/lib/utils/ssn.test.ts[2m > [22m[2mSSN Encryption/Decryption[2m > [22m[2mshould handle decryption errors gracefully
[22m[39mSSN decryption error: Error: Invalid encrypted format
    at decryptSSN (C:/dev/1 - Apex Pre-Launch Site/src/lib/utils/ssn.ts:149:13)
    at C:/dev/1 - Apex Pre-Launch Site/tests/unit/lib/utils/ssn.test.ts:170:23
    at [90mfile:///C:/dev/1%20-%20Apex%20Pre-Launch%20Site/[39mnode_modules/[4m@vitest/runner[24m/dist/index.js:145:11
    at [90mfile:///C:/dev/1%20-%20Apex%20Pre-Launch%20Site/[39mnode_modules/[4m@vitest/runner[24m/dist/index.js:915:26
    at [90mfile:///C:/dev/1%20-%20Apex%20Pre-Launch%20Site/[39mnode_modules/[4m@vitest/runner[24m/dist/index.js:1243:20
    at new Promise (<anonymous>)
    at runWithTimeout [90m(file:///C:/dev/1%20-%20Apex%20Pre-Launch%20Site/[39mnode_modules/[4m@vitest/runner[24m/dist/index.js:1209:10[90m)[39m
    at [90mfile:///C:/dev/1%20-%20Apex%20Pre-Launch%20Site/[39mnode_modules/[4m@vitest/runner[24m/dist/index.js:1653:37
    at Traces.$ [90m(file:///C:/dev/1%20-%20Apex%20Pre-Launch%20Site/[39mnode_modules/[4mvitest[24m/dist/chunks/traces.CCmnQaNT.js:142:27[90m)[39m
    at trace [90m(file:///C:/dev/1%20-%20Apex%20Pre-Launch%20Site/[39mnode_modules/[4mvitest[24m/dist/chunks/test.B8ej_ZHS.js:239:21[90m)[39m

 [32m✓[39m tests/unit/lib/utils/ssn.test.ts [2m([22m[2m30 tests[22m[2m)[22m[32m 15[2mms[22m[39m
 [32m✓[39m tests/unit/lib/validations/signup.test.ts [2m([22m[2m37 tests[22m[2m)[22m[32m 19[2mms[22m[39m
 [31m❯[39m tests/unit/lib/compensation/bonus-programs.test.ts [2m([22m[2m34 tests[22m[2m | [22m[31m8 failed[39m[2m)[22m[32m 14[2mms[22m[39m
[31m       [31m×[31m should pay Bronze bonus ($250) on first Bronze promotion[39m[32m 4[2mms[22m[39m
[31m       [31m×[31m should pay Silver bonus ($1,000) on first Silver promotion[39m[32m 0[2mms[22m[39m
[31m       [31m×[31m should pay Elite bonus ($30,000) on first Elite promotion[39m[32m 0[2mms[22m[39m
[31m       [31m×[31m should NOT pay bonus if not override qualified (<50 credits)[39m[32m 3[2mms[22m[39m
[31m       [31m×[31m should NOT pay bonus on re-qualification (already achieved rank)[39m[32m 0[2mms[22m[39m
[31m       [31m×[31m should NOT pay bonus when re-promoted to previously achieved rank[39m[32m 0[2mms[22m[39m
[31m       [31m×[31m should pay bonus when skipping ranks[39m[32m 0[2mms[22m[39m
[31m       [31m×[31m should NOT pay bonus for Starter rank[39m[32m 0[2mms[22m[39m
       [32m✓[39m should divide pool equally among qualified members[32m 1[2mms[22m[39m
       [32m✓[39m should handle uneven division with floor rounding[32m 0[2mms[22m[39m
       [32m✓[39m should return empty array if no qualified members[32m 0[2mms[22m[39m
       [32m✓[39m should handle single qualified member (gets entire pool)[32m 0[2mms[22m[39m
       [32m✓[39m should handle large number of qualified members[32m 0[2mms[22m[39m
       [32m✓[39m should divide pool proportionally based on production points[32m 0[2mms[22m[39m
       [32m✓[39m should handle unequal production distribution[32m 0[2mms[22m[39m
       [32m✓[39m should exclude non-qualified Elite members (<50 credits)[32m 0[2mms[22m[39m
       [32m✓[39m should return empty array if no qualified Elite members[32m 0[2mms[22m[39m
       [32m✓[39m should return empty array if total production is zero[32m 0[2mms[22m[39m
       [32m✓[39m should include personal and team credits in calculation[32m 0[2mms[22m[39m
       [32m✓[39m should validate bonus pool distribution[32m 0[2mms[22m[39m
       [32m✓[39m should detect when bonus pool payouts exceed pool[32m 0[2mms[22m[39m
       [32m✓[39m should validate leadership pool distribution[32m 0[2mms[22m[39m
       [32m✓[39m should detect when leadership pool payouts exceed pool[32m 0[2mms[22m[39m
       [32m✓[39m should calculate total rank bonuses[32m 0[2mms[22m[39m
       [32m✓[39m should calculate total bonus pool payouts[32m 0[2mms[22m[39m
       [32m✓[39m should calculate total leadership pool payouts[32m 0[2mms[22m[39m
       [32m✓[39m should format bonus pool share[32m 0[2mms[22m[39m
       [32m✓[39m should format leadership pool share[32m 0[2mms[22m[39m
       [32m✓[39m should handle very small bonus pool amounts[32m 0[2mms[22m[39m
       [32m✓[39m should handle very large bonus pool amounts[32m 0[2mms[22m[39m
       [32m✓[39m should handle Elite member with only personal credits (no team)[32m 0[2mms[22m[39m
       [32m✓[39m should handle Elite member with only team credits (no personal, but qualified)[32m 0[2mms[22m[39m
       [32m✓[39m should handle realistic bonus pool scenario[32m 0[2mms[22m[39m
       [32m✓[39m should handle realistic leadership pool scenario[32m 0[2mms[22m[39m
 [31m❯[39m tests/unit/lib/compensation/rank.test.ts [2m([22m[2m23 tests[22m[2m | [22m[31m23 failed[39m[2m)[22m[32m 16[2mms[22m[39m
[31m       [31m×[31m should promote Starter to Bronze with 150 personal and 300 group credits[39m[32m 5[2mms[22m[39m
[31m       [31m×[31m should promote Bronze to Silver with sufficient credits[39m[32m 1[2mms[22m[39m
[31m       [31m×[31m should NOT promote to Gold without downline requirements[39m[32m 1[2mms[22m[39m
[31m       [31m×[31m should promote to Gold with 2 Bronze downline members[39m[32m 0[2mms[22m[39m
[31m       [31m×[31m should apply grace period before demotion (month 1)[39m[32m 0[2mms[22m[39m
[31m       [31m×[31m should demote after 2 months grace period expires[39m[32m 0[2mms[22m[39m
[31m       [31m×[31m should demote after grace period expires (month 3)[39m[32m 0[2mms[22m[39m
[31m       [31m×[31m should NOT demote if rank is locked (new rep protection)[39m[32m 1[2mms[22m[39m
[31m       [31m×[31m should maintain rank when requirements are met[39m[32m 0[2mms[22m[39m
[31m       [31m×[31m should return lock date if rank achieved within first 6 months[39m[32m 0[2mms[22m[39m
[31m       [31m×[31m should return null if rank achieved after 6 months[39m[32m 0[2mms[22m[39m
[31m       [31m×[31m should lock for exactly 6 months from rank achievement[39m[32m 0[2mms[22m[39m
[31m       [31m×[31m should pay bonus when promoted to new highest rank[39m[32m 0[2mms[22m[39m
[31m       [31m×[31m should NOT pay bonus when re-qualifying for same rank[39m[32m 0[2mms[22m[39m
[31m       [31m×[31m should NOT pay bonus when promoted to previously achieved rank[39m[32m 0[2mms[22m[39m
[31m       [31m×[31m should pay bonus when skipping ranks[39m[32m 1[2mms[22m[39m
[31m       [31m×[31m should return correct bonus amounts for each rank[39m[32m 1[2mms[22m[39m
[31m       [31m×[31m should accumulate to $93,750 total from Starter to Elite[39m[32m 0[2mms[22m[39m
[31m       [31m×[31m should handle member with no credits[39m[32m 0[2mms[22m[39m
[31m       [31m×[31m should handle Elite member with sufficient production[39m[32m 1[2mms[22m[39m
[31m       [31m×[31m should only count personally sponsored members for downline requirements[39m[32m 0[2mms[22m[39m
[31m       [31m×[31m should handle Diamond OR requirements (3 Gold OR 2 Platinum)[39m[32m 0[2mms[22m[39m
[31m       [31m×[31m should handle Elite OR requirements (3 Platinum OR 2 Diamond)[39m[32m 0[2mms[22m[39m
 [32m✓[39m tests/unit/lib/autopilot/lead-scoring.test.ts [2m([22m[2m5 tests[22m[2m)[22m[32m 3[2mms[22m[39m
 [32m✓[39m tests/unit/lib/integrations/webhooks/verify-signature.test.ts [2m([22m[2m16 tests[22m[2m)[22m[32m 11[2mms[22m[39m
 [32m✓[39m tests/unit/api/autopilot/team-training.test.ts [2m([22m[2m19 tests[22m[2m)[22m[32m 7[2mms[22m[39m
 [32m✓[39m tests/unit/autopilot-subscription.test.ts [2m([22m[2m18 tests[22m[2m)[22m[32m 4[2mms[22m[39m
 [32m✓[39m tests/unit/types/external-integrations.test.ts [2m([22m[2m13 tests[22m[2m)[22m[32m 8[2mms[22m[39m
 [32m✓[39m tests/unit/social-share.test.ts [2m([22m[2m3 tests[22m[2m)[22m[32m 4[2mms[22m[39m
 [32m✓[39m tests/unit/api/autopilot/team-broadcasts.test.ts [2m([22m[2m16 tests[22m[2m)[22m[32m 4[2mms[22m[39m
 [32m✓[39m tests/unit/training-page.test.ts [2m([22m[2m2 tests[22m[2m)[22m[32m 5[2mms[22m[39m
 [32m✓[39m tests/unit/user-sync.test.ts [2m([22m[2m19 tests[22m[2m)[22m[32m 4[2mms[22m[39m
 [32m✓[39m tests/unit/api/autopilot/downline-activity.test.ts [2m([22m[2m14 tests[22m[2m)[22m[32m 5[2mms[22m[39m
 [32m✓[39m tests/unit/types.test.ts [2m([22m[2m3 tests[22m[2m)[22m[32m 164[2mms[22m[39m
 [32m✓[39m tests/unit/lib/auth/admin.test.ts [2m([22m[2m4 tests[22m[2m)[22m[32m 6[2mms[22m[39m

[31m⎯⎯⎯⎯⎯⎯[39m[1m[41m Failed Suites 2 [49m[22m[31m⎯⎯⎯⎯⎯⎯⎯[39m

[41m[1m FAIL [22m[49m tests/unit/autopilot-invitations.test.ts[2m > [22mAutopilot Meeting Invitations
[31m[1mTypeError[22m: Cannot read properties of null (reading 'id')[39m
[36m [2m❯[22m tests/unit/autopilot-invitations.test.ts:[2m37:38[22m[39m
    [90m 35| [39m      [33m.[39m[34msingle[39m()[33m;[39m
    [90m 36| [39m
    [90m 37| [39m    testDistributorId [33m=[39m distributor[33m![39m[33m.[39mid[33m;[39m
    [90m   | [39m                                     [31m^[39m
    [90m 38| [39m
    [90m 39| [39m    [90m// Create autopilot subscription (FREE tier)[39m

[31m[2m⎯⎯⎯⎯⎯⎯⎯⎯⎯⎯⎯⎯⎯⎯⎯⎯⎯⎯⎯⎯⎯⎯[1/151]⎯[22m[39m

[41m[1m FAIL [22m[49m tests/unit/api/webhooks/agentpulse.test.ts[2m [ tests/unit/api/webhooks/agentpulse.test.ts ][22m
[31m[1mError[22m: Failed to resolve import "../../../src/lib/integrations/webhooks/helpers" from "tests/unit/api/webhooks/agentpulse.test.ts". Does the file exist?[39m
  Plugin: [35mvite:import-analysis[39m
  File: [36mC:/dev/1 - Apex Pre-Launch Site/tests/unit/api/webhooks/agentpulse.test.ts[39m:84:56
[33m  52 |      const signature = hmac.digest("hex");
  53 |      const header = `t=${timestamp},v1=${signature}`;
  54 |      const { verifyStripeStyleSignature } = await import("../../../src/lib/integrations/webhooks/helpers");
     |                                                          ^
  55 |      const result = verifyStripeStyleSignature(body, header, secret, 300);
  56 |      expect(result).toBe(true);[39m
[90m [2m❯[22m TransformPluginContext._formatLog ../1%20-%20Apex%20Pre-Launch%20Site/node_modules/vite/dist/node/chunks/config.js:[2m28999:43[22m[39m
[90m [2m❯[22m TransformPluginContext.error ../1%20-%20Apex%20Pre-Launch%20Site/node_modules/vite/dist/node/chunks/config.js:[2m28996:14[22m[39m
[90m [2m❯[22m normalizeUrl ../1%20-%20Apex%20Pre-Launch%20Site/node_modules/vite/dist/node/chunks/config.js:[2m27119:18[22m[39m
[90m [2m❯[22m ../1%20-%20Apex%20Pre-Launch%20Site/node_modules/vite/dist/node/chunks/config.js:[2m27177:32[22m[39m
[90m [2m❯[22m TransformPluginContext.transform ../1%20-%20Apex%20Pre-Launch%20Site/node_modules/vite/dist/node/chunks/config.js:[2m27145:4[22m[39m
[90m [2m❯[22m EnvironmentPluginContainer.transform ../1%20-%20Apex%20Pre-Launch%20Site/node_modules/vite/dist/node/chunks/config.js:[2m28797:14[22m[39m
[90m [2m❯[22m loadAndTransform ../1%20-%20Apex%20Pre-Launch%20Site/node_modules/vite/dist/node/chunks/config.js:[2m22670:26[22m[39m

[31m[2m⎯⎯⎯⎯⎯⎯⎯⎯⎯⎯⎯⎯⎯⎯⎯⎯⎯⎯⎯⎯⎯⎯[2/151]⎯[22m[39m


[31m⎯⎯⎯⎯⎯⎯[39m[1m[41m Failed Tests 149 [49m[22m[31m⎯⎯⎯⎯⎯⎯[39m

[41m[1m FAIL [22m[49m tests/unit/api-genealogy.test.ts[2m > [22mGenealogy API Tests[2m > [22mRLS Policies[2m > [22mshould block unauthorized users from viewing genealogy
[31m[1mAssertionError[22m: expected false to be true // Object.is equality[39m

[32m- Expected[39m
[31m+ Received[39m

[32m- true[39m
[31m+ false[39m

[36m [2m❯[22m tests/unit/api-genealogy.test.ts:[2m311:47[22m[39m
    [90m309| [39m
    [90m310| [39m      [90m// Should either error or return no data[39m
    [90m311| [39m      [34mexpect[39m(data [33m===[39m [35mnull[39m [33m||[39m error [33m!==[39m [35mnull[39m)[33m.[39m[34mtoBe[39m([35mtrue[39m)[33m;[39m
    [90m   | [39m                                              [31m^[39m
    [90m312| [39m    })[33m;[39m
    [90m313| [39m  })[33m;[39m

[31m[2m⎯⎯⎯⎯⎯⎯⎯⎯⎯⎯⎯⎯⎯⎯⎯⎯⎯⎯⎯⎯⎯⎯[3/151]⎯[22m[39m

[41m[1m FAIL [22m[49m tests/unit/api-team.test.ts[2m > [22mTeam API Tests[2m > [22mStats Calculations[2m > [22mshould fetch L1 override earnings
[31m[1mAssertionError[22m: expected { code: '42703', details: null, …(2) } to be null[39m

[32m- Expected:[39m 
null

[31m+ Received:[39m 
{
  "code": "42703",
  "details": null,
  "hint": null,
  "message": "column earnings_ledger.amount_usd does not exist",
}

[36m [2m❯[22m tests/unit/api-team.test.ts:[2m245:21[22m[39m
    [90m243| [39m        [33m.[39m[34mgte[39m([32m'created_at'[39m[33m,[39m startOfMonth[33m.[39m[34mtoISOString[39m())[33m;[39m
    [90m244| [39m
    [90m245| [39m      [34mexpect[39m(error)[33m.[39m[34mtoBeNull[39m()[33m;[39m
    [90m   | [39m                    [31m^[39m
    [90m246| [39m      [34mexpect[39m([33mArray[39m[33m.[39m[34misArray[39m(data))[33m.[39m[34mtoBe[39m([35mtrue[39m)[33m;[39m
    [90m247| [39m

[31m[2m⎯⎯⎯⎯⎯⎯⎯⎯⎯⎯⎯⎯⎯⎯⎯⎯⎯⎯⎯⎯⎯⎯[4/151]⎯[22m[39m

[41m[1m FAIL [22m[49m tests/unit/api-team.test.ts[2m > [22mTeam API Tests[2m > [22mRLS Policies[2m > [22mshould block unauthorized access to team data
[31m[1mAssertionError[22m: expected false to be true // Object.is equality[39m

[32m- Expected[39m
[31m+ Received[39m

[32m- true[39m
[31m+ false[39m

[36m [2m❯[22m tests/unit/api-team.test.ts:[2m446:69[22m[39m
    [90m444| [39m
    [90m445| [39m      [90m// Should error or return empty[39m
    [90m446| [39m      expect(data === null || data?.length === 0 || error !== null).to…
    [90m   | [39m                                                                    [31m^[39m
    [90m447| [39m    })[33m;[39m
    [90m448| [39m

[31m[2m⎯⎯⎯⎯⎯⎯⎯⎯⎯⎯⎯⎯⎯⎯⎯⎯⎯⎯⎯⎯⎯⎯[5/151]⎯[22m[39m

[41m[1m FAIL [22m[49m tests/unit/api-team.test.ts[2m > [22mTeam API Tests[2m > [22mEdge Cases[2m > [22mshould handle invalid member_id in filters
[31m[1mAssertionError[22m: expected { code: '22P02', details: null, …(2) } to be null[39m

[32m- Expected:[39m 
null

[31m+ Received:[39m 
{
  "code": "22P02",
  "details": null,
  "hint": null,
  "message": "invalid input syntax for type uuid: \"invalid-id-999\"",
}

[36m [2m❯[22m tests/unit/api-team.test.ts:[2m569:21[22m[39m
    [90m567| [39m        [33m.[39m[34meq[39m([32m'enroller_id'[39m[33m,[39m [32m'invalid-id-999'[39m)[33m;[39m
    [90m568| [39m
    [90m569| [39m      [34mexpect[39m(error)[33m.[39m[34mtoBeNull[39m()[33m;[39m
    [90m   | [39m                    [31m^[39m
    [90m570| [39m      [34mexpect[39m(data)[33m.[39m[34mtoEqual[39m([])[33m;[39m
    [90m571| [39m    })[33m;[39m

[31m[2m⎯⎯⎯⎯⎯⎯⎯⎯⎯⎯⎯⎯⎯⎯⎯⎯⎯⎯⎯⎯⎯⎯[6/151]⎯[22m[39m

[41m[1m FAIL [22m[49m src/components/admin/ProductMappingModal.test.tsx[2m > [22mProductMappingModal[2m > [22mshould render modal with form fields
[31m[1mTestingLibraryElementError[22m[39m: Found a label with the text of: /Integration Platform/i, however no form control was found associated to that label. Make sure you're using the "for" attribute or "aria-labelledby" attribute correctly.

Ignored nodes: comments, script, style
[36m<body>[39m
  [36m<div>[39m
    [36m<div[39m
      [33mclass[39m=[32m"fixed inset-0 bg-black bg-opacity-50 flex items-center justify-center z-50 p-4"[39m
    [36m>[39m
      [36m<div[39m
        [33mclass[39m=[32m"bg-white rounded-xl shadow-xl max-w-3xl w-full max-h-[90vh] overflow-y-auto"[39m
      [36m>[39m
        [36m<div[39m
          [33mclass[39m=[32m"flex items-center justify-between p-6 border-b border-gray-200 sticky top-0 bg-white"[39m
        [36m>[39m
          [36m<h2[39m
            [33mclass[39m=[32m"text-xl font-bold text-gray-900"[39m
          [36m>[39m
            [0mAdd Product Mapping[0m
          [36m</h2>[39m
          [36m<button[39m
            [33maria-label[39m=[32m"Close"[39m
            [33mclass[39m=[32m"p-2 hover:bg-gray-100 rounded-lg transition-colors"[39m
          [36m>[39m
            [36m<svg[39m
              [33maria-hidden[39m=[32m"true"[39m
              [33mclass[39m=[32m"lucide lucide-x w-5 h-5 text-gray-500"[39m
              [33mfill[39m=[32m"none"[39m
              [33mheight[39m=[32m"24"[39m
              [33mstroke[39m=[32m"currentColor"[39m
              [33mstroke-linecap[39m=[32m"round"[39m
              [33mstroke-linejoin[39m=[32m"round"[39m
              [33mstroke-width[39m=[32m"2"[39m
              [33mviewBox[39m=[32m"0 0 24 24"[39m
              [33mwidth[39m=[32m"24"[39m
              [33mxmlns[39m=[32m"http://www.w3.org/2000/svg"[39m
            [36m>[39m
              [36m<path[39m
                [33md[39m=[32m"M18 6 6 18"[39m
              [36m/>[39m
              [36m<path[39m
                [33md[39m=[32m"m6 6 12 12"[39m
              [36m/>[39m
            [36m</svg>[39m
          [36m</button>[39m
        [36m</div>[39m
        [36m<form[39m
          [33mclass[39m=[32m"p-6 space-y-6"[39m
        [36m>[39m
          [36m<div>[39m
            [36m<label[39m
              [33mclass[39m=[32m"block text-sm font-medium text-gray-700 mb-2"[39m
            [36m>[39m
              [0mIntegration Platform *[0m
            [36m</label>[39m
            [36m<select[39m
              [33mclass[39m=[32m"w-full px-3 py-2 border rounded-lg focus:ring-2 focus:ring-slate-900 focus:border-transparent border-gray-300"[39m
              [33mrequired[39m=[32m""[39m
            [36m>[39m
              [36m<option[39m
                [33mvalue[39m=[32m""[39m
              [36m>[39m
                [0mSelect Integration[0m
              [36m</option>[39m
              [36m<option[39m
                [33mvalue[39m=[32m"int-1"[39m
              [36m>[39m
                [0mJordyn.app[0m
              [36m</option>[39m
              [36m<option[39m
                [33mvalue[39m=[32m"int-2"[39m
              [36m>[39m
                [0mAgentPulse Cloud[0m
              [36m</option>[39m
            [36m</select>[39m
          [36m</div>[39m
          [36m<div[39m
            [33mclass[39m=[32m"space-y-4"[39m
          [36m>[39m
            [36m<h3[39m
              [33mclass[39m=[32m"text-md font-semibold text-gray-900"[39m
            [36m>[39m
              [0mProduct Identification[0m
            [36m</h3>[39m
            [36m<div[39m
              [33mclass[39m=[32m"grid grid-cols-2 gap-4"[39m
            [36m>[39m
              [36m<div>[39m
                [36m<label[39m
                  [33mclass[39m=[32m"block text-sm font-medium text-gray-700 mb-2"[39m
                [36m>[39m
                  [0mExternal Product ID *[0m
                [36m</label>[39m
                [36m<input[39m
                  [33mclass[39m=[32m"w-full px-3 py-2 border rounded-lg focus:ring-2 focus:ring-slate-900 focus:border-transparent border-gray-300"[39m
                  [33mplaceholder[39m=[32m"e.g., prod_abc123"[39m
                  [33mrequired[39m=[32m""[39m
                  [33mtype[39m=[32m"text"[39m
                  [33mvalue[39m=[32m""[39m
                [36m/>[39m
              [36m</div>[39m
              [36m<div>[39m
                [36m<label[39m
                  [33mclass[39m=[32m"block text-sm font-medium text-gray-700 mb-2"[39m
                [36m>[39m
                  [0mProduct SKU (Optional)[0m
                [36m</label>[39m
                [36m<input[39m
                  [33mclass[39m=[32m"w-full px-3 py-2 border border-gray-300 rounded-lg focus:ring-2 focus:ring-slate-900 focus:border-transparent"[39m
                  [33mplaceholder[39m=[32m"e.g., SKU-001"[39m
                  [33mtype[39m=[32m"text"[39m
                  [33mvalue[39m=[32m""[39m
                [36m/>[39m
              [36m</div>[39m
            [36m</div>[39m
            [36m<div>[39m
              [36m<label[39m
                [33mclass[39m=[32m"block text-sm font-medium text-gray-700 mb-2"[39m
              [36m>[39m
                [0mProduct Name *[0m
              [36m</label>[39m
              [36m<input[39m
                [33mclass[39m=[32m"w-full px-3 py-2 border rounded-lg focus:ring-2 focus:ring-slate-900 focus:border-transparent border-gray-300"[39m
                [33mplaceholder[39m=[32m"e.g., AgentPulse WarmLine Pro"[39m
                [33mrequired[39m=[32m""[39m
                [33mtype[39m=[32m"text"[39m
                [33mvalue[39m=[32m""[39m
              [36m/>[39m
            [36m</div>[39m
          [36m</div>[39m
          [36m<div[39m
            [33mclass[39m=[32m"space-y-4"[39m
          [36m>[39m
            [36m<h3[39m
              [33mclass[39m=[32m"text-md font-semibold text-gray-900"[39m
            [36m>[39m
              [0mCredits Per Sale[0m
            [36m</h3>[39m
            [36m<div[39m
              [33mclass[39m=[32m"grid grid-cols-2 gap-4"[39m
            [36m>[39m
              [36m<div>[39m
                [36m<label[39m
                  [33mclass[39m=[32m"block text-sm font-medium text-gray-700 mb-2"[39m
                [36m>[39m
                  [0mTech Credits[0m
                [36m</label>[39m
                [36m<input[39m
                  [33mclass[39m=[32m"w-full px-3 py-2 border rounded-lg focus:ring-2 focus:ring-slate-900 focus:border-transparent border-gray-300"[39m
                  [33mmin[39m=[32m"0"[39m
                  [33mplaceholder[39m=[32m"0.00"[39m
                  [33mstep[39m=[32m"0.01"[39m
                  [33mtype[39m=[32m"number"[39m
                  [33mvalue[39m=[32m"0"[39m
                [36m/>[39m
              [36m</div>[39m
              [36m<div>[39m
                [36m<label[39m
                  [33mclass[39m=[32m"block text-sm font-medium text-gray-700 mb-2"[39m
                [36m>[39m
                  [0mInsurance Credits[0m
                [36m</label>[39m
                [36m<input[39m
                  [33mclass[39m=[32m"w-full px-3 py-2 border rounded-lg focus:ring-2 focus:ring-slate-900 focus:border-transparent border-gray-300"[39m
                  [33mmin[39m=[32m"0"[39m
                  [33mplaceholder[39m=[32m"0.00"[39m
                  [33mstep[39m=[32m"0.01"[39m
                  [33mtype[39m=[32m"number"[39m
                  [33mvalue[39m=[32m"0"[39m
                [36m/>[39m
              [36m</div>[39m
            [36m</div>[39m
          [36m</div>[39m
          [36m<div[39m
            [33mclass[39m=[32m"space-y-4"[39m
          [36m>[39m
            [36m<h3[39m
              [33mclass[39m=[32m"text-md font-semibold text-gray-900"[39m
            [36m>[39m
              [0mCommission Configuration[0m
            [36m</h3>[39m
            [36m<div>[39m
              [36m<label[39m
                [33mclass[39m=[32m"block text-sm font-medium text-gray-700 mb-2"[39m
              [36m>[39m
                [0mCommission Type[0m
              [36m</label>[39m
              [36m<select[39m
                [33mclass[39m=[32m"w-full px-3 py-2 border border-gray-300 rounded-lg focus:ring-2 focus:ring-slate-900 focus:border-transparent"[39m
              [36m>[39m
                [36m<option[39m
                  [33mvalue[39m=[32m"credits"[39m
                [36m>[39m
                  [0mCredits Only[0m
                [36m</option>[39m
                [36m<option[39m
                  [33mvalue[39m=[32m"percentage"[39m
                [36m>[39m
                  [0mPercentage[0m
                [36m</option>[39m
                [36m<option[39m
                  [33mvalue[39m=[32m"fixed"[39m
                [36m>[39m
                  [0mFixed Amount[0m
                [36m</option>[39m
                [36m<option[39m
                  [33mvalue[39m=[32m"none"[39m
                [36m>[39m
                  [0mNone[0m
                [36m</option>[39m
              [36m</select>[39m
            [36m</div>[39m
          [36m</div>[39m
          [36m<div>[39m
            [36m<label[39m
              [33mclass[39m=[32m"block text-sm font-medium text-gray-700 mb-2"[39m
            [36m>[39m
              [0mNotes (Optional)[0m
            [36m</label>[39m
            [36m<textarea[39m
              [33mclass[39m=[32m"w-full px-3 py-2 border border-gray-300 rounded-lg focus:ring-2 focus:ring-slate-900 focus:border-transparent"[39m
              [33mplaceholder[39m=[32m"Internal notes about this mapping"[39m
              [33mrows[39m=[32m"3"[39m
            [36m/>[39m
          [36m</div>[39m
          [36m<div>[39m
            [36m<label[39m
              [33mclass[39m=[32m"flex items-center gap-2 cursor-pointer"[39m
            [36m>[39m
              [36m<input[39m
                [33mchecked[39m=[32m""[39m
                [33mclass[39m=[32m"rounded border-gray-300 text-slate-900 focus:ring-slate-900"[39m
                [33mtype[39m=[32m"checkbox"[39m
              [36m/>[39m
              [36m<span[39m
                [33mclass[39m=[32m"text-sm font-medium text-gray-700"[39m
              [36m>[39m
                [0mActive (mapping is enabled)[0m
              [36m</span>[39m
            [36m</label>[39m
          [36m</div>[39m
          [36m<div[39m
            [33mclass[39m=[32m"flex gap-3 pt-4 border-t border-gray-200"[39m
          [36m>[39m
            [36m<button[39m
              [33mclass[39m=[32m"flex-1 px-4 py-2 border border-gray-300 text-gray-700 rounded-lg hover:bg-gray-50 disabled:opacity-50 transition-colors"[39m
              [33mtype[39m=[32m"button"[39m
            [36m>[39m
              [0mCancel[0m
            [36m</button>[39m
            [36m<button[39m
              [33mclass[39m=[32m"flex-1 px-4 py-2 bg-slate-900 text-white rounded-lg hover:bg-slate-800 disabled:opacity-50 transition-colors"[39m
              [33mtype[39m=[32m"submit"[39m
            [36m>[39m
              [0mCreate Mapping[0m
            [36m</button>[39m
          [36m</div>[39m
        [36m</form>[39m
      [36m</div>[39m
    [36m</div>[39m
  [36m</div>[39m
[36m</body>[39m
[90m [2m❯[22m Object.getElementError node_modules/@testing-library/dom/dist/config.js:[2m37:19[22m[39m
[90m [2m❯[22m getAllByLabelText node_modules/@testing-library/dom/dist/queries/label-text.js:[2m108:40[22m[39m
[90m [2m❯[22m node_modules/@testing-library/dom/dist/query-helpers.js:[2m52:17[22m[39m
[90m [2m❯[22m node_modules/@testing-library/dom/dist/query-helpers.js:[2m95:19[22m[39m
[36m [2m❯[22m src/components/admin/ProductMappingModal.test.tsx:[2m52:19[22m[39m
    [90m 50| [39m
    [90m 51| [39m    expect(screen.getByText('Add Product Mapping')).toBeInTheDocument(…
    [90m 52| [39m    expect(screen.getByLabelText(/Integration Platform/i)).toBeInTheDo…
    [90m   | [39m                  [31m^[39m
    [90m 53| [39m    expect(screen.getByLabelText(/External Product ID/i)).toBeInTheDoc…
    [90m 54| [39m    [34mexpect[39m(screen[33m.[39m[34mgetByLabelText[39m([36m/Product Name/i[39m))[33m.[39m[34mtoBeInTheDocument[39m()[33m;[39m

[31m[2m⎯⎯⎯⎯⎯⎯⎯⎯⎯⎯⎯⎯⎯⎯⎯⎯⎯⎯⎯⎯⎯⎯[7/151]⎯[22m[39m

[41m[1m FAIL [22m[49m src/components/admin/ProductMappingModal.test.tsx[2m > [22mProductMappingModal[2m > [22mshould validate required fields
[31m[1mError[22m[39m: [2mexpect([22m[31mreceived[39m[2m).toBeInTheDocument()[22m

[31mreceived[39m value must be an HTMLElement or an SVGElement.
Received has type:  Null
Received has value: [31mnull[39m

Ignored nodes: comments, script, style
[36m<html>[39m
  [36m<head />[39m
  [36m<body>[39m
    [36m<div>[39m
      [36m<div[39m
        [33mclass[39m=[32m"fixed inset-0 bg-black bg-opacity-50 flex items-center justify-center z-50 p-4"[39m
      [36m>[39m
        [36m<div[39m
          [33mclass[39m=[32m"bg-white rounded-xl shadow-xl max-w-3xl w-full max-h-[90vh] overflow-y-auto"[39m
        [36m>[39m
          [36m<div[39m
            [33mclass[39m=[32m"flex items-center justify-between p-6 border-b border-gray-200 sticky top-0 bg-white"[39m
          [36m>[39m
            [36m<h2[39m
              [33mclass[39m=[32m"text-xl font-bold text-gray-900"[39m
            [36m>[39m
              [0mAdd Product Mapping[0m
            [36m</h2>[39m
            [36m<button[39m
              [33maria-label[39m=[32m"Close"[39m
              [33mclass[39m=[32m"p-2 hover:bg-gray-100 rounded-lg transition-colors"[39m
            [36m>[39m
              [36m<svg[39m
                [33maria-hidden[39m=[32m"true"[39m
                [33mclass[39m=[32m"lucide lucide-x w-5 h-5 text-gray-500"[39m
                [33mfill[39m=[32m"none"[39m
                [33mheight[39m=[32m"24"[39m
                [33mstroke[39m=[32m"currentColor"[39m
                [33mstroke-linecap[39m=[32m"round"[39m
                [33mstroke-linejoin[39m=[32m"round"[39m
                [33mstroke-width[39m=[32m"2"[39m
                [33mviewBox[39m=[32m"0 0 24 24"[39m
                [33mwidth[39m=[32m"24"[39m
                [33mxmlns[39m=[32m"http://www.w3.org/2000/svg"[39m
              [36m>[39m
                [36m<path[39m
                  [33md[39m=[32m"M18 6 6 18"[39m
                [36m/>[39m
                [36m<path[39m
                  [33md[39m=[32m"m6 6 12 12"[39m
                [36m/>[39m
              [36m</svg>[39m
            [36m</button>[39m
          [36m</div>[39m
          [36m<form[39m
            [33mclass[39m=[32m"p-6 space-y-6"[39m
          [36m>[39m
            [36m<div>[39m
              [36m<label[39m
                [33mclass[39m=[32m"block text-sm font-medium text-gray-700 mb-2"[39m
              [36m>[39m
                [0mIntegration Platform *[0m
              [36m</label>[39m
              [36m<select[39m
                [33mclass[39m=[32m"w-full px-3 py-2 border rounded-lg focus:ring-2 focus:ring-slate-900 focus:border-transparent border-gray-300"[39m
                [33mrequired[39m=[32m""[39m
              [36m>[39m
                [36m<option[39m
                  [33mvalue[39m=[32m""[39m
                [36m>[39m
                  [0mSelect Integration[0m
                [36m</option>[39m
                [36m<option[39m
                  [33mvalue[39m=[32m"int-1"[39m
                [36m>[39m
                  [0mJordyn.app[0m
                [36m</option>[39m
                [36m<option[39m
                  [33mvalue[39m=[32m"int-2"[39m
                [36m>[39m
                  [0mAgentPulse Cloud[0m
                [36m</option>[39m
              [36m</select>[39m
            [36m</div>[39m
            [36m<div[39m
              [33mclass[39m=[32m"space-y-4"[39m
            [36m>[39m
              [36m<h3[39m
                [33mclass[39m=[32m"text-md font-semibold text-gray-900"[39m
              [36m>[39m
                [0mProduct Identification[0m
              [36m</h3>[39m
              [36m<div[39m
                [33mclass[39m=[32m"grid grid-cols-2 gap-4"[39m
              [36m>[39m
                [36m<div>[39m
                  [36m<label[39m
                    [33mclass[39m=[32m"block text-sm font-medium text-gray-700 mb-2"[39m
                  [36m>[39m
                    [0mExternal Product ID *[0m
                  [36m</label>[39m
                  [36m<input[39m
                    [33mclass[39m=[32m"w-full px-3 py-2 border rounded-lg focus:ring-2 focus:ring-slate-900 focus:border-transparent border-gray-300"[39m
                    [33mplaceholder[39m=[32m"e.g., prod_abc123"[39m
                    [33mrequired[39m=[32m""[39m
                    [33mtype[39m=[32m"text"[39m
                    [33mvalue[39m=[32m""[39m
                  [36m/>[39m
                [36m</div>[39m
                [36m<div>[39m
                  [36m<label[39m
                    [33mclass[39m=[32m"block text-sm font-medium text-gray-700 mb-2"[39m
                  [36m>[39m
                    [0mProduct SKU (Optional)[0m
                  [36m</label>[39m
                  [36m<input[39m
                    [33mclass[39m=[32m"w-full px-3 py-2 border border-gray-300 rounded-lg focus:ring-2 focus:ring-slate-900 focus:border-transparent"[39m
                    [33mplaceholder[39m=[32m"e.g., SKU-001"[39m
                    [33mtype[39m=[32m"text"[39m
                    [33mvalue[39m=[32m""[39m
                  [36m/>[39m
                [36m</div>[39m
              [36m</div>[39m
              [36m<div>[39m
                [36m<label[39m
                  [33mclass[39m=[32m"block text-sm font-medium text-gray-700 mb-2"[39m
                [36m>[39m
                  [0mProduct Name *[0m
                [36m</label>[39m
                [36m<input[39m
                  [33mclass[39m=[32m"w-full px-3 py-2 border rounded-lg focus:ring-2 focus:ring-slate-900 focus:border-transparent border-gray-300"[39m
                  [33mplaceholder[39m=[32m"e.g., AgentPulse WarmLine Pro"[39m
                  [33mrequired[39m=[32m""[39m
                  [33mtype[39m=[32m"text"[39m
                  [33mvalue[39m=[32m""[39m
                [36m/>[39m
              [36m</div>[39m
            [36m</div>[39m
            [36m<div[39m
              [33mclass[39m=[32m"space-y-4"[39m
            [36m>[39m
              [36m<h3[39m
                [33mclass[39m=[32m"text-md font-semibold text-gray-900"[39m
              [36m>[39m
                [0mCredits Per Sale[0m
              [36m</h3>[39m
              [36m<div[39m
                [33mclass[39m=[32m"grid grid-cols-2 gap-4"[39m
              [36m>[39m
                [36m<div>[39m
                  [36m<label[39m
                    [33mclass[39m=[32m"block text-sm font-medium text-gray-700 mb-2"[39m
                  [36m>[39m
                    [0mTech Credits[0m
                  [36m</label>[39m
                  [36m<input[39m
                    [33mclass[39m=[32m"w-full px-3 py-2 border rounded-lg focus:ring-2 focus:ring-slate-900 focus:border-transparent border-gray-300"[39m
                    [33mmin[39m=[32m"0"[39m
                    [33mplaceholder[39m=[32m"0.00"[39m
                    [33mstep[39m=[32m"0.01"[39m
                    [33mtype[39m=[32m"number"[39m
                    [33mvalue[39m=[32m"0"[39m
                  [36m/>[39m
                [36m</div>[39m
                [36m<div>[39m
                  [36m<label[39m
                    [33mclass[39m=[32m"block text-sm font-medium text-gray-700 mb-2"[39m
                  [36m>[39m
                    [0mInsurance Credits[0m
                  [36m</label>[39m
                  [36m<input[39m
                    [33mclass[39m=[32m"w-full px-3 py-2 border rounded-lg focus:ring-2 focus:ring-slate-900 focus:border-transparent border-gray-300"[39m
                    [33mmin[39m=[32m"0"[39m
                    [33mplaceholder[39m=[32m"0.00"[39m
                    [33mstep[39m=[32m"0.01"[39m
                    [33mtype[39m=[32m"number"[39m
                    [33mvalue[39m=[32m"0"[39m
                  [36m/>[39m
                [36m</div>[39m
              [36m</div>[39m
            [36m</div>[39m
            [36m<div[39m
              [33mclass[39m=[32m"space-y-4"[39m
            [36m>[39m
              [36m<h3[39m
                [33mclass[39m=[32m"text-md font-semibold text-gray-900"[39m
              [36m>[39m
                [0mCommission Configuration[0m
              [36m</h3>[39m
              [36m<div>[39m
                [36m<label[39m
                  [33mclass[39m=[32m"block text-sm font-medium text-gray-700 mb-2"[39m
                [36m>[39m
                  [0mCommission Type[0m
                [36m</label>[39m
                [36m<select[39m
                  [33mclass[39m=[32m"w-full px-3 py-2 border border-gray-300 rounded-lg focus:ring-2 focus:ring-slate-900 focus:border-transparent"[39m
                [36m>[39m
                  [36m<option[39m
                    [33mvalue[39m=[32m"credits"[39m
                  [36m>[39m
                    [0mCredits Only[0m
                  [36m</option>[39m
                  [36m<option[39m
                    [33mvalue[39m=[32m"percentage"[39m
                  [36m>[39m
                    [0mPercentage[0m
                  [36m</option>[39m
                  [36m<option[39m
                    [33mvalue[39m=[32m"fixed"[39m
                  [36m>[39m
                    [0mFixed Amount[0m
                  [36m</option>[39m
                  [36m<option[39m
                    [33mvalue[39m=[32m"none"[39m
                  [36m>[39m
                    [0mNone[0m
                  [36m</option>[39m
                [36m</select>[39m
              [36m</div>[39m
            [36m</div>[39m
            [36m<div>[39m
              [36m<label[39m
                [33mclass[39m=[32m"block text-sm font-medium text-gray-700 mb-2"[39m
              [36m>[39m
                [0mNotes (Optional)[0m
              [36m</label>[39m
              [36m<textarea[39m
                [33mclass[39m=[32m"w-full px-3 py-2 border border-gray-300 rounded-lg focus:ring-2 focus:ring-slate-900 focus:border-transparent"[39m
                [33mplaceholder[39m=[32m"Internal notes about this mapping"[39m
                [33mrows[39m=[32m"3"[39m
              [36m/>[39m
            [36m</div>[39m
            [36m<div>[39m
              [36m<label[39m
                [33mclass[39m=[32m"flex items-center gap-2 cursor-pointer"[39m
              [36m>[39m
                [36m<input[39m
                  [33mchecked[39m=[32m""[39m
                  [33mclass[39m=[32m"rounded border-gray-300 text-slate-900 focus:ring-slate-900"[39m
                  [33mtype[39m=[32m"checkbox"[39m
                [36m/>[39m
                [36m<span[39m
                  [33mclass[39m=[32m"text-sm font-medium text-gray-700"[39m
                [36m>[39m
                  [0mActive (mapping is enabled)[0m
                [36m</span>[39m
              [36m</label>[39m
            [36m</div>[39m
            [36m<div[39m
              [33mclass[39m=[32m"flex gap-3 pt-4 border-t border-gray-200"[39m
            [36m>[39m
              [36m<button[39m
                [33mclass[39m=[32m"flex-1 px-4 py-2 border border-gray-300 text-gray-700 rounded-lg hover:bg-gray-50 disabled:opacity-50 transition-colors"[39m
                [33mtype[39m=[32m"button"[39m
              [36m>[39m
                [0mCancel[0m
              [36m</button>[39m
              [36m<button[39m
                [33mclass[39m=[32m"flex-1 px-4 py-2 bg-slate-900 text-white rounded-lg hover:bg-slate-800 disabled:opacity-50 transition-colors"[39m
                [33mtype[39m=[32m"submit"[39m
              [36m>[39m
                [0mCreate Mapping[0m
              [36m</button>[39m
            [36m</div>[39m
          [36m</form>[39m
        [36m</div>[39m
      [36m</div>[39m
    [36m</div>[39m
  [36m</body>[39m
[36m</html>[39m
[36m [2m❯[22m src/components/admin/ProductMappingModal.test.tsx:[2m98:50[22m[39m
    [90m 96| [39m
    [90m 97| [39m    [35mawait[39m [34mwaitFor[39m(() [33m=>[39m {
    [90m 98| [39m      [34mexpect[39m(screen[33m.[39m[34mqueryByText[39m([36m/is required/i[39m))[33m.[39m[34mtoBeInTheDocument[39m()[33m;[39m
    [90m   | [39m                                                 [31m^[39m
    [90m 99| [39m    })[33m;[39m
    [90m100| [39m  })[33m;[39m
[90m [2m❯[22m runWithExpensiveErrorDiagnosticsDisabled node_modules/@testing-library/dom/dist/config.js:[2m47:12[22m[39m
[90m [2m❯[22m checkCallback node_modules/@testing-library/dom/dist/wait-for.js:[2m124:77[22m[39m
[90m [2m❯[22m Timeout.checkRealTimersCallback node_modules/@testing-library/dom/dist/wait-for.js:[2m118:16[22m[39m

[31m[2m⎯⎯⎯⎯⎯⎯⎯⎯⎯⎯⎯⎯⎯⎯⎯⎯⎯⎯⎯⎯⎯⎯[8/151]⎯[22m[39m

[41m[1m FAIL [22m[49m src/components/admin/ProductMappingModal.test.tsx[2m > [22mProductMappingModal[2m > [22mshould validate credits are >= 0
[31m[1mTestingLibraryElementError[22m[39m: Found a label with the text of: /Tech Credits/i, however no form control was found associated to that label. Make sure you're using the "for" attribute or "aria-labelledby" attribute correctly.

Ignored nodes: comments, script, style
[36m<body>[39m
  [36m<div>[39m
    [36m<div[39m
      [33mclass[39m=[32m"fixed inset-0 bg-black bg-opacity-50 flex items-center justify-center z-50 p-4"[39m
    [36m>[39m
      [36m<div[39m
        [33mclass[39m=[32m"bg-white rounded-xl shadow-xl max-w-3xl w-full max-h-[90vh] overflow-y-auto"[39m
      [36m>[39m
        [36m<div[39m
          [33mclass[39m=[32m"flex items-center justify-between p-6 border-b border-gray-200 sticky top-0 bg-white"[39m
        [36m>[39m
          [36m<h2[39m
            [33mclass[39m=[32m"text-xl font-bold text-gray-900"[39m
          [36m>[39m
            [0mAdd Product Mapping[0m
          [36m</h2>[39m
          [36m<button[39m
            [33maria-label[39m=[32m"Close"[39m
            [33mclass[39m=[32m"p-2 hover:bg-gray-100 rounded-lg transition-colors"[39m
          [36m>[39m
            [36m<svg[39m
              [33maria-hidden[39m=[32m"true"[39m
              [33mclass[39m=[32m"lucide lucide-x w-5 h-5 text-gray-500"[39m
              [33mfill[39m=[32m"none"[39m
              [33mheight[39m=[32m"24"[39m
              [33mstroke[39m=[32m"currentColor"[39m
              [33mstroke-linecap[39m=[32m"round"[39m
              [33mstroke-linejoin[39m=[32m"round"[39m
              [33mstroke-width[39m=[32m"2"[39m
              [33mviewBox[39m=[32m"0 0 24 24"[39m
              [33mwidth[39m=[32m"24"[39m
              [33mxmlns[39m=[32m"http://www.w3.org/2000/svg"[39m
            [36m>[39m
              [36m<path[39m
                [33md[39m=[32m"M18 6 6 18"[39m
              [36m/>[39m
              [36m<path[39m
                [33md[39m=[32m"m6 6 12 12"[39m
              [36m/>[39m
            [36m</svg>[39m
          [36m</button>[39m
        [36m</div>[39m
        [36m<form[39m
          [33mclass[39m=[32m"p-6 space-y-6"[39m
        [36m>[39m
          [36m<div>[39m
            [36m<label[39m
              [33mclass[39m=[32m"block text-sm font-medium text-gray-700 mb-2"[39m
            [36m>[39m
              [0mIntegration Platform *[0m
            [36m</label>[39m
            [36m<select[39m
              [33mclass[39m=[32m"w-full px-3 py-2 border rounded-lg focus:ring-2 focus:ring-slate-900 focus:border-transparent border-gray-300"[39m
              [33mrequired[39m=[32m""[39m
            [36m>[39m
              [36m<option[39m
                [33mvalue[39m=[32m""[39m
              [36m>[39m
                [0mSelect Integration[0m
              [36m</option>[39m
              [36m<option[39m
                [33mvalue[39m=[32m"int-1"[39m
              [36m>[39m
                [0mJordyn.app[0m
              [36m</option>[39m
              [36m<option[39m
                [33mvalue[39m=[32m"int-2"[39m
              [36m>[39m
                [0mAgentPulse Cloud[0m
              [36m</option>[39m
            [36m</select>[39m
          [36m</div>[39m
          [36m<div[39m
            [33mclass[39m=[32m"space-y-4"[39m
          [36m>[39m
            [36m<h3[39m
              [33mclass[39m=[32m"text-md font-semibold text-gray-900"[39m
            [36m>[39m
              [0mProduct Identification[0m
            [36m</h3>[39m
            [36m<div[39m
              [33mclass[39m=[32m"grid grid-cols-2 gap-4"[39m
            [36m>[39m
              [36m<div>[39m
                [36m<label[39m
                  [33mclass[39m=[32m"block text-sm font-medium text-gray-700 mb-2"[39m
                [36m>[39m
                  [0mExternal Product ID *[0m
                [36m</label>[39m
                [36m<input[39m
                  [33mclass[39m=[32m"w-full px-3 py-2 border rounded-lg focus:ring-2 focus:ring-slate-900 focus:border-transparent border-gray-300"[39m
                  [33mplaceholder[39m=[32m"e.g., prod_abc123"[39m
                  [33mrequired[39m=[32m""[39m
                  [33mtype[39m=[32m"text"[39m
                  [33mvalue[39m=[32m""[39m
                [36m/>[39m
              [36m</div>[39m
              [36m<div>[39m
                [36m<label[39m
                  [33mclass[39m=[32m"block text-sm font-medium text-gray-700 mb-2"[39m
                [36m>[39m
                  [0mProduct SKU (Optional)[0m
                [36m</label>[39m
                [36m<input[39m
                  [33mclass[39m=[32m"w-full px-3 py-2 border border-gray-300 rounded-lg focus:ring-2 focus:ring-slate-900 focus:border-transparent"[39m
                  [33mplaceholder[39m=[32m"e.g., SKU-001"[39m
                  [33mtype[39m=[32m"text"[39m
                  [33mvalue[39m=[32m""[39m
                [36m/>[39m
              [36m</div>[39m
            [36m</div>[39m
            [36m<div>[39m
              [36m<label[39m
                [33mclass[39m=[32m"block text-sm font-medium text-gray-700 mb-2"[39m
              [36m>[39m
                [0mProduct Name *[0m
              [36m</label>[39m
              [36m<input[39m
                [33mclass[39m=[32m"w-full px-3 py-2 border rounded-lg focus:ring-2 focus:ring-slate-900 focus:border-transparent border-gray-300"[39m
                [33mplaceholder[39m=[32m"e.g., AgentPulse WarmLine Pro"[39m
                [33mrequired[39m=[32m""[39m
                [33mtype[39m=[32m"text"[39m
                [33mvalue[39m=[32m""[39m
              [36m/>[39m
            [36m</div>[39m
          [36m</div>[39m
          [36m<div[39m
            [33mclass[39m=[32m"space-y-4"[39m
          [36m>[39m
            [36m<h3[39m
              [33mclass[39m=[32m"text-md font-semibold text-gray-900"[39m
            [36m>[39m
              [0mCredits Per Sale[0m
            [36m</h3>[39m
            [36m<div[39m
              [33mclass[39m=[32m"grid grid-cols-2 gap-4"[39m
            [36m>[39m
              [36m<div>[39m
                [36m<label[39m
                  [33mclass[39m=[32m"block text-sm font-medium text-gray-700 mb-2"[39m
                [36m>[39m
                  [0mTech Credits[0m
                [36m</label>[39m
                [36m<input[39m
                  [33mclass[39m=[32m"w-full px-3 py-2 border rounded-lg focus:ring-2 focus:ring-slate-900 focus:border-transparent border-gray-300"[39m
                  [33mmin[39m=[32m"0"[39m
                  [33mplaceholder[39m=[32m"0.00"[39m
                  [33mstep[39m=[32m"0.01"[39m
                  [33mtype[39m=[32m"number"[39m
                  [33mvalue[39m=[32m"0"[39m
                [36m/>[39m
              [36m</div>[39m
              [36m<div>[39m
                [36m<label[39m
                  [33mclass[39m=[32m"block text-sm font-medium text-gray-700 mb-2"[39m
                [36m>[39m
                  [0mInsurance Credits[0m
                [36m</label>[39m
                [36m<input[39m
                  [33mclass[39m=[32m"w-full px-3 py-2 border rounded-lg focus:ring-2 focus:ring-slate-900 focus:border-transparent border-gray-300"[39m
                  [33mmin[39m=[32m"0"[39m
                  [33mplaceholder[39m=[32m"0.00"[39m
                  [33mstep[39m=[32m"0.01"[39m
                  [33mtype[39m=[32m"number"[39m
                  [33mvalue[39m=[32m"0"[39m
                [36m/>[39m
              [36m</div>[39m
            [36m</div>[39m
          [36m</div>[39m
          [36m<div[39m
            [33mclass[39m=[32m"space-y-4"[39m
          [36m>[39m
            [36m<h3[39m
              [33mclass[39m=[32m"text-md font-semibold text-gray-900"[39m
            [36m>[39m
              [0mCommission Configuration[0m
            [36m</h3>[39m
            [36m<div>[39m
              [36m<label[39m
                [33mclass[39m=[32m"block text-sm font-medium text-gray-700 mb-2"[39m
              [36m>[39m
                [0mCommission Type[0m
              [36m</label>[39m
              [36m<select[39m
                [33mclass[39m=[32m"w-full px-3 py-2 border border-gray-300 rounded-lg focus:ring-2 focus:ring-slate-900 focus:border-transparent"[39m
              [36m>[39m
                [36m<option[39m
                  [33mvalue[39m=[32m"credits"[39m
                [36m>[39m
                  [0mCredits Only[0m
                [36m</option>[39m
                [36m<option[39m
                  [33mvalue[39m=[32m"percentage"[39m
                [36m>[39m
                  [0mPercentage[0m
                [36m</option>[39m
                [36m<option[39m
                  [33mvalue[39m=[32m"fixed"[39m
                [36m>[39m
                  [0mFixed Amount[0m
                [36m</option>[39m
                [36m<option[39m
                  [33mvalue[39m=[32m"none"[39m
                [36m>[39m
                  [0mNone[0m
                [36m</option>[39m
              [36m</select>[39m
            [36m</div>[39m
          [36m</div>[39m
          [36m<div>[39m
            [36m<label[39m
              [33mclass[39m=[32m"block text-sm font-medium text-gray-700 mb-2"[39m
            [36m>[39m
              [0mNotes (Optional)[0m
            [36m</label>[39m
            [36m<textarea[39m
              [33mclass[39m=[32m"w-full px-3 py-2 border border-gray-300 rounded-lg focus:ring-2 focus:ring-slate-900 focus:border-transparent"[39m
              [33mplaceholder[39m=[32m"Internal notes about this mapping"[39m
              [33mrows[39m=[32m"3"[39m
            [36m/>[39m
          [36m</div>[39m
          [36m<div>[39m
            [36m<label[39m
              [33mclass[39m=[32m"flex items-center gap-2 cursor-pointer"[39m
            [36m>[39m
              [36m<input[39m
                [33mchecked[39m=[32m""[39m
                [33mclass[39m=[32m"rounded border-gray-300 text-slate-900 focus:ring-slate-900"[39m
                [33mtype[39m=[32m"checkbox"[39m
              [36m/>[39m
              [36m<span[39m
                [33mclass[39m=[32m"text-sm font-medium text-gray-700"[39m
              [36m>[39m
                [0mActive (mapping is enabled)[0m
              [36m</span>[39m
            [36m</label>[39m
          [36m</div>[39m
          [36m<div[39m
            [33mclass[39m=[32m"flex gap-3 pt-4 border-t border-gray-200"[39m
          [36m>[39m
            [36m<button[39m
              [33mclass[39m=[32m"flex-1 px-4 py-2 border border-gray-300 text-gray-700 rounded-lg hover:bg-gray-50 disabled:opacity-50 transition-colors"[39m
              [33mtype[39m=[32m"button"[39m
            [36m>[39m
              [0mCancel[0m
            [36m</button>[39m
            [36m<button[39m
              [33mclass[39m=[32m"flex-1 px-4 py-2 bg-slate-900 text-white rounded-lg hover:bg-slate-800 disabled:opacity-50 transition-colors"[39m
              [33mtype[39m=[32m"submit"[39m
            [36m>[39m
              [0mCreate Mapping[0m
            [36m</button>[39m
          [36m</div>[39m
        [36m</form>[39m
      [36m</div>[39m
    [36m</div>[39m
  [36m</div>[39m
[36m</body>[39m
[90m [2m❯[22m Object.getElementError node_modules/@testing-library/dom/dist/config.js:[2m37:19[22m[39m
[90m [2m❯[22m getAllByLabelText node_modules/@testing-library/dom/dist/queries/label-text.js:[2m108:40[22m[39m
[90m [2m❯[22m node_modules/@testing-library/dom/dist/query-helpers.js:[2m52:17[22m[39m
[90m [2m❯[22m node_modules/@testing-library/dom/dist/query-helpers.js:[2m95:19[22m[39m
[36m [2m❯[22m src/components/admin/ProductMappingModal.test.tsx:[2m110:37[22m[39m
    [90m108| [39m    )[33m;[39m
    [90m109| [39m
    [90m110| [39m    [35mconst[39m techCreditsInput [33m=[39m screen[33m.[39m[34mgetByLabelText[39m([36m/Tech Credits/i[39m)[33m;[39m
    [90m   | [39m                                    [31m^[39m
    [90m111| [39m    fireEvent[33m.[39m[34mchange[39m(techCreditsInput[33m,[39m { target[33m:[39m { value[33m:[39m [32m'-10'[39m } })[33m;[39m
    [90m112| [39m

[31m[2m⎯⎯⎯⎯⎯⎯⎯⎯⎯⎯⎯⎯⎯⎯⎯⎯⎯⎯⎯⎯⎯⎯[9/151]⎯[22m[39m

[41m[1m FAIL [22m[49m src/components/admin/ProductMappingModal.test.tsx[2m > [22mProductMappingModal[2m > [22mshould validate commission percentages are 0-100
[31m[1mTestingLibraryElementError[22m[39m: Found a label with the text of: /Commission Type/i, however no form control was found associated to that label. Make sure you're using the "for" attribute or "aria-labelledby" attribute correctly.

Ignored nodes: comments, script, style
[36m<body>[39m
  [36m<div>[39m
    [36m<div[39m
      [33mclass[39m=[32m"fixed inset-0 bg-black bg-opacity-50 flex items-center justify-center z-50 p-4"[39m
    [36m>[39m
      [36m<div[39m
        [33mclass[39m=[32m"bg-white rounded-xl shadow-xl max-w-3xl w-full max-h-[90vh] overflow-y-auto"[39m
      [36m>[39m
        [36m<div[39m
          [33mclass[39m=[32m"flex items-center justify-between p-6 border-b border-gray-200 sticky top-0 bg-white"[39m
        [36m>[39m
          [36m<h2[39m
            [33mclass[39m=[32m"text-xl font-bold text-gray-900"[39m
          [36m>[39m
            [0mAdd Product Mapping[0m
          [36m</h2>[39m
          [36m<button[39m
            [33maria-label[39m=[32m"Close"[39m
            [33mclass[39m=[32m"p-2 hover:bg-gray-100 rounded-lg transition-colors"[39m
          [36m>[39m
            [36m<svg[39m
              [33maria-hidden[39m=[32m"true"[39m
              [33mclass[39m=[32m"lucide lucide-x w-5 h-5 text-gray-500"[39m
              [33mfill[39m=[32m"none"[39m
              [33mheight[39m=[32m"24"[39m
              [33mstroke[39m=[32m"currentColor"[39m
              [33mstroke-linecap[39m=[32m"round"[39m
              [33mstroke-linejoin[39m=[32m"round"[39m
              [33mstroke-width[39m=[32m"2"[39m
              [33mviewBox[39m=[32m"0 0 24 24"[39m
              [33mwidth[39m=[32m"24"[39m
              [33mxmlns[39m=[32m"http://www.w3.org/2000/svg"[39m
            [36m>[39m
              [36m<path[39m
                [33md[39m=[32m"M18 6 6 18"[39m
              [36m/>[39m
              [36m<path[39m
                [33md[39m=[32m"m6 6 12 12"[39m
              [36m/>[39m
            [36m</svg>[39m
          [36m</button>[39m
        [36m</div>[39m
        [36m<form[39m
          [33mclass[39m=[32m"p-6 space-y-6"[39m
        [36m>[39m
          [36m<div>[39m
            [36m<label[39m
              [33mclass[39m=[32m"block text-sm font-medium text-gray-700 mb-2"[39m
            [36m>[39m
              [0mIntegration Platform *[0m
            [36m</label>[39m
            [36m<select[39m
              [33mclass[39m=[32m"w-full px-3 py-2 border rounded-lg focus:ring-2 focus:ring-slate-900 focus:border-transparent border-gray-300"[39m
              [33mrequired[39m=[32m""[39m
            [36m>[39m
              [36m<option[39m
                [33mvalue[39m=[32m""[39m
              [36m>[39m
                [0mSelect Integration[0m
              [36m</option>[39m
              [36m<option[39m
                [33mvalue[39m=[32m"int-1"[39m
              [36m>[39m
                [0mJordyn.app[0m
              [36m</option>[39m
              [36m<option[39m
                [33mvalue[39m=[32m"int-2"[39m
              [36m>[39m
                [0mAgentPulse Cloud[0m
              [36m</option>[39m
            [36m</select>[39m
          [36m</div>[39m
          [36m<div[39m
            [33mclass[39m=[32m"space-y-4"[39m
          [36m>[39m
            [36m<h3[39m
              [33mclass[39m=[32m"text-md font-semibold text-gray-900"[39m
            [36m>[39m
              [0mProduct Identification[0m
            [36m</h3>[39m
            [36m<div[39m
              [33mclass[39m=[32m"grid grid-cols-2 gap-4"[39m
            [36m>[39m
              [36m<div>[39m
                [36m<label[39m
                  [33mclass[39m=[32m"block text-sm font-medium text-gray-700 mb-2"[39m
                [36m>[39m
                  [0mExternal Product ID *[0m
                [36m</label>[39m
                [36m<input[39m
                  [33mclass[39m=[32m"w-full px-3 py-2 border rounded-lg focus:ring-2 focus:ring-slate-900 focus:border-transparent border-gray-300"[39m
                  [33mplaceholder[39m=[32m"e.g., prod_abc123"[39m
                  [33mrequired[39m=[32m""[39m
                  [33mtype[39m=[32m"text"[39m
                  [33mvalue[39m=[32m""[39m
                [36m/>[39m
              [36m</div>[39m
              [36m<div>[39m
                [36m<label[39m
                  [33mclass[39m=[32m"block text-sm font-medium text-gray-700 mb-2"[39m
                [36m>[39m
                  [0mProduct SKU (Optional)[0m
                [36m</label>[39m
                [36m<input[39m
                  [33mclass[39m=[32m"w-full px-3 py-2 border border-gray-300 rounded-lg focus:ring-2 focus:ring-slate-900 focus:border-transparent"[39m
                  [33mplaceholder[39m=[32m"e.g., SKU-001"[39m
                  [33mtype[39m=[32m"text"[39m
                  [33mvalue[39m=[32m""[39m
                [36m/>[39m
              [36m</div>[39m
            [36m</div>[39m
            [36m<div>[39m
              [36m<label[39m
                [33mclass[39m=[32m"block text-sm font-medium text-gray-700 mb-2"[39m
              [36m>[39m
                [0mProduct Name *[0m
              [36m</label>[39m
              [36m<input[39m
                [33mclass[39m=[32m"w-full px-3 py-2 border rounded-lg focus:ring-2 focus:ring-slate-900 focus:border-transparent border-gray-300"[39m
                [33mplaceholder[39m=[32m"e.g., AgentPulse WarmLine Pro"[39m
                [33mrequired[39m=[32m""[39m
                [33mtype[39m=[32m"text"[39m
                [33mvalue[39m=[32m""[39m
              [36m/>[39m
            [36m</div>[39m
          [36m</div>[39m
          [36m<div[39m
            [33mclass[39m=[32m"space-y-4"[39m
          [36m>[39m
            [36m<h3[39m
              [33mclass[39m=[32m"text-md font-semibold text-gray-900"[39m
            [36m>[39m
              [0mCredits Per Sale[0m
            [36m</h3>[39m
            [36m<div[39m
              [33mclass[39m=[32m"grid grid-cols-2 gap-4"[39m
            [36m>[39m
              [36m<div>[39m
                [36m<label[39m
                  [33mclass[39m=[32m"block text-sm font-medium text-gray-700 mb-2"[39m
                [36m>[39m
                  [0mTech Credits[0m
                [36m</label>[39m
                [36m<input[39m
                  [33mclass[39m=[32m"w-full px-3 py-2 border rounded-lg focus:ring-2 focus:ring-slate-900 focus:border-transparent border-gray-300"[39m
                  [33mmin[39m=[32m"0"[39m
                  [33mplaceholder[39m=[32m"0.00"[39m
                  [33mstep[39m=[32m"0.01"[39m
                  [33mtype[39m=[32m"number"[39m
                  [33mvalue[39m=[32m"0"[39m
                [36m/>[39m
              [36m</div>[39m
              [36m<div>[39m
                [36m<label[39m
                  [33mclass[39m=[32m"block text-sm font-medium text-gray-700 mb-2"[39m
                [36m>[39m
                  [0mInsurance Credits[0m
                [36m</label>[39m
                [36m<input[39m
                  [33mclass[39m=[32m"w-full px-3 py-2 border rounded-lg focus:ring-2 focus:ring-slate-900 focus:border-transparent border-gray-300"[39m
                  [33mmin[39m=[32m"0"[39m
                  [33mplaceholder[39m=[32m"0.00"[39m
                  [33mstep[39m=[32m"0.01"[39m
                  [33mtype[39m=[32m"number"[39m
                  [33mvalue[39m=[32m"0"[39m
                [36m/>[39m
              [36m</div>[39m
            [36m</div>[39m
          [36m</div>[39m
          [36m<div[39m
            [33mclass[39m=[32m"space-y-4"[39m
          [36m>[39m
            [36m<h3[39m
              [33mclass[39m=[32m"text-md font-semibold text-gray-900"[39m
            [36m>[39m
              [0mCommission Configuration[0m
            [36m</h3>[39m
            [36m<div>[39m
              [36m<label[39m
                [33mclass[39m=[32m"block text-sm font-medium text-gray-700 mb-2"[39m
              [36m>[39m
                [0mCommission Type[0m
              [36m</label>[39m
              [36m<select[39m
                [33mclass[39m=[32m"w-full px-3 py-2 border border-gray-300 rounded-lg focus:ring-2 focus:ring-slate-900 focus:border-transparent"[39m
              [36m>[39m
                [36m<option[39m
                  [33mvalue[39m=[32m"credits"[39m
                [36m>[39m
                  [0mCredits Only[0m
                [36m</option>[39m
                [36m<option[39m
                  [33mvalue[39m=[32m"percentage"[39m
                [36m>[39m
                  [0mPercentage[0m
                [36m</option>[39m
                [36m<option[39m
                  [33mvalue[39m=[32m"fixed"[39m
                [36m>[39m
                  [0mFixed Amount[0m
                [36m</option>[39m
                [36m<option[39m
                  [33mvalue[39m=[32m"none"[39m
                [36m>[39m
                  [0mNone[0m
                [36m</option>[39m
              [36m</select>[39m
            [36m</div>[39m
          [36m</div>[39m
          [36m<div>[39m
            [36m<label[39m
              [33mclass[39m=[32m"block text-sm font-medium text-gray-700 mb-2"[39m
            [36m>[39m
              [0mNotes (Optional)[0m
            [36m</label>[39m
            [36m<textarea[39m
              [33mclass[39m=[32m"w-full px-3 py-2 border border-gray-300 rounded-lg focus:ring-2 focus:ring-slate-900 focus:border-transparent"[39m
              [33mplaceholder[39m=[32m"Internal notes about this mapping"[39m
              [33mrows[39m=[32m"3"[39m
            [36m/>[39m
          [36m</div>[39m
          [36m<div>[39m
            [36m<label[39m
              [33mclass[39m=[32m"flex items-center gap-2 cursor-pointer"[39m
            [36m>[39m
              [36m<input[39m
                [33mchecked[39m=[32m""[39m
                [33mclass[39m=[32m"rounded border-gray-300 text-slate-900 focus:ring-slate-900"[39m
                [33mtype[39m=[32m"checkbox"[39m
              [36m/>[39m
              [36m<span[39m
                [33mclass[39m=[32m"text-sm font-medium text-gray-700"[39m
              [36m>[39m
                [0mActive (mapping is enabled)[0m
              [36m</span>[39m
            [36m</label>[39m
          [36m</div>[39m
          [36m<div[39m
            [33mclass[39m=[32m"flex gap-3 pt-4 border-t border-gray-200"[39m
          [36m>[39m
            [36m<button[39m
              [33mclass[39m=[32m"flex-1 px-4 py-2 border border-gray-300 text-gray-700 rounded-lg hover:bg-gray-50 disabled:opacity-50 transition-colors"[39m
              [33mtype[39m=[32m"button"[39m
            [36m>[39m
              [0mCancel[0m
            [36m</button>[39m
            [36m<button[39m
              [33mclass[39m=[32m"flex-1 px-4 py-2 bg-slate-900 text-white rounded-lg hover:bg-slate-800 disabled:opacity-50 transition-colors"[39m
              [33mtype[39m=[32m"submit"[39m
            [36m>[39m
              [0mCreate Mapping[0m
            [36m</button>[39m
          [36m</div>[39m
        [36m</form>[39m
      [36m</div>[39m
    [36m</div>[39m
  [36m</div>[39m
[36m</body>[39m
[90m [2m❯[22m Object.getElementError node_modules/@testing-library/dom/dist/config.js:[2m37:19[22m[39m
[90m [2m❯[22m getAllByLabelText node_modules/@testing-library/dom/dist/queries/label-text.js:[2m108:40[22m[39m
[90m [2m❯[22m node_modules/@testing-library/dom/dist/query-helpers.js:[2m52:17[22m[39m
[90m [2m❯[22m node_modules/@testing-library/dom/dist/query-helpers.js:[2m95:19[22m[39m
[36m [2m❯[22m src/components/admin/ProductMappingModal.test.tsx:[2m130:41[22m[39m
    [90m128| [39m
    [90m129| [39m    [90m// Change commission type to percentage[39m
    [90m130| [39m    const commissionTypeSelect = screen.getByLabelText(/Commission Typ…
    [90m   | [39m                                        [31m^[39m
    [90m131| [39m    fireEvent.change(commissionTypeSelect, { target: { value: 'percent…
    [90m132| [39m

[31m[2m⎯⎯⎯⎯⎯⎯⎯⎯⎯⎯⎯⎯⎯⎯⎯⎯⎯⎯⎯⎯⎯[10/151]⎯[22m[39m

[41m[1m FAIL [22m[49m src/components/admin/ProductMappingModal.test.tsx[2m > [22mProductMappingModal[2m > [22mshould submit form with valid data
[31m[1mTestingLibraryElementError[22m[39m: Found a label with the text of: /External Product ID/i, however no form control was found associated to that label. Make sure you're using the "for" attribute or "aria-labelledby" attribute correctly.

Ignored nodes: comments, script, style
[36m<body>[39m
  [36m<div>[39m
    [36m<div[39m
      [33mclass[39m=[32m"fixed inset-0 bg-black bg-opacity-50 flex items-center justify-center z-50 p-4"[39m
    [36m>[39m
      [36m<div[39m
        [33mclass[39m=[32m"bg-white rounded-xl shadow-xl max-w-3xl w-full max-h-[90vh] overflow-y-auto"[39m
      [36m>[39m
        [36m<div[39m
          [33mclass[39m=[32m"flex items-center justify-between p-6 border-b border-gray-200 sticky top-0 bg-white"[39m
        [36m>[39m
          [36m<h2[39m
            [33mclass[39m=[32m"text-xl font-bold text-gray-900"[39m
          [36m>[39m
            [0mAdd Product Mapping[0m
          [36m</h2>[39m
          [36m<button[39m
            [33maria-label[39m=[32m"Close"[39m
            [33mclass[39m=[32m"p-2 hover:bg-gray-100 rounded-lg transition-colors"[39m
          [36m>[39m
            [36m<svg[39m
              [33maria-hidden[39m=[32m"true"[39m
              [33mclass[39m=[32m"lucide lucide-x w-5 h-5 text-gray-500"[39m
              [33mfill[39m=[32m"none"[39m
              [33mheight[39m=[32m"24"[39m
              [33mstroke[39m=[32m"currentColor"[39m
              [33mstroke-linecap[39m=[32m"round"[39m
              [33mstroke-linejoin[39m=[32m"round"[39m
              [33mstroke-width[39m=[32m"2"[39m
              [33mviewBox[39m=[32m"0 0 24 24"[39m
              [33mwidth[39m=[32m"24"[39m
              [33mxmlns[39m=[32m"http://www.w3.org/2000/svg"[39m
            [36m>[39m
              [36m<path[39m
                [33md[39m=[32m"M18 6 6 18"[39m
              [36m/>[39m
              [36m<path[39m
                [33md[39m=[32m"m6 6 12 12"[39m
              [36m/>[39m
            [36m</svg>[39m
          [36m</button>[39m
        [36m</div>[39m
        [36m<form[39m
          [33mclass[39m=[32m"p-6 space-y-6"[39m
        [36m>[39m
          [36m<div>[39m
            [36m<label[39m
              [33mclass[39m=[32m"block text-sm font-medium text-gray-700 mb-2"[39m
            [36m>[39m
              [0mIntegration Platform *[0m
            [36m</label>[39m
            [36m<select[39m
              [33mclass[39m=[32m"w-full px-3 py-2 border rounded-lg focus:ring-2 focus:ring-slate-900 focus:border-transparent border-gray-300"[39m
              [33mrequired[39m=[32m""[39m
            [36m>[39m
              [36m<option[39m
                [33mvalue[39m=[32m""[39m
              [36m>[39m
                [0mSelect Integration[0m
              [36m</option>[39m
              [36m<option[39m
                [33mvalue[39m=[32m"int-1"[39m
              [36m>[39m
                [0mJordyn.app[0m
              [36m</option>[39m
              [36m<option[39m
                [33mvalue[39m=[32m"int-2"[39m
              [36m>[39m
                [0mAgentPulse Cloud[0m
              [36m</option>[39m
            [36m</select>[39m
          [36m</div>[39m
          [36m<div[39m
            [33mclass[39m=[32m"space-y-4"[39m
          [36m>[39m
            [36m<h3[39m
              [33mclass[39m=[32m"text-md font-semibold text-gray-900"[39m
            [36m>[39m
              [0mProduct Identification[0m
            [36m</h3>[39m
            [36m<div[39m
              [33mclass[39m=[32m"grid grid-cols-2 gap-4"[39m
            [36m>[39m
              [36m<div>[39m
                [36m<label[39m
                  [33mclass[39m=[32m"block text-sm font-medium text-gray-700 mb-2"[39m
                [36m>[39m
                  [0mExternal Product ID *[0m
                [36m</label>[39m
                [36m<input[39m
                  [33mclass[39m=[32m"w-full px-3 py-2 border rounded-lg focus:ring-2 focus:ring-slate-900 focus:border-transparent border-gray-300"[39m
                  [33mplaceholder[39m=[32m"e.g., prod_abc123"[39m
                  [33mrequired[39m=[32m""[39m
                  [33mtype[39m=[32m"text"[39m
                  [33mvalue[39m=[32m""[39m
                [36m/>[39m
              [36m</div>[39m
              [36m<div>[39m
                [36m<label[39m
                  [33mclass[39m=[32m"block text-sm font-medium text-gray-700 mb-2"[39m
                [36m>[39m
                  [0mProduct SKU (Optional)[0m
                [36m</label>[39m
                [36m<input[39m
                  [33mclass[39m=[32m"w-full px-3 py-2 border border-gray-300 rounded-lg focus:ring-2 focus:ring-slate-900 focus:border-transparent"[39m
                  [33mplaceholder[39m=[32m"e.g., SKU-001"[39m
                  [33mtype[39m=[32m"text"[39m
                  [33mvalue[39m=[32m""[39m
                [36m/>[39m
              [36m</div>[39m
            [36m</div>[39m
            [36m<div>[39m
              [36m<label[39m
                [33mclass[39m=[32m"block text-sm font-medium text-gray-700 mb-2"[39m
              [36m>[39m
                [0mProduct Name *[0m
              [36m</label>[39m
              [36m<input[39m
                [33mclass[39m=[32m"w-full px-3 py-2 border rounded-lg focus:ring-2 focus:ring-slate-900 focus:border-transparent border-gray-300"[39m
                [33mplaceholder[39m=[32m"e.g., AgentPulse WarmLine Pro"[39m
                [33mrequired[39m=[32m""[39m
                [33mtype[39m=[32m"text"[39m
                [33mvalue[39m=[32m""[39m
              [36m/>[39m
            [36m</div>[39m
          [36m</div>[39m
          [36m<div[39m
            [33mclass[39m=[32m"space-y-4"[39m
          [36m>[39m
            [36m<h3[39m
              [33mclass[39m=[32m"text-md font-semibold text-gray-900"[39m
            [36m>[39m
              [0mCredits Per Sale[0m
            [36m</h3>[39m
            [36m<div[39m
              [33mclass[39m=[32m"grid grid-cols-2 gap-4"[39m
            [36m>[39m
              [36m<div>[39m
                [36m<label[39m
                  [33mclass[39m=[32m"block text-sm font-medium text-gray-700 mb-2"[39m
                [36m>[39m
                  [0mTech Credits[0m
                [36m</label>[39m
                [36m<input[39m
                  [33mclass[39m=[32m"w-full px-3 py-2 border rounded-lg focus:ring-2 focus:ring-slate-900 focus:border-transparent border-gray-300"[39m
                  [33mmin[39m=[32m"0"[39m
                  [33mplaceholder[39m=[32m"0.00"[39m
                  [33mstep[39m=[32m"0.01"[39m
                  [33mtype[39m=[32m"number"[39m
                  [33mvalue[39m=[32m"0"[39m
                [36m/>[39m
              [36m</div>[39m
              [36m<div>[39m
                [36m<label[39m
                  [33mclass[39m=[32m"block text-sm font-medium text-gray-700 mb-2"[39m
                [36m>[39m
                  [0mInsurance Credits[0m
                [36m</label>[39m
                [36m<input[39m
                  [33mclass[39m=[32m"w-full px-3 py-2 border rounded-lg focus:ring-2 focus:ring-slate-900 focus:border-transparent border-gray-300"[39m
                  [33mmin[39m=[32m"0"[39m
                  [33mplaceholder[39m=[32m"0.00"[39m
                  [33mstep[39m=[32m"0.01"[39m
                  [33mtype[39m=[32m"number"[39m
                  [33mvalue[39m=[32m"0"[39m
                [36m/>[39m
              [36m</div>[39m
            [36m</div>[39m
          [36m</div>[39m
          [36m<div[39m
            [33mclass[39m=[32m"space-y-4"[39m
          [36m>[39m
            [36m<h3[39m
              [33mclass[39m=[32m"text-md font-semibold text-gray-900"[39m
            [36m>[39m
              [0mCommission Configuration[0m
            [36m</h3>[39m
            [36m<div>[39m
              [36m<label[39m
                [33mclass[39m=[32m"block text-sm font-medium text-gray-700 mb-2"[39m
              [36m>[39m
                [0mCommission Type[0m
              [36m</label>[39m
              [36m<select[39m
                [33mclass[39m=[32m"w-full px-3 py-2 border border-gray-300 rounded-lg focus:ring-2 focus:ring-slate-900 focus:border-transparent"[39m
              [36m>[39m
                [36m<option[39m
                  [33mvalue[39m=[32m"credits"[39m
                [36m>[39m
                  [0mCredits Only[0m
                [36m</option>[39m
                [36m<option[39m
                  [33mvalue[39m=[32m"percentage"[39m
                [36m>[39m
                  [0mPercentage[0m
                [36m</option>[39m
                [36m<option[39m
                  [33mvalue[39m=[32m"fixed"[39m
                [36m>[39m
                  [0mFixed Amount[0m
                [36m</option>[39m
                [36m<option[39m
                  [33mvalue[39m=[32m"none"[39m
                [36m>[39m
                  [0mNone[0m
                [36m</option>[39m
              [36m</select>[39m
            [36m</div>[39m
          [36m</div>[39m
          [36m<div>[39m
            [36m<label[39m
              [33mclass[39m=[32m"block text-sm font-medium text-gray-700 mb-2"[39m
            [36m>[39m
              [0mNotes (Optional)[0m
            [36m</label>[39m
            [36m<textarea[39m
              [33mclass[39m=[32m"w-full px-3 py-2 border border-gray-300 rounded-lg focus:ring-2 focus:ring-slate-900 focus:border-transparent"[39m
              [33mplaceholder[39m=[32m"Internal notes about this mapping"[39m
              [33mrows[39m=[32m"3"[39m
            [36m/>[39m
          [36m</div>[39m
          [36m<div>[39m
            [36m<label[39m
              [33mclass[39m=[32m"flex items-center gap-2 cursor-pointer"[39m
            [36m>[39m
              [36m<input[39m
                [33mchecked[39m=[32m""[39m
                [33mclass[39m=[32m"rounded border-gray-300 text-slate-900 focus:ring-slate-900"[39m
                [33mtype[39m=[32m"checkbox"[39m
              [36m/>[39m
              [36m<span[39m
                [33mclass[39m=[32m"text-sm font-medium text-gray-700"[39m
              [36m>[39m
                [0mActive (mapping is enabled)[0m
              [36m</span>[39m
            [36m</label>[39m
          [36m</div>[39m
          [36m<div[39m
            [33mclass[39m=[32m"flex gap-3 pt-4 border-t border-gray-200"[39m
          [36m>[39m
            [36m<button[39m
              [33mclass[39m=[32m"flex-1 px-4 py-2 border border-gray-300 text-gray-700 rounded-lg hover:bg-gray-50 disabled:opacity-50 transition-colors"[39m
              [33mtype[39m=[32m"button"[39m
            [36m>[39m
              [0mCancel[0m
            [36m</button>[39m
            [36m<button[39m
              [33mclass[39m=[32m"flex-1 px-4 py-2 bg-slate-900 text-white rounded-lg hover:bg-slate-800 disabled:opacity-50 transition-colors"[39m
              [33mtype[39m=[32m"submit"[39m
            [36m>[39m
              [0mCreate Mapping[0m
            [36m</button>[39m
          [36m</div>[39m
        [36m</form>[39m
      [36m</div>[39m
    [36m</div>[39m
  [36m</div>[39m
[36m</body>[39m
[90m [2m❯[22m Object.getElementError node_modules/@testing-library/dom/dist/config.js:[2m37:19[22m[39m
[90m [2m❯[22m getAllByLabelText node_modules/@testing-library/dom/dist/queries/label-text.js:[2m108:40[22m[39m
[90m [2m❯[22m node_modules/@testing-library/dom/dist/query-helpers.js:[2m52:17[22m[39m
[90m [2m❯[22m node_modules/@testing-library/dom/dist/query-helpers.js:[2m95:19[22m[39m
[36m [2m❯[22m src/components/admin/ProductMappingModal.test.tsx:[2m159:36[22m[39m
    [90m157| [39m
    [90m158| [39m    [90m// Fill in form[39m
    [90m159| [39m    const externalIdInput = screen.getByLabelText(/External Product ID…
    [90m   | [39m                                   [31m^[39m
    [90m160| [39m    fireEvent.change(externalIdInput, { target: { value: 'prod_123' } …
    [90m161| [39m

[31m[2m⎯⎯⎯⎯⎯⎯⎯⎯⎯⎯⎯⎯⎯⎯⎯⎯⎯⎯⎯⎯⎯[11/151]⎯[22m[39m

[41m[1m FAIL [22m[49m src/components/admin/ProductMappingModal.test.tsx[2m > [22mProductMappingModal[2m > [22mshould handle API errors
[31m[1mTestingLibraryElementError[22m[39m: Found a label with the text of: /External Product ID/i, however no form control was found associated to that label. Make sure you're using the "for" attribute or "aria-labelledby" attribute correctly.

Ignored nodes: comments, script, style
[36m<body>[39m
  [36m<div>[39m
    [36m<div[39m
      [33mclass[39m=[32m"fixed inset-0 bg-black bg-opacity-50 flex items-center justify-center z-50 p-4"[39m
    [36m>[39m
      [36m<div[39m
        [33mclass[39m=[32m"bg-white rounded-xl shadow-xl max-w-3xl w-full max-h-[90vh] overflow-y-auto"[39m
      [36m>[39m
        [36m<div[39m
          [33mclass[39m=[32m"flex items-center justify-between p-6 border-b border-gray-200 sticky top-0 bg-white"[39m
        [36m>[39m
          [36m<h2[39m
            [33mclass[39m=[32m"text-xl font-bold text-gray-900"[39m
          [36m>[39m
            [0mAdd Product Mapping[0m
          [36m</h2>[39m
          [36m<button[39m
            [33maria-label[39m=[32m"Close"[39m
            [33mclass[39m=[32m"p-2 hover:bg-gray-100 rounded-lg transition-colors"[39m
          [36m>[39m
            [36m<svg[39m
              [33maria-hidden[39m=[32m"true"[39m
              [33mclass[39m=[32m"lucide lucide-x w-5 h-5 text-gray-500"[39m
              [33mfill[39m=[32m"none"[39m
              [33mheight[39m=[32m"24"[39m
              [33mstroke[39m=[32m"currentColor"[39m
              [33mstroke-linecap[39m=[32m"round"[39m
              [33mstroke-linejoin[39m=[32m"round"[39m
              [33mstroke-width[39m=[32m"2"[39m
              [33mviewBox[39m=[32m"0 0 24 24"[39m
              [33mwidth[39m=[32m"24"[39m
              [33mxmlns[39m=[32m"http://www.w3.org/2000/svg"[39m
            [36m>[39m
              [36m<path[39m
                [33md[39m=[32m"M18 6 6 18"[39m
              [36m/>[39m
              [36m<path[39m
                [33md[39m=[32m"m6 6 12 12"[39m
              [36m/>[39m
            [36m</svg>[39m
          [36m</button>[39m
        [36m</div>[39m
        [36m<form[39m
          [33mclass[39m=[32m"p-6 space-y-6"[39m
        [36m>[39m
          [36m<div>[39m
            [36m<label[39m
              [33mclass[39m=[32m"block text-sm font-medium text-gray-700 mb-2"[39m
            [36m>[39m
              [0mIntegration Platform *[0m
            [36m</label>[39m
            [36m<select[39m
              [33mclass[39m=[32m"w-full px-3 py-2 border rounded-lg focus:ring-2 focus:ring-slate-900 focus:border-transparent border-gray-300"[39m
              [33mrequired[39m=[32m""[39m
            [36m>[39m
              [36m<option[39m
                [33mvalue[39m=[32m""[39m
              [36m>[39m
                [0mSelect Integration[0m
              [36m</option>[39m
              [36m<option[39m
                [33mvalue[39m=[32m"int-1"[39m
              [36m>[39m
                [0mJordyn.app[0m
              [36m</option>[39m
              [36m<option[39m
                [33mvalue[39m=[32m"int-2"[39m
              [36m>[39m
                [0mAgentPulse Cloud[0m
              [36m</option>[39m
            [36m</select>[39m
          [36m</div>[39m
          [36m<div[39m
            [33mclass[39m=[32m"space-y-4"[39m
          [36m>[39m
            [36m<h3[39m
              [33mclass[39m=[32m"text-md font-semibold text-gray-900"[39m
            [36m>[39m
              [0mProduct Identification[0m
            [36m</h3>[39m
            [36m<div[39m
              [33mclass[39m=[32m"grid grid-cols-2 gap-4"[39m
            [36m>[39m
              [36m<div>[39m
                [36m<label[39m
                  [33mclass[39m=[32m"block text-sm font-medium text-gray-700 mb-2"[39m
                [36m>[39m
                  [0mExternal Product ID *[0m
                [36m</label>[39m
                [36m<input[39m
                  [33mclass[39m=[32m"w-full px-3 py-2 border rounded-lg focus:ring-2 focus:ring-slate-900 focus:border-transparent border-gray-300"[39m
                  [33mplaceholder[39m=[32m"e.g., prod_abc123"[39m
                  [33mrequired[39m=[32m""[39m
                  [33mtype[39m=[32m"text"[39m
                  [33mvalue[39m=[32m""[39m
                [36m/>[39m
              [36m</div>[39m
              [36m<div>[39m
                [36m<label[39m
                  [33mclass[39m=[32m"block text-sm font-medium text-gray-700 mb-2"[39m
                [36m>[39m
                  [0mProduct SKU (Optional)[0m
                [36m</label>[39m
                [36m<input[39m
                  [33mclass[39m=[32m"w-full px-3 py-2 border border-gray-300 rounded-lg focus:ring-2 focus:ring-slate-900 focus:border-transparent"[39m
                  [33mplaceholder[39m=[32m"e.g., SKU-001"[39m
                  [33mtype[39m=[32m"text"[39m
                  [33mvalue[39m=[32m""[39m
                [36m/>[39m
              [36m</div>[39m
            [36m</div>[39m
            [36m<div>[39m
              [36m<label[39m
                [33mclass[39m=[32m"block text-sm font-medium text-gray-700 mb-2"[39m
              [36m>[39m
                [0mProduct Name *[0m
              [36m</label>[39m
              [36m<input[39m
                [33mclass[39m=[32m"w-full px-3 py-2 border rounded-lg focus:ring-2 focus:ring-slate-900 focus:border-transparent border-gray-300"[39m
                [33mplaceholder[39m=[32m"e.g., AgentPulse WarmLine Pro"[39m
                [33mrequired[39m=[32m""[39m
                [33mtype[39m=[32m"text"[39m
                [33mvalue[39m=[32m""[39m
              [36m/>[39m
            [36m</div>[39m
          [36m</div>[39m
          [36m<div[39m
            [33mclass[39m=[32m"space-y-4"[39m
          [36m>[39m
            [36m<h3[39m
              [33mclass[39m=[32m"text-md font-semibold text-gray-900"[39m
            [36m>[39m
              [0mCredits Per Sale[0m
            [36m</h3>[39m
            [36m<div[39m
              [33mclass[39m=[32m"grid grid-cols-2 gap-4"[39m
            [36m>[39m
              [36m<div>[39m
                [36m<label[39m
                  [33mclass[39m=[32m"block text-sm font-medium text-gray-700 mb-2"[39m
                [36m>[39m
                  [0mTech Credits[0m
                [36m</label>[39m
                [36m<input[39m
                  [33mclass[39m=[32m"w-full px-3 py-2 border rounded-lg focus:ring-2 focus:ring-slate-900 focus:border-transparent border-gray-300"[39m
                  [33mmin[39m=[32m"0"[39m
                  [33mplaceholder[39m=[32m"0.00"[39m
                  [33mstep[39m=[32m"0.01"[39m
                  [33mtype[39m=[32m"number"[39m
                  [33mvalue[39m=[32m"0"[39m
                [36m/>[39m
              [36m</div>[39m
              [36m<div>[39m
                [36m<label[39m
                  [33mclass[39m=[32m"block text-sm font-medium text-gray-700 mb-2"[39m
                [36m>[39m
                  [0mInsurance Credits[0m
                [36m</label>[39m
                [36m<input[39m
                  [33mclass[39m=[32m"w-full px-3 py-2 border rounded-lg focus:ring-2 focus:ring-slate-900 focus:border-transparent border-gray-300"[39m
                  [33mmin[39m=[32m"0"[39m
                  [33mplaceholder[39m=[32m"0.00"[39m
                  [33mstep[39m=[32m"0.01"[39m
                  [33mtype[39m=[32m"number"[39m
                  [33mvalue[39m=[32m"0"[39m
                [36m/>[39m
              [36m</div>[39m
            [36m</div>[39m
          [36m</div>[39m
          [36m<div[39m
            [33mclass[39m=[32m"space-y-4"[39m
          [36m>[39m
            [36m<h3[39m
              [33mclass[39m=[32m"text-md font-semibold text-gray-900"[39m
            [36m>[39m
              [0mCommission Configuration[0m
            [36m</h3>[39m
            [36m<div>[39m
              [36m<label[39m
                [33mclass[39m=[32m"block text-sm font-medium text-gray-700 mb-2"[39m
              [36m>[39m
                [0mCommission Type[0m
              [36m</label>[39m
              [36m<select[39m
                [33mclass[39m=[32m"w-full px-3 py-2 border border-gray-300 rounded-lg focus:ring-2 focus:ring-slate-900 focus:border-transparent"[39m
              [36m>[39m
                [36m<option[39m
                  [33mvalue[39m=[32m"credits"[39m
                [36m>[39m
                  [0mCredits Only[0m
                [36m</option>[39m
                [36m<option[39m
                  [33mvalue[39m=[32m"percentage"[39m
                [36m>[39m
                  [0mPercentage[0m
                [36m</option>[39m
                [36m<option[39m
                  [33mvalue[39m=[32m"fixed"[39m
                [36m>[39m
                  [0mFixed Amount[0m
                [36m</option>[39m
                [36m<option[39m
                  [33mvalue[39m=[32m"none"[39m
                [36m>[39m
                  [0mNone[0m
                [36m</option>[39m
              [36m</select>[39m
            [36m</div>[39m
          [36m</div>[39m
          [36m<div>[39m
            [36m<label[39m
              [33mclass[39m=[32m"block text-sm font-medium text-gray-700 mb-2"[39m
            [36m>[39m
              [0mNotes (Optional)[0m
            [36m</label>[39m
            [36m<textarea[39m
              [33mclass[39m=[32m"w-full px-3 py-2 border border-gray-300 rounded-lg focus:ring-2 focus:ring-slate-900 focus:border-transparent"[39m
              [33mplaceholder[39m=[32m"Internal notes about this mapping"[39m
              [33mrows[39m=[32m"3"[39m
            [36m/>[39m
          [36m</div>[39m
          [36m<div>[39m
            [36m<label[39m
              [33mclass[39m=[32m"flex items-center gap-2 cursor-pointer"[39m
            [36m>[39m
              [36m<input[39m
                [33mchecked[39m=[32m""[39m
                [33mclass[39m=[32m"rounded border-gray-300 text-slate-900 focus:ring-slate-900"[39m
                [33mtype[39m=[32m"checkbox"[39m
              [36m/>[39m
              [36m<span[39m
                [33mclass[39m=[32m"text-sm font-medium text-gray-700"[39m
              [36m>[39m
                [0mActive (mapping is enabled)[0m
              [36m</span>[39m
            [36m</label>[39m
          [36m</div>[39m
          [36m<div[39m
            [33mclass[39m=[32m"flex gap-3 pt-4 border-t border-gray-200"[39m
          [36m>[39m
            [36m<button[39m
              [33mclass[39m=[32m"flex-1 px-4 py-2 border border-gray-300 text-gray-700 rounded-lg hover:bg-gray-50 disabled:opacity-50 transition-colors"[39m
              [33mtype[39m=[32m"button"[39m
            [36m>[39m
              [0mCancel[0m
            [36m</button>[39m
            [36m<button[39m
              [33mclass[39m=[32m"flex-1 px-4 py-2 bg-slate-900 text-white rounded-lg hover:bg-slate-800 disabled:opacity-50 transition-colors"[39m
              [33mtype[39m=[32m"submit"[39m
            [36m>[39m
              [0mCreate Mapping[0m
            [36m</button>[39m
          [36m</div>[39m
        [36m</form>[39m
      [36m</div>[39m
    [36m</div>[39m
  [36m</div>[39m
[36m</body>[39m
[90m [2m❯[22m Object.getElementError node_modules/@testing-library/dom/dist/config.js:[2m37:19[22m[39m
[90m [2m❯[22m getAllByLabelText node_modules/@testing-library/dom/dist/queries/label-text.js:[2m108:40[22m[39m
[90m [2m❯[22m node_modules/@testing-library/dom/dist/query-helpers.js:[2m52:17[22m[39m
[90m [2m❯[22m node_modules/@testing-library/dom/dist/query-helpers.js:[2m95:19[22m[39m
[36m [2m❯[22m src/components/admin/ProductMappingModal.test.tsx:[2m197:36[22m[39m
    [90m195| [39m
    [90m196| [39m    [90m// Fill in form[39m
    [90m197| [39m    const externalIdInput = screen.getByLabelText(/External Product ID…
    [90m   | [39m                                   [31m^[39m
    [90m198| [39m    fireEvent.change(externalIdInput, { target: { value: 'prod_123' } …
    [90m199| [39m

[31m[2m⎯⎯⎯⎯⎯⎯⎯⎯⎯⎯⎯⎯⎯⎯⎯⎯⎯⎯⎯⎯⎯[12/151]⎯[22m[39m

[41m[1m FAIL [22m[49m src/components/admin/ProductMappingModal.test.tsx[2m > [22mProductMappingModal[2m > [22mshould show percentage inputs when commission type is percentage
[31m[1mTestingLibraryElementError[22m[39m: Found a label with the text of: /Commission Type/i, however no form control was found associated to that label. Make sure you're using the "for" attribute or "aria-labelledby" attribute correctly.

Ignored nodes: comments, script, style
[36m<body>[39m
  [36m<div>[39m
    [36m<div[39m
      [33mclass[39m=[32m"fixed inset-0 bg-black bg-opacity-50 flex items-center justify-center z-50 p-4"[39m
    [36m>[39m
      [36m<div[39m
        [33mclass[39m=[32m"bg-white rounded-xl shadow-xl max-w-3xl w-full max-h-[90vh] overflow-y-auto"[39m
      [36m>[39m
        [36m<div[39m
          [33mclass[39m=[32m"flex items-center justify-between p-6 border-b border-gray-200 sticky top-0 bg-white"[39m
        [36m>[39m
          [36m<h2[39m
            [33mclass[39m=[32m"text-xl font-bold text-gray-900"[39m
          [36m>[39m
            [0mAdd Product Mapping[0m
          [36m</h2>[39m
          [36m<button[39m
            [33maria-label[39m=[32m"Close"[39m
            [33mclass[39m=[32m"p-2 hover:bg-gray-100 rounded-lg transition-colors"[39m
          [36m>[39m
            [36m<svg[39m
              [33maria-hidden[39m=[32m"true"[39m
              [33mclass[39m=[32m"lucide lucide-x w-5 h-5 text-gray-500"[39m
              [33mfill[39m=[32m"none"[39m
              [33mheight[39m=[32m"24"[39m
              [33mstroke[39m=[32m"currentColor"[39m
              [33mstroke-linecap[39m=[32m"round"[39m
              [33mstroke-linejoin[39m=[32m"round"[39m
              [33mstroke-width[39m=[32m"2"[39m
              [33mviewBox[39m=[32m"0 0 24 24"[39m
              [33mwidth[39m=[32m"24"[39m
              [33mxmlns[39m=[32m"http://www.w3.org/2000/svg"[39m
            [36m>[39m
              [36m<path[39m
                [33md[39m=[32m"M18 6 6 18"[39m
              [36m/>[39m
              [36m<path[39m
                [33md[39m=[32m"m6 6 12 12"[39m
              [36m/>[39m
            [36m</svg>[39m
          [36m</button>[39m
        [36m</div>[39m
        [36m<form[39m
          [33mclass[39m=[32m"p-6 space-y-6"[39m
        [36m>[39m
          [36m<div>[39m
            [36m<label[39m
              [33mclass[39m=[32m"block text-sm font-medium text-gray-700 mb-2"[39m
            [36m>[39m
              [0mIntegration Platform *[0m
            [36m</label>[39m
            [36m<select[39m
              [33mclass[39m=[32m"w-full px-3 py-2 border rounded-lg focus:ring-2 focus:ring-slate-900 focus:border-transparent border-gray-300"[39m
              [33mrequired[39m=[32m""[39m
            [36m>[39m
              [36m<option[39m
                [33mvalue[39m=[32m""[39m
              [36m>[39m
                [0mSelect Integration[0m
              [36m</option>[39m
              [36m<option[39m
                [33mvalue[39m=[32m"int-1"[39m
              [36m>[39m
                [0mJordyn.app[0m
              [36m</option>[39m
              [36m<option[39m
                [33mvalue[39m=[32m"int-2"[39m
              [36m>[39m
                [0mAgentPulse Cloud[0m
              [36m</option>[39m
            [36m</select>[39m
          [36m</div>[39m
          [36m<div[39m
            [33mclass[39m=[32m"space-y-4"[39m
          [36m>[39m
            [36m<h3[39m
              [33mclass[39m=[32m"text-md font-semibold text-gray-900"[39m
            [36m>[39m
              [0mProduct Identification[0m
            [36m</h3>[39m
            [36m<div[39m
              [33mclass[39m=[32m"grid grid-cols-2 gap-4"[39m
            [36m>[39m
              [36m<div>[39m
                [36m<label[39m
                  [33mclass[39m=[32m"block text-sm font-medium text-gray-700 mb-2"[39m
                [36m>[39m
                  [0mExternal Product ID *[0m
                [36m</label>[39m
                [36m<input[39m
                  [33mclass[39m=[32m"w-full px-3 py-2 border rounded-lg focus:ring-2 focus:ring-slate-900 focus:border-transparent border-gray-300"[39m
                  [33mplaceholder[39m=[32m"e.g., prod_abc123"[39m
                  [33mrequired[39m=[32m""[39m
                  [33mtype[39m=[32m"text"[39m
                  [33mvalue[39m=[32m""[39m
                [36m/>[39m
              [36m</div>[39m
              [36m<div>[39m
                [36m<label[39m
                  [33mclass[39m=[32m"block text-sm font-medium text-gray-700 mb-2"[39m
                [36m>[39m
                  [0mProduct SKU (Optional)[0m
                [36m</label>[39m
                [36m<input[39m
                  [33mclass[39m=[32m"w-full px-3 py-2 border border-gray-300 rounded-lg focus:ring-2 focus:ring-slate-900 focus:border-transparent"[39m
                  [33mplaceholder[39m=[32m"e.g., SKU-001"[39m
                  [33mtype[39m=[32m"text"[39m
                  [33mvalue[39m=[32m""[39m
                [36m/>[39m
              [36m</div>[39m
            [36m</div>[39m
            [36m<div>[39m
              [36m<label[39m
                [33mclass[39m=[32m"block text-sm font-medium text-gray-700 mb-2"[39m
              [36m>[39m
                [0mProduct Name *[0m
              [36m</label>[39m
              [36m<input[39m
                [33mclass[39m=[32m"w-full px-3 py-2 border rounded-lg focus:ring-2 focus:ring-slate-900 focus:border-transparent border-gray-300"[39m
                [33mplaceholder[39m=[32m"e.g., AgentPulse WarmLine Pro"[39m
                [33mrequired[39m=[32m""[39m
                [33mtype[39m=[32m"text"[39m
                [33mvalue[39m=[32m""[39m
              [36m/>[39m
            [36m</div>[39m
          [36m</div>[39m
          [36m<div[39m
            [33mclass[39m=[32m"space-y-4"[39m
          [36m>[39m
            [36m<h3[39m
              [33mclass[39m=[32m"text-md font-semibold text-gray-900"[39m
            [36m>[39m
              [0mCredits Per Sale[0m
            [36m</h3>[39m
            [36m<div[39m
              [33mclass[39m=[32m"grid grid-cols-2 gap-4"[39m
            [36m>[39m
              [36m<div>[39m
                [36m<label[39m
                  [33mclass[39m=[32m"block text-sm font-medium text-gray-700 mb-2"[39m
                [36m>[39m
                  [0mTech Credits[0m
                [36m</label>[39m
                [36m<input[39m
                  [33mclass[39m=[32m"w-full px-3 py-2 border rounded-lg focus:ring-2 focus:ring-slate-900 focus:border-transparent border-gray-300"[39m
                  [33mmin[39m=[32m"0"[39m
                  [33mplaceholder[39m=[32m"0.00"[39m
                  [33mstep[39m=[32m"0.01"[39m
                  [33mtype[39m=[32m"number"[39m
                  [33mvalue[39m=[32m"0"[39m
                [36m/>[39m
              [36m</div>[39m
              [36m<div>[39m
                [36m<label[39m
                  [33mclass[39m=[32m"block text-sm font-medium text-gray-700 mb-2"[39m
                [36m>[39m
                  [0mInsurance Credits[0m
                [36m</label>[39m
                [36m<input[39m
                  [33mclass[39m=[32m"w-full px-3 py-2 border rounded-lg focus:ring-2 focus:ring-slate-900 focus:border-transparent border-gray-300"[39m
                  [33mmin[39m=[32m"0"[39m
                  [33mplaceholder[39m=[32m"0.00"[39m
                  [33mstep[39m=[32m"0.01"[39m
                  [33mtype[39m=[32m"number"[39m
                  [33mvalue[39m=[32m"0"[39m
                [36m/>[39m
              [36m</div>[39m
            [36m</div>[39m
          [36m</div>[39m
          [36m<div[39m
            [33mclass[39m=[32m"space-y-4"[39m
          [36m>[39m
            [36m<h3[39m
              [33mclass[39m=[32m"text-md font-semibold text-gray-900"[39m
            [36m>[39m
              [0mCommission Configuration[0m
            [36m</h3>[39m
            [36m<div>[39m
              [36m<label[39m
                [33mclass[39m=[32m"block text-sm font-medium text-gray-700 mb-2"[39m
              [36m>[39m
                [0mCommission Type[0m
              [36m</label>[39m
              [36m<select[39m
                [33mclass[39m=[32m"w-full px-3 py-2 border border-gray-300 rounded-lg focus:ring-2 focus:ring-slate-900 focus:border-transparent"[39m
              [36m>[39m
                [36m<option[39m
                  [33mvalue[39m=[32m"credits"[39m
                [36m>[39m
                  [0mCredits Only[0m
                [36m</option>[39m
                [36m<option[39m
                  [33mvalue[39m=[32m"percentage"[39m
                [36m>[39m
                  [0mPercentage[0m
                [36m</option>[39m
                [36m<option[39m
                  [33mvalue[39m=[32m"fixed"[39m
                [36m>[39m
                  [0mFixed Amount[0m
                [36m</option>[39m
                [36m<option[39m
                  [33mvalue[39m=[32m"none"[39m
                [36m>[39m
                  [0mNone[0m
                [36m</option>[39m
              [36m</select>[39m
            [36m</div>[39m
          [36m</div>[39m
          [36m<div>[39m
            [36m<label[39m
              [33mclass[39m=[32m"block text-sm font-medium text-gray-700 mb-2"[39m
            [36m>[39m
              [0mNotes (Optional)[0m
            [36m</label>[39m
            [36m<textarea[39m
              [33mclass[39m=[32m"w-full px-3 py-2 border border-gray-300 rounded-lg focus:ring-2 focus:ring-slate-900 focus:border-transparent"[39m
              [33mplaceholder[39m=[32m"Internal notes about this mapping"[39m
              [33mrows[39m=[32m"3"[39m
            [36m/>[39m
          [36m</div>[39m
          [36m<div>[39m
            [36m<label[39m
              [33mclass[39m=[32m"flex items-center gap-2 cursor-pointer"[39m
            [36m>[39m
              [36m<input[39m
                [33mchecked[39m=[32m""[39m
                [33mclass[39m=[32m"rounded border-gray-300 text-slate-900 focus:ring-slate-900"[39m
                [33mtype[39m=[32m"checkbox"[39m
              [36m/>[39m
              [36m<span[39m
                [33mclass[39m=[32m"text-sm font-medium text-gray-700"[39m
              [36m>[39m
                [0mActive (mapping is enabled)[0m
              [36m</span>[39m
            [36m</label>[39m
          [36m</div>[39m
          [36m<div[39m
            [33mclass[39m=[32m"flex gap-3 pt-4 border-t border-gray-200"[39m
          [36m>[39m
            [36m<button[39m
              [33mclass[39m=[32m"flex-1 px-4 py-2 border border-gray-300 text-gray-700 rounded-lg hover:bg-gray-50 disabled:opacity-50 transition-colors"[39m
              [33mtype[39m=[32m"button"[39m
            [36m>[39m
              [0mCancel[0m
            [36m</button>[39m
            [36m<button[39m
              [33mclass[39m=[32m"flex-1 px-4 py-2 bg-slate-900 text-white rounded-lg hover:bg-slate-800 disabled:opacity-50 transition-colors"[39m
              [33mtype[39m=[32m"submit"[39m
            [36m>[39m
              [0mCreate Mapping[0m
            [36m</button>[39m
          [36m</div>[39m
        [36m</form>[39m
      [36m</div>[39m
    [36m</div>[39m
  [36m</div>[39m
[36m</body>[39m
[90m [2m❯[22m Object.getElementError node_modules/@testing-library/dom/dist/config.js:[2m37:19[22m[39m
[90m [2m❯[22m getAllByLabelText node_modules/@testing-library/dom/dist/queries/label-text.js:[2m108:40[22m[39m
[90m [2m❯[22m node_modules/@testing-library/dom/dist/query-helpers.js:[2m52:17[22m[39m
[90m [2m❯[22m node_modules/@testing-library/dom/dist/query-helpers.js:[2m95:19[22m[39m
[36m [2m❯[22m src/components/admin/ProductMappingModal.test.tsx:[2m234:41[22m[39m
    [90m232| [39m    )[33m;[39m
    [90m233| [39m
    [90m234| [39m    const commissionTypeSelect = screen.getByLabelText(/Commission Typ…
    [90m   | [39m                                        [31m^[39m
    [90m235| [39m    fireEvent.change(commissionTypeSelect, { target: { value: 'percent…
    [90m236| [39m

[31m[2m⎯⎯⎯⎯⎯⎯⎯⎯⎯⎯⎯⎯⎯⎯⎯⎯⎯⎯⎯⎯⎯[13/151]⎯[22m[39m

[41m[1m FAIL [22m[49m src/components/admin/ProductMappingModal.test.tsx[2m > [22mProductMappingModal[2m > [22mshould show fixed amount input when commission type is fixed
[31m[1mTestingLibraryElementError[22m[39m: Found a label with the text of: /Commission Type/i, however no form control was found associated to that label. Make sure you're using the "for" attribute or "aria-labelledby" attribute correctly.

Ignored nodes: comments, script, style
[36m<body>[39m
  [36m<div>[39m
    [36m<div[39m
      [33mclass[39m=[32m"fixed inset-0 bg-black bg-opacity-50 flex items-center justify-center z-50 p-4"[39m
    [36m>[39m
      [36m<div[39m
        [33mclass[39m=[32m"bg-white rounded-xl shadow-xl max-w-3xl w-full max-h-[90vh] overflow-y-auto"[39m
      [36m>[39m
        [36m<div[39m
          [33mclass[39m=[32m"flex items-center justify-between p-6 border-b border-gray-200 sticky top-0 bg-white"[39m
        [36m>[39m
          [36m<h2[39m
            [33mclass[39m=[32m"text-xl font-bold text-gray-900"[39m
          [36m>[39m
            [0mAdd Product Mapping[0m
          [36m</h2>[39m
          [36m<button[39m
            [33maria-label[39m=[32m"Close"[39m
            [33mclass[39m=[32m"p-2 hover:bg-gray-100 rounded-lg transition-colors"[39m
          [36m>[39m
            [36m<svg[39m
              [33maria-hidden[39m=[32m"true"[39m
              [33mclass[39m=[32m"lucide lucide-x w-5 h-5 text-gray-500"[39m
              [33mfill[39m=[32m"none"[39m
              [33mheight[39m=[32m"24"[39m
              [33mstroke[39m=[32m"currentColor"[39m
              [33mstroke-linecap[39m=[32m"round"[39m
              [33mstroke-linejoin[39m=[32m"round"[39m
              [33mstroke-width[39m=[32m"2"[39m
              [33mviewBox[39m=[32m"0 0 24 24"[39m
              [33mwidth[39m=[32m"24"[39m
              [33mxmlns[39m=[32m"http://www.w3.org/2000/svg"[39m
            [36m>[39m
              [36m<path[39m
                [33md[39m=[32m"M18 6 6 18"[39m
              [36m/>[39m
              [36m<path[39m
                [33md[39m=[32m"m6 6 12 12"[39m
              [36m/>[39m
            [36m</svg>[39m
          [36m</button>[39m
        [36m</div>[39m
        [36m<form[39m
          [33mclass[39m=[32m"p-6 space-y-6"[39m
        [36m>[39m
          [36m<div>[39m
            [36m<label[39m
              [33mclass[39m=[32m"block text-sm font-medium text-gray-700 mb-2"[39m
            [36m>[39m
              [0mIntegration Platform *[0m
            [36m</label>[39m
            [36m<select[39m
              [33mclass[39m=[32m"w-full px-3 py-2 border rounded-lg focus:ring-2 focus:ring-slate-900 focus:border-transparent border-gray-300"[39m
              [33mrequired[39m=[32m""[39m
            [36m>[39m
              [36m<option[39m
                [33mvalue[39m=[32m""[39m
              [36m>[39m
                [0mSelect Integration[0m
              [36m</option>[39m
              [36m<option[39m
                [33mvalue[39m=[32m"int-1"[39m
              [36m>[39m
                [0mJordyn.app[0m
              [36m</option>[39m
              [36m<option[39m
                [33mvalue[39m=[32m"int-2"[39m
              [36m>[39m
                [0mAgentPulse Cloud[0m
              [36m</option>[39m
            [36m</select>[39m
          [36m</div>[39m
          [36m<div[39m
            [33mclass[39m=[32m"space-y-4"[39m
          [36m>[39m
            [36m<h3[39m
              [33mclass[39m=[32m"text-md font-semibold text-gray-900"[39m
            [36m>[39m
              [0mProduct Identification[0m
            [36m</h3>[39m
            [36m<div[39m
              [33mclass[39m=[32m"grid grid-cols-2 gap-4"[39m
            [36m>[39m
              [36m<div>[39m
                [36m<label[39m
                  [33mclass[39m=[32m"block text-sm font-medium text-gray-700 mb-2"[39m
                [36m>[39m
                  [0mExternal Product ID *[0m
                [36m</label>[39m
                [36m<input[39m
                  [33mclass[39m=[32m"w-full px-3 py-2 border rounded-lg focus:ring-2 focus:ring-slate-900 focus:border-transparent border-gray-300"[39m
                  [33mplaceholder[39m=[32m"e.g., prod_abc123"[39m
                  [33mrequired[39m=[32m""[39m
                  [33mtype[39m=[32m"text"[39m
                  [33mvalue[39m=[32m""[39m
                [36m/>[39m
              [36m</div>[39m
              [36m<div>[39m
                [36m<label[39m
                  [33mclass[39m=[32m"block text-sm font-medium text-gray-700 mb-2"[39m
                [36m>[39m
                  [0mProduct SKU (Optional)[0m
                [36m</label>[39m
                [36m<input[39m
                  [33mclass[39m=[32m"w-full px-3 py-2 border border-gray-300 rounded-lg focus:ring-2 focus:ring-slate-900 focus:border-transparent"[39m
                  [33mplaceholder[39m=[32m"e.g., SKU-001"[39m
                  [33mtype[39m=[32m"text"[39m
                  [33mvalue[39m=[32m""[39m
                [36m/>[39m
              [36m</div>[39m
            [36m</div>[39m
            [36m<div>[39m
              [36m<label[39m
                [33mclass[39m=[32m"block text-sm font-medium text-gray-700 mb-2"[39m
              [36m>[39m
                [0mProduct Name *[0m
              [36m</label>[39m
              [36m<input[39m
                [33mclass[39m=[32m"w-full px-3 py-2 border rounded-lg focus:ring-2 focus:ring-slate-900 focus:border-transparent border-gray-300"[39m
                [33mplaceholder[39m=[32m"e.g., AgentPulse WarmLine Pro"[39m
                [33mrequired[39m=[32m""[39m
                [33mtype[39m=[32m"text"[39m
                [33mvalue[39m=[32m""[39m
              [36m/>[39m
            [36m</div>[39m
          [36m</div>[39m
          [36m<div[39m
            [33mclass[39m=[32m"space-y-4"[39m
          [36m>[39m
            [36m<h3[39m
              [33mclass[39m=[32m"text-md font-semibold text-gray-900"[39m
            [36m>[39m
              [0mCredits Per Sale[0m
            [36m</h3>[39m
            [36m<div[39m
              [33mclass[39m=[32m"grid grid-cols-2 gap-4"[39m
            [36m>[39m
              [36m<div>[39m
                [36m<label[39m
                  [33mclass[39m=[32m"block text-sm font-medium text-gray-700 mb-2"[39m
                [36m>[39m
                  [0mTech Credits[0m
                [36m</label>[39m
                [36m<input[39m
                  [33mclass[39m=[32m"w-full px-3 py-2 border rounded-lg focus:ring-2 focus:ring-slate-900 focus:border-transparent border-gray-300"[39m
                  [33mmin[39m=[32m"0"[39m
                  [33mplaceholder[39m=[32m"0.00"[39m
                  [33mstep[39m=[32m"0.01"[39m
                  [33mtype[39m=[32m"number"[39m
                  [33mvalue[39m=[32m"0"[39m
                [36m/>[39m
              [36m</div>[39m
              [36m<div>[39m
                [36m<label[39m
                  [33mclass[39m=[32m"block text-sm font-medium text-gray-700 mb-2"[39m
                [36m>[39m
                  [0mInsurance Credits[0m
                [36m</label>[39m
                [36m<input[39m
                  [33mclass[39m=[32m"w-full px-3 py-2 border rounded-lg focus:ring-2 focus:ring-slate-900 focus:border-transparent border-gray-300"[39m
                  [33mmin[39m=[32m"0"[39m
                  [33mplaceholder[39m=[32m"0.00"[39m
                  [33mstep[39m=[32m"0.01"[39m
                  [33mtype[39m=[32m"number"[39m
                  [33mvalue[39m=[32m"0"[39m
                [36m/>[39m
              [36m</div>[39m
            [36m</div>[39m
          [36m</div>[39m
          [36m<div[39m
            [33mclass[39m=[32m"space-y-4"[39m
          [36m>[39m
            [36m<h3[39m
              [33mclass[39m=[32m"text-md font-semibold text-gray-900"[39m
            [36m>[39m
              [0mCommission Configuration[0m
            [36m</h3>[39m
            [36m<div>[39m
              [36m<label[39m
                [33mclass[39m=[32m"block text-sm font-medium text-gray-700 mb-2"[39m
              [36m>[39m
                [0mCommission Type[0m
              [36m</label>[39m
              [36m<select[39m
                [33mclass[39m=[32m"w-full px-3 py-2 border border-gray-300 rounded-lg focus:ring-2 focus:ring-slate-900 focus:border-transparent"[39m
              [36m>[39m
                [36m<option[39m
                  [33mvalue[39m=[32m"credits"[39m
                [36m>[39m
                  [0mCredits Only[0m
                [36m</option>[39m
                [36m<option[39m
                  [33mvalue[39m=[32m"percentage"[39m
                [36m>[39m
                  [0mPercentage[0m
                [36m</option>[39m
                [36m<option[39m
                  [33mvalue[39m=[32m"fixed"[39m
                [36m>[39m
                  [0mFixed Amount[0m
                [36m</option>[39m
                [36m<option[39m
                  [33mvalue[39m=[32m"none"[39m
                [36m>[39m
                  [0mNone[0m
                [36m</option>[39m
              [36m</select>[39m
            [36m</div>[39m
          [36m</div>[39m
          [36m<div>[39m
            [36m<label[39m
              [33mclass[39m=[32m"block text-sm font-medium text-gray-700 mb-2"[39m
            [36m>[39m
              [0mNotes (Optional)[0m
            [36m</label>[39m
            [36m<textarea[39m
              [33mclass[39m=[32m"w-full px-3 py-2 border border-gray-300 rounded-lg focus:ring-2 focus:ring-slate-900 focus:border-transparent"[39m
              [33mplaceholder[39m=[32m"Internal notes about this mapping"[39m
              [33mrows[39m=[32m"3"[39m
            [36m/>[39m
          [36m</div>[39m
          [36m<div>[39m
            [36m<label[39m
              [33mclass[39m=[32m"flex items-center gap-2 cursor-pointer"[39m
            [36m>[39m
              [36m<input[39m
                [33mchecked[39m=[32m""[39m
                [33mclass[39m=[32m"rounded border-gray-300 text-slate-900 focus:ring-slate-900"[39m
                [33mtype[39m=[32m"checkbox"[39m
              [36m/>[39m
              [36m<span[39m
                [33mclass[39m=[32m"text-sm font-medium text-gray-700"[39m
              [36m>[39m
                [0mActive (mapping is enabled)[0m
              [36m</span>[39m
            [36m</label>[39m
          [36m</div>[39m
          [36m<div[39m
            [33mclass[39m=[32m"flex gap-3 pt-4 border-t border-gray-200"[39m
          [36m>[39m
            [36m<button[39m
              [33mclass[39m=[32m"flex-1 px-4 py-2 border border-gray-300 text-gray-700 rounded-lg hover:bg-gray-50 disabled:opacity-50 transition-colors"[39m
              [33mtype[39m=[32m"button"[39m
            [36m>[39m
              [0mCancel[0m
            [36m</button>[39m
            [36m<button[39m
              [33mclass[39m=[32m"flex-1 px-4 py-2 bg-slate-900 text-white rounded-lg hover:bg-slate-800 disabled:opacity-50 transition-colors"[39m
              [33mtype[39m=[32m"submit"[39m
            [36m>[39m
              [0mCreate Mapping[0m
            [36m</button>[39m
          [36m</div>[39m
        [36m</form>[39m
      [36m</div>[39m
    [36m</div>[39m
  [36m</div>[39m
[36m</body>[39m
[90m [2m❯[22m Object.getElementError node_modules/@testing-library/dom/dist/config.js:[2m37:19[22m[39m
[90m [2m❯[22m getAllByLabelText node_modules/@testing-library/dom/dist/queries/label-text.js:[2m108:40[22m[39m
[90m [2m❯[22m node_modules/@testing-library/dom/dist/query-helpers.js:[2m52:17[22m[39m
[90m [2m❯[22m node_modules/@testing-library/dom/dist/query-helpers.js:[2m95:19[22m[39m
[36m [2m❯[22m src/components/admin/ProductMappingModal.test.tsx:[2m249:41[22m[39m
    [90m247| [39m    )[33m;[39m
    [90m248| [39m
    [90m249| [39m    const commissionTypeSelect = screen.getByLabelText(/Commission Typ…
    [90m   | [39m                                        [31m^[39m
    [90m250| [39m    fireEvent.change(commissionTypeSelect, { target: { value: 'fixed' …
    [90m251| [39m

[31m[2m⎯⎯⎯⎯⎯⎯⎯⎯⎯⎯⎯⎯⎯⎯⎯⎯⎯⎯⎯⎯⎯[14/151]⎯[22m[39m

[41m[1m FAIL [22m[49m src/components/genealogy/CompensationTreeView.test.tsx[2m > [22mCompensationTreeView[2m > [22mshould call onMemberClick when provided
[31m[1mAssertionError[22m: expected "vi.fn()" to be called with arguments: [ '1' ][90m

Received: 

[1m  1st vi.fn() call:

[22m[2m  [[22m
[32m-   "1",[90m
[31m+   "dist-1",[90m
[2m  ][22m
[31m[90m

Number of calls: [1m1[22m
[31m[39m
[36m [2m❯[22m src/components/genealogy/CompensationTreeView.test.tsx:[2m122:29[22m[39m
    [90m120| [39m    [35mif[39m (aliceCard) {
    [90m121| [39m      fireEvent[33m.[39m[34mclick[39m(aliceCard)[33m;[39m
    [90m122| [39m      [34mexpect[39m(onMemberClick)[33m.[39m[34mtoHaveBeenCalledWith[39m([32m'1'[39m)[33m;[39m
    [90m   | [39m                            [31m^[39m
    [90m123| [39m    }
    [90m124| [39m  })[33m;[39m

[31m[2m⎯⎯⎯⎯⎯⎯⎯⎯⎯⎯⎯⎯⎯⎯⎯⎯⎯⎯⎯⎯⎯[15/151]⎯[22m[39m

[41m[1m FAIL [22m[49m src/components/genealogy/TreeNodeCard.test.tsx[2m > [22mTreeNodeCard[2m > [22mshould call onMemberClick when card is clicked
[31m[1mAssertionError[22m: expected "vi.fn()" to be called with arguments: [ '123' ][90m

Received: 

[1m  1st vi.fn() call:

[22m[2m  [[22m
[32m-   "123",[90m
[31m+   "dist-123",[90m
[2m  ][22m
[31m[90m

Number of calls: [1m1[22m
[31m[39m
[36m [2m❯[22m src/components/genealogy/TreeNodeCard.test.tsx:[2m110:29[22m[39m
    [90m108| [39m    [35mif[39m (card) {
    [90m109| [39m      fireEvent[33m.[39m[34mclick[39m(card)[33m;[39m
    [90m110| [39m      [34mexpect[39m(onMemberClick)[33m.[39m[34mtoHaveBeenCalledWith[39m([32m'123'[39m)[33m;[39m
    [90m   | [39m                            [31m^[39m
    [90m111| [39m    }
    [90m112| [39m  })[33m;[39m

[31m[2m⎯⎯⎯⎯⎯⎯⎯⎯⎯⎯⎯⎯⎯⎯⎯⎯⎯⎯⎯⎯⎯[16/151]⎯[22m[39m

[41m[1m FAIL [22m[49m src/components/dashboard/CEOVideoSection.test.tsx[2m > [22mCEOVideoSection[2m > [22mshould render the video section with title and subtitle
[31m[1mTestingLibraryElementError[22m: Unable to find an element with the text: Welcome Message from CEO. This could be because the text is broken up by multiple elements. In this case, you can provide a function for your text matcher to make your matcher more flexible.

Ignored nodes: comments, script, style
[36m<body>[31m
  [36m<div>[31m
    [36m<div[31m
      [33mclass[31m=[32m"relative rounded-lg overflow-hidden bg-gradient-to-br from-slate-900 via-slate-800 to-slate-900 shadow-md max-w-sm"[31m
    [36m>[31m
      [36m<button[31m
        [33maria-label[31m=[32m"Close video"[31m
        [33mclass[31m=[32m"absolute top-2 right-2 z-10 p-1 rounded-full bg-slate-800/50 hover:bg-slate-700/70 transition-colors"[31m
        [33mtype[31m=[32m"button"[31m
      [36m>[31m
        [36m<svg[31m
          [33maria-hidden[31m=[32m"true"[31m
          [33mclass[31m=[32m"lucide lucide-x w-4 h-4 text-white"[31m
          [33mfill[31m=[32m"none"[31m
          [33mheight[31m=[32m"24"[31m
          [33mstroke[31m=[32m"currentColor"[31m
          [33mstroke-linecap[31m=[32m"round"[31m
          [33mstroke-linejoin[31m=[32m"round"[31m
          [33mstroke-width[31m=[32m"2"[31m
          [33mviewBox[31m=[32m"0 0 24 24"[31m
          [33mwidth[31m=[32m"24"[31m
          [33mxmlns[31m=[32m"http://www.w3.org/2000/svg"[31m
        [36m>[31m
          [36m<path[31m
            [33md[31m=[32m"M18 6 6 18"[31m
          [36m/>[31m
          [36m<path[31m
            [33md[31m=[32m"m6 6 12 12"[31m
          [36m/>[31m
        [36m</svg>[31m
      [36m</button>[31m
      [36m<div[31m
        [33mclass[31m=[32m"relative aspect-video bg-slate-800"[31m
      [36m>[31m
        [36m<div[31m
          [33mclass[31m=[32m"absolute inset-0 flex items-center justify-center bg-gradient-to-br from-slate-800 to-slate-900"[31m
        [36m>[31m
          [36m<button[31m
            [33maria-label[31m=[32m"Play welcome video"[31m
            [33mclass[31m=[32m"group flex flex-col items-center gap-2 transition-transform hover:scale-105"[31m
            [33mtype[31m=[32m"button"[31m
          [36m>[31m
            [36m<svg[31m
              [33maria-hidden[31m=[32m"true"[31m
              [33mclass[31m=[32m"lucide lucide-circle-play w-12 h-12 text-white drop-shadow-lg group-hover:text-slate-200 transition-colors"[31m
              [33mfill[31m=[32m"none"[31m
              [33mheight[31m=[32m"24"[31m
              [33mstroke[31m=[32m"currentColor"[31m
              [33mstroke-linecap[31m=[32m"round"[31m
              [33mstroke-linejoin[31m=[32m"round"[31m
              [33mstroke-width[31m=[32m"2"[31m
              [33mviewBox[31m=[32m"0 0 24 24"[31m
              [33mwidth[31m=[32m"24"[31m
              [33mxmlns[31m=[32m"http://www.w3.org/2000/svg"[31m
            [36m>[31m
              [36m<path[31m
                [33md[31m=[32m"M9 9.003a1 1 0 0 1 1.517-.859l4.997 2.997a1 1 0 0 1 0 1.718l-4.997 2.997A1 1 0 0 1 9 14.996z"[31m
              [36m/>[31m
              [36m<circle[31m
                [33mcx[31m=[32m"12"[31m
                [33mcy[31m=[32m"12"[31m
                [33mr[31m=[32m"10"[31m
              [36m/>[31m
            [36m</svg>[31m
            [36m<span[31m
              [33mclass[31m=[32m"text-white text-xs font-medium drop-shadow-md"[31m
            [36m>[31m
              [0mWatch Welcome[0m
            [36m</span>[31m
          [36m</button>[31m
        [36m</div>[31m
      [36m</div>[31m
      [36m<div[31m
        [33mclass[31m=[32m"p-4 bg-gradient-to-r from-slate-900 to-slate-800"[31m
      [36m>[31m
        [36m<h3[31m
          [33mclass[31m=[32m"text-sm font-bold text-white mb-1"[31m
        [36m>[31m
          [0mWelcome from CEO[0m
        [36m</h3>[31m
        [36m<p[31m
          [33mclass[31m=[32m"text-slate-400 text-xs mb-3"[31m
        [36m>[31m
          [0mBuilding Success Together[0m
        [36m</p>[31m
        [36m<button[31m
          [33mclass[31m=[32m"text-xs text-slate-400 hover:text-slate-300 underline"[31m
          [33mtype[31m=[32m"button"[31m
        [36m>[31m
          [0mDon't show again[0m
        [36m</button>[31m
      [36m</div>[31m
    [36m</div>[31m
  [36m</div>[31m
[36m</body>[31m[39m
[90m [2m❯[22m Object.getElementError node_modules/@testing-library/dom/dist/config.js:[2m37:19[22m[39m
[90m [2m❯[22m node_modules/@testing-library/dom/dist/query-helpers.js:[2m76:38[22m[39m
[90m [2m❯[22m node_modules/@testing-library/dom/dist/query-helpers.js:[2m52:17[22m[39m
[90m [2m❯[22m node_modules/@testing-library/dom/dist/query-helpers.js:[2m95:19[22m[39m
[36m [2m❯[22m src/components/dashboard/CEOVideoSection.test.tsx:[2m13:19[22m[39m
    [90m 11| [39m    [34mrender[39m([33m<[39m[33mCEOVideoSection[39m [33m/[39m[33m>[39m)[33m;[39m
    [90m 12| [39m
    [90m 13| [39m    expect(screen.getByText('Welcome Message from CEO')).toBeInTheDocu…
    [90m   | [39m                  [31m^[39m
    [90m 14| [39m    expect(screen.getByText('Building Success Together')).toBeInTheDoc…
    [90m 15| [39m  })[33m;[39m

[31m[2m⎯⎯⎯⎯⎯⎯⎯⎯⎯⎯⎯⎯⎯⎯⎯⎯⎯⎯⎯⎯⎯[17/151]⎯[22m[39m

[41m[1m FAIL [22m[49m src/components/dashboard/CEOVideoSection.test.tsx[2m > [22mCEOVideoSection[2m > [22mshould display watch message text
[31m[1mTestingLibraryElementError[22m: Unable to find an element with the text: Watch Welcome Message. This could be because the text is broken up by multiple elements. In this case, you can provide a function for your text matcher to make your matcher more flexible.

Ignored nodes: comments, script, style
[36m<body>[31m
  [36m<div>[31m
    [36m<div[31m
      [33mclass[31m=[32m"relative rounded-lg overflow-hidden bg-gradient-to-br from-slate-900 via-slate-800 to-slate-900 shadow-md max-w-sm"[31m
    [36m>[31m
      [36m<button[31m
        [33maria-label[31m=[32m"Close video"[31m
        [33mclass[31m=[32m"absolute top-2 right-2 z-10 p-1 rounded-full bg-slate-800/50 hover:bg-slate-700/70 transition-colors"[31m
        [33mtype[31m=[32m"button"[31m
      [36m>[31m
        [36m<svg[31m
          [33maria-hidden[31m=[32m"true"[31m
          [33mclass[31m=[32m"lucide lucide-x w-4 h-4 text-white"[31m
          [33mfill[31m=[32m"none"[31m
          [33mheight[31m=[32m"24"[31m
          [33mstroke[31m=[32m"currentColor"[31m
          [33mstroke-linecap[31m=[32m"round"[31m
          [33mstroke-linejoin[31m=[32m"round"[31m
          [33mstroke-width[31m=[32m"2"[31m
          [33mviewBox[31m=[32m"0 0 24 24"[31m
          [33mwidth[31m=[32m"24"[31m
          [33mxmlns[31m=[32m"http://www.w3.org/2000/svg"[31m
        [36m>[31m
          [36m<path[31m
            [33md[31m=[32m"M18 6 6 18"[31m
          [36m/>[31m
          [36m<path[31m
            [33md[31m=[32m"m6 6 12 12"[31m
          [36m/>[31m
        [36m</svg>[31m
      [36m</button>[31m
      [36m<div[31m
        [33mclass[31m=[32m"relative aspect-video bg-slate-800"[31m
      [36m>[31m
        [36m<div[31m
          [33mclass[31m=[32m"absolute inset-0 flex items-center justify-center bg-gradient-to-br from-slate-800 to-slate-900"[31m
        [36m>[31m
          [36m<button[31m
            [33maria-label[31m=[32m"Play welcome video"[31m
            [33mclass[31m=[32m"group flex flex-col items-center gap-2 transition-transform hover:scale-105"[31m
            [33mtype[31m=[32m"button"[31m
          [36m>[31m
            [36m<svg[31m
              [33maria-hidden[31m=[32m"true"[31m
              [33mclass[31m=[32m"lucide lucide-circle-play w-12 h-12 text-white drop-shadow-lg group-hover:text-slate-200 transition-colors"[31m
              [33mfill[31m=[32m"none"[31m
              [33mheight[31m=[32m"24"[31m
              [33mstroke[31m=[32m"currentColor"[31m
              [33mstroke-linecap[31m=[32m"round"[31m
              [33mstroke-linejoin[31m=[32m"round"[31m
              [33mstroke-width[31m=[32m"2"[31m
              [33mviewBox[31m=[32m"0 0 24 24"[31m
              [33mwidth[31m=[32m"24"[31m
              [33mxmlns[31m=[32m"http://www.w3.org/2000/svg"[31m
            [36m>[31m
              [36m<path[31m
                [33md[31m=[32m"M9 9.003a1 1 0 0 1 1.517-.859l4.997 2.997a1 1 0 0 1 0 1.718l-4.997 2.997A1 1 0 0 1 9 14.996z"[31m
              [36m/>[31m
              [36m<circle[31m
                [33mcx[31m=[32m"12"[31m
                [33mcy[31m=[32m"12"[31m
                [33mr[31m=[32m"10"[31m
              [36m/>[31m
            [36m</svg>[31m
            [36m<span[31m
              [33mclass[31m=[32m"text-white text-xs font-medium drop-shadow-md"[31m
            [36m>[31m
              [0mWatch Welcome[0m
            [36m</span>[31m
          [36m</button>[31m
        [36m</div>[31m
      [36m</div>[31m
      [36m<div[31m
        [33mclass[31m=[32m"p-4 bg-gradient-to-r from-slate-900 to-slate-800"[31m
      [36m>[31m
        [36m<h3[31m
          [33mclass[31m=[32m"text-sm font-bold text-white mb-1"[31m
        [36m>[31m
          [0mWelcome from CEO[0m
        [36m</h3>[31m
        [36m<p[31m
          [33mclass[31m=[32m"text-slate-400 text-xs mb-3"[31m
        [36m>[31m
          [0mBuilding Success Together[0m
        [36m</p>[31m
        [36m<button[31m
          [33mclass[31m=[32m"text-xs text-slate-400 hover:text-slate-300 underline"[31m
          [33mtype[31m=[32m"button"[31m
        [36m>[31m
          [0mDon't show again[0m
        [36m</button>[31m
      [36m</div>[31m
    [36m</div>[31m
  [36m</div>[31m
[36m</body>[31m[39m
[90m [2m❯[22m Object.getElementError node_modules/@testing-library/dom/dist/config.js:[2m37:19[22m[39m
[90m [2m❯[22m node_modules/@testing-library/dom/dist/query-helpers.js:[2m76:38[22m[39m
[90m [2m❯[22m node_modules/@testing-library/dom/dist/query-helpers.js:[2m52:17[22m[39m
[90m [2m❯[22m node_modules/@testing-library/dom/dist/query-helpers.js:[2m95:19[22m[39m
[36m [2m❯[22m src/components/dashboard/CEOVideoSection.test.tsx:[2m34:19[22m[39m
    [90m 32| [39m    [34mrender[39m([33m<[39m[33mCEOVideoSection[39m [33m/[39m[33m>[39m)[33m;[39m
    [90m 33| [39m
    [90m 34| [39m    expect(screen.getByText('Watch Welcome Message')).toBeInTheDocumen…
    [90m   | [39m                  [31m^[39m
    [90m 35| [39m  })[33m;[39m
    [90m 36| [39m})[33m;[39m

[31m[2m⎯⎯⎯⎯⎯⎯⎯⎯⎯⎯⎯⎯⎯⎯⎯⎯⎯⎯⎯⎯⎯[18/151]⎯[22m[39m

[41m[1m FAIL [22m[49m src/components/admin/compensation/TechRankEditor.test.tsx[2m > [22mTechRankEditor[2m > [22mshould render page title
[31m[1mTestingLibraryElementError[22m: Unable to find an element with the text: Tech Ladder Ranks. This could be because the text is broken up by multiple elements. In this case, you can provide a function for your text matcher to make your matcher more flexible.

Ignored nodes: comments, script, style
[36m<body>[31m
  [36m<div>[31m
    [36m<div[31m
      [33mclass[31m=[32m"p-12 text-center"[31m
    [36m>[31m
      [36m<div[31m
        [33mclass[31m=[32m"inline-block animate-spin rounded-full h-8 w-8 border-b-2 border-blue-600"[31m
      [36m/>[31m
      [36m<p[31m
        [33mclass[31m=[32m"mt-4 text-gray-600"[31m
      [36m>[31m
        [0mLoading tech ranks configuration...[0m
      [36m</p>[31m
    [36m</div>[31m
  [36m</div>[31m
[36m</body>[31m[39m
[90m [2m❯[22m Object.getElementError node_modules/@testing-library/dom/dist/config.js:[2m37:19[22m[39m
[90m [2m❯[22m node_modules/@testing-library/dom/dist/query-helpers.js:[2m76:38[22m[39m
[90m [2m❯[22m node_modules/@testing-library/dom/dist/query-helpers.js:[2m52:17[22m[39m
[90m [2m❯[22m node_modules/@testing-library/dom/dist/query-helpers.js:[2m95:19[22m[39m
[36m [2m❯[22m src/components/admin/compensation/TechRankEditor.test.tsx:[2m9:19[22m[39m
    [90m  7| [39m    [34mrender[39m([33m<[39m[33mTechRankEditor[39m [33m/[39m[33m>[39m)[33m;[39m
    [90m  8| [39m
    [90m  9| [39m    [34mexpect[39m(screen[33m.[39m[34mgetByText[39m([32m'Tech Ladder Ranks'[39m))[33m.[39m[34mtoBeInTheDocument[39m()[33m;[39m
    [90m   | [39m                  [31m^[39m
    [90m 10| [39m  })[33m;[39m
    [90m 11| [39m

[31m[2m⎯⎯⎯⎯⎯⎯⎯⎯⎯⎯⎯⎯⎯⎯⎯⎯⎯⎯⎯⎯⎯[19/151]⎯[22m[39m

[41m[1m FAIL [22m[49m src/components/admin/compensation/TechRankEditor.test.tsx[2m > [22mTechRankEditor[2m > [22mshould render all 9 ranks
[31m[1mTestingLibraryElementError[22m: Unable to find an element with the display value: Starter.

Ignored nodes: comments, script, style
[36m<body>[31m
  [36m<div>[31m
    [36m<div[31m
      [33mclass[31m=[32m"p-12 text-center"[31m
    [36m>[31m
      [36m<div[31m
        [33mclass[31m=[32m"inline-block animate-spin rounded-full h-8 w-8 border-b-2 border-blue-600"[31m
      [36m/>[31m
      [36m<p[31m
        [33mclass[31m=[32m"mt-4 text-gray-600"[31m
      [36m>[31m
        [0mLoading tech ranks configuration...[0m
      [36m</p>[31m
    [36m</div>[31m
  [36m</div>[31m
[36m</body>[31m[39m
[90m [2m❯[22m Object.getElementError node_modules/@testing-library/dom/dist/config.js:[2m37:19[22m[39m
[90m [2m❯[22m node_modules/@testing-library/dom/dist/query-helpers.js:[2m76:38[22m[39m
[90m [2m❯[22m node_modules/@testing-library/dom/dist/query-helpers.js:[2m52:17[22m[39m
[90m [2m❯[22m node_modules/@testing-library/dom/dist/query-helpers.js:[2m95:19[22m[39m
[36m [2m❯[22m src/components/admin/compensation/TechRankEditor.test.tsx:[2m15:19[22m[39m
    [90m 13| [39m    [34mrender[39m([33m<[39m[33mTechRankEditor[39m [33m/[39m[33m>[39m)[33m;[39m
    [90m 14| [39m
    [90m 15| [39m    [34mexpect[39m(screen[33m.[39m[34mgetByDisplayValue[39m([32m'Starter'[39m))[33m.[39m[34mtoBeInTheDocument[39m()[33m;[39m
    [90m   | [39m                  [31m^[39m
    [90m 16| [39m    [34mexpect[39m(screen[33m.[39m[34mgetByDisplayValue[39m([32m'Builder'[39m))[33m.[39m[34mtoBeInTheDocument[39m()[33m;[39m
    [90m 17| [39m    [34mexpect[39m(screen[33m.[39m[34mgetByDisplayValue[39m([32m'Elite'[39m))[33m.[39m[34mtoBeInTheDocument[39m()[33m;[39m

[31m[2m⎯⎯⎯⎯⎯⎯⎯⎯⎯⎯⎯⎯⎯⎯⎯⎯⎯⎯⎯⎯⎯[20/151]⎯[22m[39m

[41m[1m FAIL [22m[49m src/components/admin/compensation/TechRankEditor.test.tsx[2m > [22mTechRankEditor[2m > [22mshould update rank name when edited
[31m[1mTestingLibraryElementError[22m: Unable to find an element with the display value: Starter.

Ignored nodes: comments, script, style
[36m<body>[31m
  [36m<div>[31m
    [36m<div[31m
      [33mclass[31m=[32m"p-12 text-center"[31m
    [36m>[31m
      [36m<div[31m
        [33mclass[31m=[32m"inline-block animate-spin rounded-full h-8 w-8 border-b-2 border-blue-600"[31m
      [36m/>[31m
      [36m<p[31m
        [33mclass[31m=[32m"mt-4 text-gray-600"[31m
      [36m>[31m
        [0mLoading tech ranks configuration...[0m
      [36m</p>[31m
    [36m</div>[31m
  [36m</div>[31m
[36m</body>[31m[39m
[90m [2m❯[22m Object.getElementError node_modules/@testing-library/dom/dist/config.js:[2m37:19[22m[39m
[90m [2m❯[22m node_modules/@testing-library/dom/dist/query-helpers.js:[2m76:38[22m[39m
[90m [2m❯[22m node_modules/@testing-library/dom/dist/query-helpers.js:[2m52:17[22m[39m
[90m [2m❯[22m node_modules/@testing-library/dom/dist/query-helpers.js:[2m95:19[22m[39m
[36m [2m❯[22m src/components/admin/compensation/TechRankEditor.test.tsx:[2m23:33[22m[39m
    [90m 21| [39m    [34mrender[39m([33m<[39m[33mTechRankEditor[39m [33m/[39m[33m>[39m)[33m;[39m
    [90m 22| [39m
    [90m 23| [39m    [35mconst[39m starterInput [33m=[39m screen[33m.[39m[34mgetByDisplayValue[39m([32m'Starter'[39m)[33m;[39m
    [90m   | [39m                                [31m^[39m
    [90m 24| [39m    fireEvent[33m.[39m[34mchange[39m(starterInput[33m,[39m { target[33m:[39m { value[33m:[39m [32m'Beginner'[39m } })[33m;[39m
    [90m 25| [39m

[31m[2m⎯⎯⎯⎯⎯⎯⎯⎯⎯⎯⎯⎯⎯⎯⎯⎯⎯⎯⎯⎯⎯[21/151]⎯[22m[39m

[41m[1m FAIL [22m[49m src/components/admin/compensation/TechRankEditor.test.tsx[2m > [22mTechRankEditor[2m > [22mshould show save button when changes are made
[31m[1mTestingLibraryElementError[22m: Unable to find an element with the display value: Starter.

Ignored nodes: comments, script, style
[36m<body>[31m
  [36m<div>[31m
    [36m<div[31m
      [33mclass[31m=[32m"p-12 text-center"[31m
    [36m>[31m
      [36m<div[31m
        [33mclass[31m=[32m"inline-block animate-spin rounded-full h-8 w-8 border-b-2 border-blue-600"[31m
      [36m/>[31m
      [36m<p[31m
        [33mclass[31m=[32m"mt-4 text-gray-600"[31m
      [36m>[31m
        [0mLoading tech ranks configuration...[0m
      [36m</p>[31m
    [36m</div>[31m
  [36m</div>[31m
[36m</body>[31m[39m
[90m [2m❯[22m Object.getElementError node_modules/@testing-library/dom/dist/config.js:[2m37:19[22m[39m
[90m [2m❯[22m node_modules/@testing-library/dom/dist/query-helpers.js:[2m76:38[22m[39m
[90m [2m❯[22m node_modules/@testing-library/dom/dist/query-helpers.js:[2m52:17[22m[39m
[90m [2m❯[22m node_modules/@testing-library/dom/dist/query-helpers.js:[2m95:19[22m[39m
[36m [2m❯[22m src/components/admin/compensation/TechRankEditor.test.tsx:[2m32:33[22m[39m
    [90m 30| [39m    [34mrender[39m([33m<[39m[33mTechRankEditor[39m [33m/[39m[33m>[39m)[33m;[39m
    [90m 31| [39m
    [90m 32| [39m    [35mconst[39m starterInput [33m=[39m screen[33m.[39m[34mgetByDisplayValue[39m([32m'Starter'[39m)[33m;[39m
    [90m   | [39m                                [31m^[39m
    [90m 33| [39m    fireEvent[33m.[39m[34mchange[39m(starterInput[33m,[39m { target[33m:[39m { value[33m:[39m [32m'Beginner'[39m } })[33m;[39m
    [90m 34| [39m

[31m[2m⎯⎯⎯⎯⎯⎯⎯⎯⎯⎯⎯⎯⎯⎯⎯⎯⎯⎯⎯⎯⎯[22/151]⎯[22m[39m

[41m[1m FAIL [22m[49m src/components/admin/compensation/TechRankEditor.test.tsx[2m > [22mTechRankEditor[2m > [22mshould handle save button click
[31m[1mTestingLibraryElementError[22m: Unable to find an element with the display value: Starter.

Ignored nodes: comments, script, style
[36m<body>[31m
  [36m<div>[31m
    [36m<div[31m
      [33mclass[31m=[32m"p-12 text-center"[31m
    [36m>[31m
      [36m<div[31m
        [33mclass[31m=[32m"inline-block animate-spin rounded-full h-8 w-8 border-b-2 border-blue-600"[31m
      [36m/>[31m
      [36m<p[31m
        [33mclass[31m=[32m"mt-4 text-gray-600"[31m
      [36m>[31m
        [0mLoading tech ranks configuration...[0m
      [36m</p>[31m
    [36m</div>[31m
  [36m</div>[31m
[36m</body>[31m[39m
[90m [2m❯[22m Object.getElementError node_modules/@testing-library/dom/dist/config.js:[2m37:19[22m[39m
[90m [2m❯[22m node_modules/@testing-library/dom/dist/query-helpers.js:[2m76:38[22m[39m
[90m [2m❯[22m node_modules/@testing-library/dom/dist/query-helpers.js:[2m52:17[22m[39m
[90m [2m❯[22m node_modules/@testing-library/dom/dist/query-helpers.js:[2m95:19[22m[39m
[36m [2m❯[22m src/components/admin/compensation/TechRankEditor.test.tsx:[2m41:33[22m[39m
    [90m 39| [39m    [34mrender[39m([33m<[39m[33mTechRankEditor[39m [33m/[39m[33m>[39m)[33m;[39m
    [90m 40| [39m
    [90m 41| [39m    [35mconst[39m starterInput [33m=[39m screen[33m.[39m[34mgetByDisplayValue[39m([32m'Starter'[39m)[33m;[39m
    [90m   | [39m                                [31m^[39m
    [90m 42| [39m    fireEvent[33m.[39m[34mchange[39m(starterInput[33m,[39m { target[33m:[39m { value[33m:[39m [32m'Beginner'[39m } })[33m;[39m
    [90m 43| [39m

[31m[2m⎯⎯⎯⎯⎯⎯⎯⎯⎯⎯⎯⎯⎯⎯⎯⎯⎯⎯⎯⎯⎯[23/151]⎯[22m[39m

[41m[1m FAIL [22m[49m src/components/admin/compensation/WaterfallEditor.test.tsx[2m > [22mWaterfallEditor[2m > [22mshould render standard and business center sections
[41m[1m FAIL [22m[49m src/components/admin/compensation/WaterfallEditor.test.tsx[2m > [22mWaterfallEditor[2m > [22mshould render all waterfall fields
[41m[1m FAIL [22m[49m src/components/admin/compensation/WaterfallEditor.test.tsx[2m > [22mWaterfallEditor[2m > [22mshould update slider value when changed
[41m[1m FAIL [22m[49m src/components/admin/compensation/WaterfallEditor.test.tsx[2m > [22mWaterfallEditor[2m > [22mshould show save button when dirty
[41m[1m FAIL [22m[49m src/components/admin/compensation/WaterfallEditor.test.tsx[2m > [22mWaterfallEditor[2m > [22mshould show visual breakdown chart
[31m[1mTypeError[22m: Cannot read properties of undefined (reading 'BOTMAKERS_FEE_PCT')[39m
[36m [2m❯[22m WaterfallEditor src/components/admin/compensation/WaterfallEditor.tsx:[2m32:36[22m[39m
    [90m 30| [39m[35mexport[39m [35mdefault[39m [35mfunction[39m [33mWaterfallEditor[39m() {
    [90m 31| [39m  const [standardConfig, setStandardConfig] = useState<WaterfallConfig…
    [90m 32| [39m    botmakersFee[33m:[39m [33mWATERFALL_CONFIG[39m[33m.[39m[33mBOTMAKERS_FEE_PCT[39m [33m*[39m [34m100[39m[33m,[39m
    [90m   | [39m                                   [31m^[39m
    [90m 33| [39m    apexTake[33m:[39m [33mWATERFALL_CONFIG[39m[33m.[39m[33mAPEX_TAKE_PCT[39m [33m*[39m [34m100[39m[33m,[39m
    [90m 34| [39m    bonusPool[33m:[39m [33mWATERFALL_CONFIG[39m[33m.[39m[33mBONUS_POOL_PCT[39m [33m*[39m [34m100[39m[33m,[39m
[90m [2m❯[22m Object.react_stack_bottom_frame node_modules/react-dom/cjs/react-dom-client.development.js:[2m25904:20[22m[39m
[90m [2m❯[22m renderWithHooks node_modules/react-dom/cjs/react-dom-client.development.js:[2m7662:22[22m[39m
[90m [2m❯[22m updateFunctionComponent node_modules/react-dom/cjs/react-dom-client.development.js:[2m10166:19[22m[39m
[90m [2m❯[22m beginWork node_modules/react-dom/cjs/react-dom-client.development.js:[2m11778:18[22m[39m
[90m [2m❯[22m runWithFiberInDEV node_modules/react-dom/cjs/react-dom-client.development.js:[2m874:13[22m[39m
[90m [2m❯[22m performUnitOfWork node_modules/react-dom/cjs/react-dom-client.development.js:[2m17641:22[22m[39m
[90m [2m❯[22m workLoopSync node_modules/react-dom/cjs/react-dom-client.development.js:[2m17469:41[22m[39m
[90m [2m❯[22m renderRootSync node_modules/react-dom/cjs/react-dom-client.development.js:[2m17450:11[22m[39m
[90m [2m❯[22m performWorkOnRoot node_modules/react-dom/cjs/react-dom-client.development.js:[2m16583:35[22m[39m

[31m[2m⎯⎯⎯⎯⎯⎯⎯⎯⎯⎯⎯⎯⎯⎯⎯⎯⎯⎯⎯⎯⎯[24/151]⎯[22m[39m

[41m[1m FAIL [22m[49m tests/unit/lib/compensation/bonus-programs.test.ts[2m > [22mBonus Programs[2m > [22mcalculateRankBonus - Rank Advancement Bonuses[2m > [22mshould pay Bronze bonus ($250) on first Bronze promotion
[31m[1mReferenceError[22m: shouldPayRankBonus is not defined[39m
[36m [2m❯[22m calculateRankBonus src/lib/compensation/bonus-programs.ts:[2m68:3[22m[39m
    [90m 66| [39m
    [90m 67| [39m  [90m// Check if this is a NEW highest rank[39m
    [90m 68| [39m  [35mif[39m ([33m![39m[34mshouldPayRankBonus[39m(newRank[33m,[39m highestRankEverAchieved)) {
    [90m   | [39m  [31m^[39m
    [90m 69| [39m    [35mreturn[39m {
    [90m 70| [39m      memberId[33m,[39m
[90m [2m❯[22m tests/unit/lib/compensation/bonus-programs.test.ts:[2m25:22[22m[39m

[31m[2m⎯⎯⎯⎯⎯⎯⎯⎯⎯⎯⎯⎯⎯⎯⎯⎯⎯⎯⎯⎯⎯[25/151]⎯[22m[39m

[41m[1m FAIL [22m[49m tests/unit/lib/compensation/bonus-programs.test.ts[2m > [22mBonus Programs[2m > [22mcalculateRankBonus - Rank Advancement Bonuses[2m > [22mshould pay Silver bonus ($1,000) on first Silver promotion
[31m[1mReferenceError[22m: shouldPayRankBonus is not defined[39m
[36m [2m❯[22m calculateRankBonus src/lib/compensation/bonus-programs.ts:[2m68:3[22m[39m
    [90m 66| [39m
    [90m 67| [39m  [90m// Check if this is a NEW highest rank[39m
    [90m 68| [39m  [35mif[39m ([33m![39m[34mshouldPayRankBonus[39m(newRank[33m,[39m highestRankEverAchieved)) {
    [90m   | [39m  [31m^[39m
    [90m 69| [39m    [35mreturn[39m {
    [90m 70| [39m      memberId[33m,[39m
[90m [2m❯[22m tests/unit/lib/compensation/bonus-programs.test.ts:[2m34:22[22m[39m

[31m[2m⎯⎯⎯⎯⎯⎯⎯⎯⎯⎯⎯⎯⎯⎯⎯⎯⎯⎯⎯⎯⎯[26/151]⎯[22m[39m

[41m[1m FAIL [22m[49m tests/unit/lib/compensation/bonus-programs.test.ts[2m > [22mBonus Programs[2m > [22mcalculateRankBonus - Rank Advancement Bonuses[2m > [22mshould pay Elite bonus ($30,000) on first Elite promotion
[31m[1mReferenceError[22m: shouldPayRankBonus is not defined[39m
[36m [2m❯[22m calculateRankBonus src/lib/compensation/bonus-programs.ts:[2m68:3[22m[39m
    [90m 66| [39m
    [90m 67| [39m  [90m// Check if this is a NEW highest rank[39m
    [90m 68| [39m  [35mif[39m ([33m![39m[34mshouldPayRankBonus[39m(newRank[33m,[39m highestRankEverAchieved)) {
    [90m   | [39m  [31m^[39m
    [90m 69| [39m    [35mreturn[39m {
    [90m 70| [39m      memberId[33m,[39m
[90m [2m❯[22m tests/unit/lib/compensation/bonus-programs.test.ts:[2m41:22[22m[39m

[31m[2m⎯⎯⎯⎯⎯⎯⎯⎯⎯⎯⎯⎯⎯⎯⎯⎯⎯⎯⎯⎯⎯[27/151]⎯[22m[39m

[41m[1m FAIL [22m[49m tests/unit/lib/compensation/bonus-programs.test.ts[2m > [22mBonus Programs[2m > [22mcalculateRankBonus - Rank Advancement Bonuses[2m > [22mshould NOT pay bonus if not override qualified (<50 credits)
[31m[1mAssertionError[22m: expected 'Not override qualified (need undefine…' to contain '50+ personal credits'[39m

Expected: [32m"[7m50[27m+ personal credits"[39m
Received: [31m"[7mNot override qualified (need undefined[27m+ personal credits[7m)[27m"[39m

[36m [2m❯[22m tests/unit/lib/compensation/bonus-programs.test.ts:[2m53:29[22m[39m
    [90m 51| [39m      [34mexpect[39m(result[33m.[39mbonusAmountCents)[33m.[39m[34mtoBe[39m([34m0[39m)[33m;[39m
    [90m 52| [39m      [34mexpect[39m(result[33m.[39mreason)[33m.[39m[34mtoContain[39m([32m'Not override qualified'[39m)[33m;[39m
    [90m 53| [39m      [34mexpect[39m(result[33m.[39mreason)[33m.[39m[34mtoContain[39m([32m'50+ personal credits'[39m)[33m;[39m
    [90m   | [39m                            [31m^[39m
    [90m 54| [39m    })[33m;[39m
    [90m 55| [39m

[31m[2m⎯⎯⎯⎯⎯⎯⎯⎯⎯⎯⎯⎯⎯⎯⎯⎯⎯⎯⎯⎯⎯[28/151]⎯[22m[39m

[41m[1m FAIL [22m[49m tests/unit/lib/compensation/bonus-programs.test.ts[2m > [22mBonus Programs[2m > [22mcalculateRankBonus - Rank Advancement Bonuses[2m > [22mshould NOT pay bonus on re-qualification (already achieved rank)
[31m[1mReferenceError[22m: shouldPayRankBonus is not defined[39m
[36m [2m❯[22m calculateRankBonus src/lib/compensation/bonus-programs.ts:[2m68:3[22m[39m
    [90m 66| [39m
    [90m 67| [39m  [90m// Check if this is a NEW highest rank[39m
    [90m 68| [39m  [35mif[39m ([33m![39m[34mshouldPayRankBonus[39m(newRank[33m,[39m highestRankEverAchieved)) {
    [90m   | [39m  [31m^[39m
    [90m 69| [39m    [35mreturn[39m {
    [90m 70| [39m      memberId[33m,[39m
[90m [2m❯[22m tests/unit/lib/compensation/bonus-programs.test.ts:[2m57:22[22m[39m

[31m[2m⎯⎯⎯⎯⎯⎯⎯⎯⎯⎯⎯⎯⎯⎯⎯⎯⎯⎯⎯⎯⎯[29/151]⎯[22m[39m

[41m[1m FAIL [22m[49m tests/unit/lib/compensation/bonus-programs.test.ts[2m > [22mBonus Programs[2m > [22mcalculateRankBonus - Rank Advancement Bonuses[2m > [22mshould NOT pay bonus when re-promoted to previously achieved rank
[31m[1mReferenceError[22m: shouldPayRankBonus is not defined[39m
[36m [2m❯[22m calculateRankBonus src/lib/compensation/bonus-programs.ts:[2m68:3[22m[39m
    [90m 66| [39m
    [90m 67| [39m  [90m// Check if this is a NEW highest rank[39m
    [90m 68| [39m  [35mif[39m ([33m![39m[34mshouldPayRankBonus[39m(newRank[33m,[39m highestRankEverAchieved)) {
    [90m   | [39m  [31m^[39m
    [90m 69| [39m    [35mreturn[39m {
    [90m 70| [39m      memberId[33m,[39m
[90m [2m❯[22m tests/unit/lib/compensation/bonus-programs.test.ts:[2m66:22[22m[39m

[31m[2m⎯⎯⎯⎯⎯⎯⎯⎯⎯⎯⎯⎯⎯⎯⎯⎯⎯⎯⎯⎯⎯[30/151]⎯[22m[39m

[41m[1m FAIL [22m[49m tests/unit/lib/compensation/bonus-programs.test.ts[2m > [22mBonus Programs[2m > [22mcalculateRankBonus - Rank Advancement Bonuses[2m > [22mshould pay bonus when skipping ranks
[31m[1mReferenceError[22m: shouldPayRankBonus is not defined[39m
[36m [2m❯[22m calculateRankBonus src/lib/compensation/bonus-programs.ts:[2m68:3[22m[39m
    [90m 66| [39m
    [90m 67| [39m  [90m// Check if this is a NEW highest rank[39m
    [90m 68| [39m  [35mif[39m ([33m![39m[34mshouldPayRankBonus[39m(newRank[33m,[39m highestRankEverAchieved)) {
    [90m   | [39m  [31m^[39m
    [90m 69| [39m    [35mreturn[39m {
    [90m 70| [39m      memberId[33m,[39m
[90m [2m❯[22m tests/unit/lib/compensation/bonus-programs.test.ts:[2m76:22[22m[39m

[31m[2m⎯⎯⎯⎯⎯⎯⎯⎯⎯⎯⎯⎯⎯⎯⎯⎯⎯⎯⎯⎯⎯[31/151]⎯[22m[39m

[41m[1m FAIL [22m[49m tests/unit/lib/compensation/bonus-programs.test.ts[2m > [22mBonus Programs[2m > [22mcalculateRankBonus - Rank Advancement Bonuses[2m > [22mshould NOT pay bonus for Starter rank
[31m[1mReferenceError[22m: shouldPayRankBonus is not defined[39m
[36m [2m❯[22m calculateRankBonus src/lib/compensation/bonus-programs.ts:[2m68:3[22m[39m
    [90m 66| [39m
    [90m 67| [39m  [90m// Check if this is a NEW highest rank[39m
    [90m 68| [39m  [35mif[39m ([33m![39m[34mshouldPayRankBonus[39m(newRank[33m,[39m highestRankEverAchieved)) {
    [90m   | [39m  [31m^[39m
    [90m 69| [39m    [35mreturn[39m {
    [90m 70| [39m      memberId[33m,[39m
[90m [2m❯[22m tests/unit/lib/compensation/bonus-programs.test.ts:[2m83:22[22m[39m

[31m[2m⎯⎯⎯⎯⎯⎯⎯⎯⎯⎯⎯⎯⎯⎯⎯⎯⎯⎯⎯⎯⎯[32/151]⎯[22m[39m

[41m[1m FAIL [22m[49m tests/unit/lib/compensation/config-loader.test.ts[2m > [22mConfig Loader - Tech Ranks[2m > [22mshould load tech ranks
[31m[1mAssertionError[22m: expected undefined to be defined[39m
[36m [2m❯[22m tests/unit/lib/compensation/config-loader.test.ts:[2m32:19[22m[39m
    [90m 30| [39m  [34mit[39m([32m'should load tech ranks'[39m[33m,[39m [35masync[39m () [33m=>[39m {
    [90m 31| [39m    [35mconst[39m ranks [33m=[39m [35mawait[39m [34mgetTechRanks[39m()[33m;[39m
    [90m 32| [39m    [34mexpect[39m(ranks)[33m.[39m[34mtoBeDefined[39m()[33m;[39m
    [90m   | [39m                  [31m^[39m
    [90m 33| [39m    [34mexpect[39m(ranks)[33m.[39m[34mtoHaveLength[39m([34m9[39m)[33m;[39m
    [90m 34| [39m    [34mexpect[39m(ranks[[34m0[39m])[33m.[39m[34mtoBe[39m([32m'starter'[39m)[33m;[39m

[31m[2m⎯⎯⎯⎯⎯⎯⎯⎯⎯⎯⎯⎯⎯⎯⎯⎯⎯⎯⎯⎯⎯[33/151]⎯[22m[39m

[41m[1m FAIL [22m[49m tests/unit/lib/compensation/config-loader.test.ts[2m > [22mConfig Loader - Tech Ranks[2m > [22mshould include all expected ranks in order
[31m[1mAssertionError[22m: expected undefined to deeply equal [ 'starter', 'bronze', 'silver', …(6) ][39m

[32m- Expected:[39m 
[
  "starter",
  "bronze",
  "silver",
  "gold",
  "platinum",
  "ruby",
  "diamond",
  "crown",
  "elite",
]

[31m+ Received:[39m 
undefined

[36m [2m❯[22m tests/unit/lib/compensation/config-loader.test.ts:[2m60:19[22m[39m
    [90m 58| [39m    ][33m;[39m
    [90m 59| [39m
    [90m 60| [39m    [34mexpect[39m(ranks)[33m.[39m[34mtoEqual[39m(expected)[33m;[39m
    [90m   | [39m                  [31m^[39m
    [90m 61| [39m  })[33m;[39m
    [90m 62| [39m})[33m;[39m

[31m[2m⎯⎯⎯⎯⎯⎯⎯⎯⎯⎯⎯⎯⎯⎯⎯⎯⎯⎯⎯⎯⎯[34/151]⎯[22m[39m

[41m[1m FAIL [22m[49m tests/unit/lib/compensation/config-loader.test.ts[2m > [22mConfig Loader - Tech Rank Requirements[2m > [22mshould load tech rank requirements
[31m[1mAssertionError[22m: expected undefined to be defined[39m
[36m [2m❯[22m tests/unit/lib/compensation/config-loader.test.ts:[2m71:26[22m[39m
    [90m 69| [39m  [34mit[39m([32m'should load tech rank requirements'[39m[33m,[39m [35masync[39m () [33m=>[39m {
    [90m 70| [39m    [35mconst[39m requirements [33m=[39m [35mawait[39m [34mgetTechRankRequirements[39m()[33m;[39m
    [90m 71| [39m    [34mexpect[39m(requirements)[33m.[39m[34mtoBeDefined[39m()[33m;[39m
    [90m   | [39m                         [31m^[39m
    [90m 72| [39m    [34mexpect[39m(requirements)[33m.[39m[34mtoHaveLength[39m([34m9[39m)[33m;[39m
    [90m 73| [39m  })[33m;[39m

[31m[2m⎯⎯⎯⎯⎯⎯⎯⎯⎯⎯⎯⎯⎯⎯⎯⎯⎯⎯⎯⎯⎯[35/151]⎯[22m[39m

[41m[1m FAIL [22m[49m tests/unit/lib/compensation/config-loader.test.ts[2m > [22mConfig Loader - Tech Rank Requirements[2m > [22mshould have valid thresholds for each rank
[31m[1mTypeError[22m: Cannot read properties of undefined (reading 'forEach')[39m
[36m [2m❯[22m tests/unit/lib/compensation/config-loader.test.ts:[2m85:18[22m[39m
    [90m 83| [39m    [35mconst[39m requirements [33m=[39m [35mawait[39m [34mgetTechRankRequirements[39m()[33m;[39m
    [90m 84| [39m
    [90m 85| [39m    requirements[33m.[39m[34mforEach[39m((req) [33m=>[39m {
    [90m   | [39m                 [31m^[39m
    [90m 86| [39m      [34mexpect[39m(req[33m.[39mname)[33m.[39m[34mtoBeDefined[39m()[33m;[39m
    [90m 87| [39m      [34mexpect[39m(req[33m.[39mpersonal)[33m.[39m[34mtoBeGreaterThanOrEqual[39m([34m0[39m)[33m;[39m

[31m[2m⎯⎯⎯⎯⎯⎯⎯⎯⎯⎯⎯⎯⎯⎯⎯⎯⎯⎯⎯⎯⎯[36/151]⎯[22m[39m

[41m[1m FAIL [22m[49m tests/unit/lib/compensation/config-loader.test.ts[2m > [22mConfig Loader - Tech Rank Requirements[2m > [22mshould have increasing thresholds
[31m[1mTypeError[22m: Cannot read properties of undefined (reading 'length')[39m
[36m [2m❯[22m tests/unit/lib/compensation/config-loader.test.ts:[2m98:38[22m[39m
    [90m 96| [39m    [35mconst[39m requirements [33m=[39m [35mawait[39m [34mgetTechRankRequirements[39m()[33m;[39m
    [90m 97| [39m
    [90m 98| [39m    [35mfor[39m ([35mlet[39m i [33m=[39m [34m1[39m[33m;[39m i [33m<[39m requirements[33m.[39mlength[33m;[39m i[33m++[39m) {
    [90m   | [39m                                     [31m^[39m
    [90m 99| [39m      [35mconst[39m prev [33m=[39m requirements[i [33m-[39m [34m1[39m][33m;[39m
    [90m100| [39m      [35mconst[39m curr [33m=[39m requirements[i][33m;[39m

[31m[2m⎯⎯⎯⎯⎯⎯⎯⎯⎯⎯⎯⎯⎯⎯⎯⎯⎯⎯⎯⎯⎯[37/151]⎯[22m[39m

[41m[1m FAIL [22m[49m tests/unit/lib/compensation/config-loader.test.ts[2m > [22mConfig Loader - Tech Rank Requirements[2m > [22mshould have starter rank with zero requirements
[31m[1mTypeError[22m: Cannot read properties of undefined (reading 'find')[39m
[36m [2m❯[22m tests/unit/lib/compensation/config-loader.test.ts:[2m113:34[22m[39m
    [90m111| [39m  [34mit[39m([32m'should have starter rank with zero requirements'[39m[33m,[39m [35masync[39m () [33m=>[39m {
    [90m112| [39m    [35mconst[39m requirements [33m=[39m [35mawait[39m [34mgetTechRankRequirements[39m()[33m;[39m
    [90m113| [39m    [35mconst[39m starter [33m=[39m requirements[33m.[39m[34mfind[39m((r) [33m=>[39m r[33m.[39mname [33m===[39m [32m'starter'[39m)[33m;[39m
    [90m   | [39m                                 [31m^[39m
    [90m114| [39m
    [90m115| [39m    [34mexpect[39m(starter)[33m.[39m[34mtoBeDefined[39m()[33m;[39m

[31m[2m⎯⎯⎯⎯⎯⎯⎯⎯⎯⎯⎯⎯⎯⎯⎯⎯⎯⎯⎯⎯⎯[38/151]⎯[22m[39m

[41m[1m FAIL [22m[49m tests/unit/lib/compensation/config-loader.test.ts[2m > [22mConfig Loader - Tech Rank Requirements[2m > [22mshould have elite rank as highest
[31m[1mTypeError[22m: Cannot read properties of undefined (reading 'length')[39m
[36m [2m❯[22m tests/unit/lib/compensation/config-loader.test.ts:[2m124:45[22m[39m
    [90m122| [39m  [34mit[39m([32m'should have elite rank as highest'[39m[33m,[39m [35masync[39m () [33m=>[39m {
    [90m123| [39m    [35mconst[39m requirements [33m=[39m [35mawait[39m [34mgetTechRankRequirements[39m()[33m;[39m
    [90m124| [39m    [35mconst[39m elite [33m=[39m requirements[requirements[33m.[39mlength [33m-[39m [34m1[39m][33m;[39m
    [90m   | [39m                                            [31m^[39m
    [90m125| [39m
    [90m126| [39m    [34mexpect[39m(elite[33m.[39mname)[33m.[39m[34mtoBe[39m([32m'elite'[39m)[33m;[39m

[31m[2m⎯⎯⎯⎯⎯⎯⎯⎯⎯⎯⎯⎯⎯⎯⎯⎯⎯⎯⎯⎯⎯[39/151]⎯[22m[39m

[41m[1m FAIL [22m[49m tests/unit/lib/compensation/config-loader.test.ts[2m > [22mConfig Loader - Override Schedules[2m > [22mshould load override schedules
[31m[1mAssertionError[22m: expected undefined to be defined[39m
[36m [2m❯[22m tests/unit/lib/compensation/config-loader.test.ts:[2m141:23[22m[39m
    [90m139| [39m  [34mit[39m([32m'should load override schedules'[39m[33m,[39m [35masync[39m () [33m=>[39m {
    [90m140| [39m    [35mconst[39m schedules [33m=[39m [35mawait[39m [34mgetOverrideSchedules[39m()[33m;[39m
    [90m141| [39m    [34mexpect[39m(schedules)[33m.[39m[34mtoBeDefined[39m()[33m;[39m
    [90m   | [39m                      [31m^[39m
    [90m142| [39m    [34mexpect[39m([33mObject[39m[33m.[39m[34mkeys[39m(schedules))[33m.[39m[34mtoHaveLength[39m([34m9[39m)[33m;[39m
    [90m143| [39m  })[33m;[39m

[31m[2m⎯⎯⎯⎯⎯⎯⎯⎯⎯⎯⎯⎯⎯⎯⎯⎯⎯⎯⎯⎯⎯[40/151]⎯[22m[39m

[41m[1m FAIL [22m[49m tests/unit/lib/compensation/config-loader.test.ts[2m > [22mConfig Loader - Override Schedules[2m > [22mshould have L1 = 0.30 for all ranks
[31m[1mTypeError[22m: Cannot convert undefined or null to object[39m
[36m [2m❯[22m tests/unit/lib/compensation/config-loader.test.ts:[2m155:12[22m[39m
    [90m153| [39m    [35mconst[39m schedules [33m=[39m [35mawait[39m [34mgetOverrideSchedules[39m()[33m;[39m
    [90m154| [39m
    [90m155| [39m    [33mObject[39m[33m.[39m[34mvalues[39m(schedules)[33m.[39m[34mforEach[39m((schedule) [33m=>[39m {
    [90m   | [39m           [31m^[39m
    [90m156| [39m      [34mexpect[39m(schedule[[34m0[39m])[33m.[39m[34mtoBe[39m([34m0.30[39m)[33m;[39m [90m// L1 always 30%[39m
    [90m157| [39m    })[33m;[39m

[31m[2m⎯⎯⎯⎯⎯⎯⎯⎯⎯⎯⎯⎯⎯⎯⎯⎯⎯⎯⎯⎯⎯[41/151]⎯[22m[39m

[41m[1m FAIL [22m[49m tests/unit/lib/compensation/config-loader.test.ts[2m > [22mConfig Loader - Override Schedules[2m > [22mshould have 5 levels for each rank
[31m[1mTypeError[22m: Cannot convert undefined or null to object[39m
[36m [2m❯[22m tests/unit/lib/compensation/config-loader.test.ts:[2m163:12[22m[39m
    [90m161| [39m    [35mconst[39m schedules [33m=[39m [35mawait[39m [34mgetOverrideSchedules[39m()[33m;[39m
    [90m162| [39m
    [90m163| [39m    [33mObject[39m[33m.[39m[34mvalues[39m(schedules)[33m.[39m[34mforEach[39m((schedule) [33m=>[39m {
    [90m   | [39m           [31m^[39m
    [90m164| [39m      [34mexpect[39m(schedule)[33m.[39m[34mtoHaveLength[39m([34m5[39m)[33m;[39m
    [90m165| [39m    })[33m;[39m

[31m[2m⎯⎯⎯⎯⎯⎯⎯⎯⎯⎯⎯⎯⎯⎯⎯⎯⎯⎯⎯⎯⎯[42/151]⎯[22m[39m

[41m[1m FAIL [22m[49m tests/unit/lib/compensation/config-loader.test.ts[2m > [22mConfig Loader - Override Schedules[2m > [22mshould have valid percentages (0.0 to 0.30)
[31m[1mTypeError[22m: Cannot convert undefined or null to object[39m
[36m [2m❯[22m tests/unit/lib/compensation/config-loader.test.ts:[2m171:12[22m[39m
    [90m169| [39m    [35mconst[39m schedules [33m=[39m [35mawait[39m [34mgetOverrideSchedules[39m()[33m;[39m
    [90m170| [39m
    [90m171| [39m    [33mObject[39m[33m.[39m[34mvalues[39m(schedules)[33m.[39m[34mforEach[39m((schedule) [33m=>[39m {
    [90m   | [39m           [31m^[39m
    [90m172| [39m      schedule[33m.[39m[34mforEach[39m((pct) [33m=>[39m {
    [90m173| [39m        [34mexpect[39m(pct)[33m.[39m[34mtoBeGreaterThanOrEqual[39m([34m0.0[39m)[33m;[39m

[31m[2m⎯⎯⎯⎯⎯⎯⎯⎯⎯⎯⎯⎯⎯⎯⎯⎯⎯⎯⎯⎯⎯[43/151]⎯[22m[39m

[41m[1m FAIL [22m[49m tests/unit/lib/compensation/config-loader.test.ts[2m > [22mConfig Loader - Override Schedules[2m > [22mshould unlock more levels for higher ranks
[31m[1mTypeError[22m: Cannot read properties of undefined (reading 'starter')[39m
[36m [2m❯[22m tests/unit/lib/compensation/config-loader.test.ts:[2m183:22[22m[39m
    [90m181| [39m
    [90m182| [39m    [90m// Starter should only have L1[39m
    [90m183| [39m    [34mexpect[39m(schedules[33m.[39mstarter[[34m1[39m])[33m.[39m[34mtoBe[39m([34m0.0[39m)[33m;[39m
    [90m   | [39m                     [31m^[39m
    [90m184| [39m    [34mexpect[39m(schedules[33m.[39mstarter[[34m2[39m])[33m.[39m[34mtoBe[39m([34m0.0[39m)[33m;[39m
    [90m185| [39m

[31m[2m⎯⎯⎯⎯⎯⎯⎯⎯⎯⎯⎯⎯⎯⎯⎯⎯⎯⎯⎯⎯⎯[44/151]⎯[22m[39m

[41m[1m FAIL [22m[49m tests/unit/lib/compensation/config-loader.test.ts[2m > [22mConfig Loader - Get Override Percentage[2m > [22mshould return correct percentage for rank and level
[31m[1mTypeError[22m: Cannot read properties of undefined (reading 'gold')[39m
[36m [2m❯[22m getOverridePercentage src/lib/compensation/config-loader.ts:[2m310:10[22m[39m
    [90m308| [39m  [35mif[39m (level [33m<[39m [34m1[39m [33m||[39m level [33m>[39m [34m5[39m) [35mreturn[39m [34m0[39m[33m;[39m
    [90m309| [39m  [35mconst[39m schedules [33m=[39m [35mawait[39m [34mgetOverrideSchedules[39m()[33m;[39m
    [90m310| [39m  [35mreturn[39m schedules[rank][level [33m-[39m [34m1[39m][33m;[39m
    [90m   | [39m         [31m^[39m
    [90m311| [39m}
    [90m312| [39m
[90m [2m❯[22m tests/unit/lib/compensation/config-loader.test.ts:[2m202:17[22m[39m

[31m[2m⎯⎯⎯⎯⎯⎯⎯⎯⎯⎯⎯⎯⎯⎯⎯⎯⎯⎯⎯⎯⎯[45/151]⎯[22m[39m

[41m[1m FAIL [22m[49m tests/unit/lib/compensation/config-loader.test.ts[2m > [22mConfig Loader - Get Override Percentage[2m > [22mshould return 0 for locked levels
[31m[1mTypeError[22m: Cannot read properties of undefined (reading 'starter')[39m
[36m [2m❯[22m getOverridePercentage src/lib/compensation/config-loader.ts:[2m310:10[22m[39m
    [90m308| [39m  [35mif[39m (level [33m<[39m [34m1[39m [33m||[39m level [33m>[39m [34m5[39m) [35mreturn[39m [34m0[39m[33m;[39m
    [90m309| [39m  [35mconst[39m schedules [33m=[39m [35mawait[39m [34mgetOverrideSchedules[39m()[33m;[39m
    [90m310| [39m  [35mreturn[39m schedules[rank][level [33m-[39m [34m1[39m][33m;[39m
    [90m   | [39m         [31m^[39m
    [90m311| [39m}
    [90m312| [39m
[90m [2m❯[22m tests/unit/lib/compensation/config-loader.test.ts:[2m213:17[22m[39m

[31m[2m⎯⎯⎯⎯⎯⎯⎯⎯⎯⎯⎯⎯⎯⎯⎯⎯⎯⎯⎯⎯⎯[46/151]⎯[22m[39m

[41m[1m FAIL [22m[49m tests/unit/lib/compensation/config-loader.test.ts[2m > [22mConfig Loader - Get Override Percentage[2m > [22mshould return valid percentage for unlocked levels
[31m[1mTypeError[22m: Cannot read properties of undefined (reading 'platinum')[39m
[36m [2m❯[22m getOverridePercentage src/lib/compensation/config-loader.ts:[2m310:10[22m[39m
    [90m308| [39m  [35mif[39m (level [33m<[39m [34m1[39m [33m||[39m level [33m>[39m [34m5[39m) [35mreturn[39m [34m0[39m[33m;[39m
    [90m309| [39m  [35mconst[39m schedules [33m=[39m [35mawait[39m [34mgetOverrideSchedules[39m()[33m;[39m
    [90m310| [39m  [35mreturn[39m schedules[rank][level [33m-[39m [34m1[39m][33m;[39m
    [90m   | [39m         [31m^[39m
    [90m311| [39m}
    [90m312| [39m
[90m [2m❯[22m tests/unit/lib/compensation/config-loader.test.ts:[2m218:17[22m[39m

[31m[2m⎯⎯⎯⎯⎯⎯⎯⎯⎯⎯⎯⎯⎯⎯⎯⎯⎯⎯⎯⎯⎯[47/151]⎯[22m[39m

[41m[1m FAIL [22m[49m tests/unit/lib/compensation/config-loader.test.ts[2m > [22mConfig Loader - Waterfall Config[2m > [22mshould load waterfall config for standard products
[31m[1mTypeError[22m: Cannot read properties of undefined (reading 'BOTMAKERS_FEE_PCT')[39m
[36m [2m❯[22m getWaterfallConfig src/lib/compensation/config-loader.ts:[2m373:38[22m[39m
    [90m371| [39m    [90m// Always fallback to hardcoded[39m
    [90m372| [39m    [35mreturn[39m {
    [90m373| [39m      botmakersPct[33m:[39m [33mWATERFALL_CONFIG[39m[33m.[39m[33mBOTMAKERS_FEE_PCT[39m[33m,[39m
    [90m   | [39m                                     [31m^[39m
    [90m374| [39m      apexTakePct[33m:[39m [33mWATERFALL_CONFIG[39m[33m.[39m[33mAPEX_TAKE_PCT[39m[33m,[39m
    [90m375| [39m      bonusPoolPct[33m:[39m [33mWATERFALL_CONFIG[39m[33m.[39m[33mBONUS_POOL_PCT[39m[33m,[39m
[90m [2m❯[22m tests/unit/lib/compensation/config-loader.test.ts:[2m229:26[22m[39m

[31m[2m⎯⎯⎯⎯⎯⎯⎯⎯⎯⎯⎯⎯⎯⎯⎯⎯⎯⎯⎯⎯⎯[48/151]⎯[22m[39m

[41m[1m FAIL [22m[49m tests/unit/lib/compensation/config-loader.test.ts[2m > [22mConfig Loader - Waterfall Config[2m > [22mshould cache waterfall config
[31m[1mTypeError[22m: Cannot read properties of undefined (reading 'BOTMAKERS_FEE_PCT')[39m
[36m [2m❯[22m getWaterfallConfig src/lib/compensation/config-loader.ts:[2m373:38[22m[39m
    [90m371| [39m    [90m// Always fallback to hardcoded[39m
    [90m372| [39m    [35mreturn[39m {
    [90m373| [39m      botmakersPct[33m:[39m [33mWATERFALL_CONFIG[39m[33m.[39m[33mBOTMAKERS_FEE_PCT[39m[33m,[39m
    [90m   | [39m                                     [31m^[39m
    [90m374| [39m      apexTakePct[33m:[39m [33mWATERFALL_CONFIG[39m[33m.[39m[33mAPEX_TAKE_PCT[39m[33m,[39m
    [90m375| [39m      bonusPoolPct[33m:[39m [33mWATERFALL_CONFIG[39m[33m.[39m[33mBONUS_POOL_PCT[39m[33m,[39m
[90m [2m❯[22m tests/unit/lib/compensation/config-loader.test.ts:[2m235:27[22m[39m

[31m[2m⎯⎯⎯⎯⎯⎯⎯⎯⎯⎯⎯⎯⎯⎯⎯⎯⎯⎯⎯⎯⎯[49/151]⎯[22m[39m

[41m[1m FAIL [22m[49m tests/unit/lib/compensation/config-loader.test.ts[2m > [22mConfig Loader - Waterfall Config[2m > [22mshould have valid percentages
[31m[1mTypeError[22m: Cannot read properties of undefined (reading 'BOTMAKERS_FEE_PCT')[39m
[36m [2m❯[22m getWaterfallConfig src/lib/compensation/config-loader.ts:[2m373:38[22m[39m
    [90m371| [39m    [90m// Always fallback to hardcoded[39m
    [90m372| [39m    [35mreturn[39m {
    [90m373| [39m      botmakersPct[33m:[39m [33mWATERFALL_CONFIG[39m[33m.[39m[33mBOTMAKERS_FEE_PCT[39m[33m,[39m
    [90m   | [39m                                     [31m^[39m
    [90m374| [39m      apexTakePct[33m:[39m [33mWATERFALL_CONFIG[39m[33m.[39m[33mAPEX_TAKE_PCT[39m[33m,[39m
    [90m375| [39m      bonusPoolPct[33m:[39m [33mWATERFALL_CONFIG[39m[33m.[39m[33mBONUS_POOL_PCT[39m[33m,[39m
[90m [2m❯[22m tests/unit/lib/compensation/config-loader.test.ts:[2m242:26[22m[39m

[31m[2m⎯⎯⎯⎯⎯⎯⎯⎯⎯⎯⎯⎯⎯⎯⎯⎯⎯⎯⎯⎯⎯[50/151]⎯[22m[39m

[41m[1m FAIL [22m[49m tests/unit/lib/compensation/config-loader.test.ts[2m > [22mConfig Loader - Waterfall Config[2m > [22mshould have BotMakers at 30%
[31m[1mTypeError[22m: Cannot read properties of undefined (reading 'BOTMAKERS_FEE_PCT')[39m
[36m [2m❯[22m getWaterfallConfig src/lib/compensation/config-loader.ts:[2m373:38[22m[39m
    [90m371| [39m    [90m// Always fallback to hardcoded[39m
    [90m372| [39m    [35mreturn[39m {
    [90m373| [39m      botmakersPct[33m:[39m [33mWATERFALL_CONFIG[39m[33m.[39m[33mBOTMAKERS_FEE_PCT[39m[33m,[39m
    [90m   | [39m                                     [31m^[39m
    [90m374| [39m      apexTakePct[33m:[39m [33mWATERFALL_CONFIG[39m[33m.[39m[33mAPEX_TAKE_PCT[39m[33m,[39m
    [90m375| [39m      bonusPoolPct[33m:[39m [33mWATERFALL_CONFIG[39m[33m.[39m[33mBONUS_POOL_PCT[39m[33m,[39m
[90m [2m❯[22m tests/unit/lib/compensation/config-loader.test.ts:[2m253:26[22m[39m

[31m[2m⎯⎯⎯⎯⎯⎯⎯⎯⎯⎯⎯⎯⎯⎯⎯⎯⎯⎯⎯⎯⎯[51/151]⎯[22m[39m

[41m[1m FAIL [22m[49m tests/unit/lib/compensation/config-loader.test.ts[2m > [22mConfig Loader - Waterfall Config[2m > [22mshould have Apex at 30%
[31m[1mTypeError[22m: Cannot read properties of undefined (reading 'BOTMAKERS_FEE_PCT')[39m
[36m [2m❯[22m getWaterfallConfig src/lib/compensation/config-loader.ts:[2m373:38[22m[39m
    [90m371| [39m    [90m// Always fallback to hardcoded[39m
    [90m372| [39m    [35mreturn[39m {
    [90m373| [39m      botmakersPct[33m:[39m [33mWATERFALL_CONFIG[39m[33m.[39m[33mBOTMAKERS_FEE_PCT[39m[33m,[39m
    [90m   | [39m                                     [31m^[39m
    [90m374| [39m      apexTakePct[33m:[39m [33mWATERFALL_CONFIG[39m[33m.[39m[33mAPEX_TAKE_PCT[39m[33m,[39m
    [90m375| [39m      bonusPoolPct[33m:[39m [33mWATERFALL_CONFIG[39m[33m.[39m[33mBONUS_POOL_PCT[39m[33m,[39m
[90m [2m❯[22m tests/unit/lib/compensation/config-loader.test.ts:[2m258:26[22m[39m

[31m[2m⎯⎯⎯⎯⎯⎯⎯⎯⎯⎯⎯⎯⎯⎯⎯⎯⎯⎯⎯⎯⎯[52/151]⎯[22m[39m

[41m[1m FAIL [22m[49m tests/unit/lib/compensation/config-loader.test.ts[2m > [22mConfig Loader - Waterfall Config[2m > [22mshould have bonus pool at 3.5%
[31m[1mTypeError[22m: Cannot read properties of undefined (reading 'BOTMAKERS_FEE_PCT')[39m
[36m [2m❯[22m getWaterfallConfig src/lib/compensation/config-loader.ts:[2m373:38[22m[39m
    [90m371| [39m    [90m// Always fallback to hardcoded[39m
    [90m372| [39m    [35mreturn[39m {
    [90m373| [39m      botmakersPct[33m:[39m [33mWATERFALL_CONFIG[39m[33m.[39m[33mBOTMAKERS_FEE_PCT[39m[33m,[39m
    [90m   | [39m                                     [31m^[39m
    [90m374| [39m      apexTakePct[33m:[39m [33mWATERFALL_CONFIG[39m[33m.[39m[33mAPEX_TAKE_PCT[39m[33m,[39m
    [90m375| [39m      bonusPoolPct[33m:[39m [33mWATERFALL_CONFIG[39m[33m.[39m[33mBONUS_POOL_PCT[39m[33m,[39m
[90m [2m❯[22m tests/unit/lib/compensation/config-loader.test.ts:[2m263:26[22m[39m

[31m[2m⎯⎯⎯⎯⎯⎯⎯⎯⎯⎯⎯⎯⎯⎯⎯⎯⎯⎯⎯⎯⎯[53/151]⎯[22m[39m

[41m[1m FAIL [22m[49m tests/unit/lib/compensation/config-loader.test.ts[2m > [22mConfig Loader - Waterfall Config[2m > [22mshould have leadership pool at 1.5%
[31m[1mTypeError[22m: Cannot read properties of undefined (reading 'BOTMAKERS_FEE_PCT')[39m
[36m [2m❯[22m getWaterfallConfig src/lib/compensation/config-loader.ts:[2m373:38[22m[39m
    [90m371| [39m    [90m// Always fallback to hardcoded[39m
    [90m372| [39m    [35mreturn[39m {
    [90m373| [39m      botmakersPct[33m:[39m [33mWATERFALL_CONFIG[39m[33m.[39m[33mBOTMAKERS_FEE_PCT[39m[33m,[39m
    [90m   | [39m                                     [31m^[39m
    [90m374| [39m      apexTakePct[33m:[39m [33mWATERFALL_CONFIG[39m[33m.[39m[33mAPEX_TAKE_PCT[39m[33m,[39m
    [90m375| [39m      bonusPoolPct[33m:[39m [33mWATERFALL_CONFIG[39m[33m.[39m[33mBONUS_POOL_PCT[39m[33m,[39m
[90m [2m❯[22m tests/unit/lib/compensation/config-loader.test.ts:[2m268:26[22m[39m

[31m[2m⎯⎯⎯⎯⎯⎯⎯⎯⎯⎯⎯⎯⎯⎯⎯⎯⎯⎯⎯⎯⎯[54/151]⎯[22m[39m

[41m[1m FAIL [22m[49m tests/unit/lib/compensation/config-loader.test.ts[2m > [22mConfig Loader - Waterfall Config[2m > [22mshould split commission pool 60/40
[31m[1mTypeError[22m: Cannot read properties of undefined (reading 'BOTMAKERS_FEE_PCT')[39m
[36m [2m❯[22m getWaterfallConfig src/lib/compensation/config-loader.ts:[2m373:38[22m[39m
    [90m371| [39m    [90m// Always fallback to hardcoded[39m
    [90m372| [39m    [35mreturn[39m {
    [90m373| [39m      botmakersPct[33m:[39m [33mWATERFALL_CONFIG[39m[33m.[39m[33mBOTMAKERS_FEE_PCT[39m[33m,[39m
    [90m   | [39m                                     [31m^[39m
    [90m374| [39m      apexTakePct[33m:[39m [33mWATERFALL_CONFIG[39m[33m.[39m[33mAPEX_TAKE_PCT[39m[33m,[39m
    [90m375| [39m      bonusPoolPct[33m:[39m [33mWATERFALL_CONFIG[39m[33m.[39m[33mBONUS_POOL_PCT[39m[33m,[39m
[90m [2m❯[22m tests/unit/lib/compensation/config-loader.test.ts:[2m273:26[22m[39m

[31m[2m⎯⎯⎯⎯⎯⎯⎯⎯⎯⎯⎯⎯⎯⎯⎯⎯⎯⎯⎯⎯⎯[55/151]⎯[22m[39m

[41m[1m FAIL [22m[49m tests/unit/lib/compensation/config-loader.test.ts[2m > [22mConfig Loader - Business Center Config[2m > [22mshould load business center config
[31m[1mTypeError[22m: Cannot read properties of undefined (reading 'PRICE_CENTS')[39m
[36m [2m❯[22m getBusinessCenterConfig src/lib/compensation/config-loader.ts:[2m431:42[22m[39m
    [90m429| [39m    [90m// Always fallback to hardcoded[39m
    [90m430| [39m    [35mreturn[39m {
    [90m431| [39m      priceCents[33m:[39m [33mBUSINESS_CENTER_CONFIG[39m[33m.[39m[33mPRICE_CENTS[39m[33m,[39m
    [90m   | [39m                                         [31m^[39m
    [90m432| [39m      botmakersFeeCents[33m:[39m [33mBUSINESS_CENTER_CONFIG[39m[33m.[39m[33mBOTMAKERS_FEE_CENTS[39m[33m,[39m
    [90m433| [39m      apexTakeCents[33m:[39m [33mBUSINESS_CENTER_CONFIG[39m[33m.[39m[33mAPEX_TAKE_CENTS[39m[33m,[39m
[90m [2m❯[22m tests/unit/lib/compensation/config-loader.test.ts:[2m292:26[22m[39m

[31m[2m⎯⎯⎯⎯⎯⎯⎯⎯⎯⎯⎯⎯⎯⎯⎯⎯⎯⎯⎯⎯⎯[56/151]⎯[22m[39m

[41m[1m FAIL [22m[49m tests/unit/lib/compensation/config-loader.test.ts[2m > [22mConfig Loader - Business Center Config[2m > [22mshould cache business center config
[31m[1mTypeError[22m: Cannot read properties of undefined (reading 'PRICE_CENTS')[39m
[36m [2m❯[22m getBusinessCenterConfig src/lib/compensation/config-loader.ts:[2m431:42[22m[39m
    [90m429| [39m    [90m// Always fallback to hardcoded[39m
    [90m430| [39m    [35mreturn[39m {
    [90m431| [39m      priceCents[33m:[39m [33mBUSINESS_CENTER_CONFIG[39m[33m.[39m[33mPRICE_CENTS[39m[33m,[39m
    [90m   | [39m                                         [31m^[39m
    [90m432| [39m      botmakersFeeCents[33m:[39m [33mBUSINESS_CENTER_CONFIG[39m[33m.[39m[33mBOTMAKERS_FEE_CENTS[39m[33m,[39m
    [90m433| [39m      apexTakeCents[33m:[39m [33mBUSINESS_CENTER_CONFIG[39m[33m.[39m[33mAPEX_TAKE_CENTS[39m[33m,[39m
[90m [2m❯[22m tests/unit/lib/compensation/config-loader.test.ts:[2m297:27[22m[39m

[31m[2m⎯⎯⎯⎯⎯⎯⎯⎯⎯⎯⎯⎯⎯⎯⎯⎯⎯⎯⎯⎯⎯[57/151]⎯[22m[39m

[41m[1m FAIL [22m[49m tests/unit/lib/compensation/config-loader.test.ts[2m > [22mConfig Loader - Business Center Config[2m > [22mshould have price of $39
[31m[1mTypeError[22m: Cannot read properties of undefined (reading 'PRICE_CENTS')[39m
[36m [2m❯[22m getBusinessCenterConfig src/lib/compensation/config-loader.ts:[2m431:42[22m[39m
    [90m429| [39m    [90m// Always fallback to hardcoded[39m
    [90m430| [39m    [35mreturn[39m {
    [90m431| [39m      priceCents[33m:[39m [33mBUSINESS_CENTER_CONFIG[39m[33m.[39m[33mPRICE_CENTS[39m[33m,[39m
    [90m   | [39m                                         [31m^[39m
    [90m432| [39m      botmakersFeeCents[33m:[39m [33mBUSINESS_CENTER_CONFIG[39m[33m.[39m[33mBOTMAKERS_FEE_CENTS[39m[33m,[39m
    [90m433| [39m      apexTakeCents[33m:[39m [33mBUSINESS_CENTER_CONFIG[39m[33m.[39m[33mAPEX_TAKE_CENTS[39m[33m,[39m
[90m [2m❯[22m tests/unit/lib/compensation/config-loader.test.ts:[2m304:26[22m[39m

[31m[2m⎯⎯⎯⎯⎯⎯⎯⎯⎯⎯⎯⎯⎯⎯⎯⎯⎯⎯⎯⎯⎯[58/151]⎯[22m[39m

[41m[1m FAIL [22m[49m tests/unit/lib/compensation/config-loader.test.ts[2m > [22mConfig Loader - Business Center Config[2m > [22mshould have fixed dollar amounts
[31m[1mTypeError[22m: Cannot read properties of undefined (reading 'PRICE_CENTS')[39m
[36m [2m❯[22m getBusinessCenterConfig src/lib/compensation/config-loader.ts:[2m431:42[22m[39m
    [90m429| [39m    [90m// Always fallback to hardcoded[39m
    [90m430| [39m    [35mreturn[39m {
    [90m431| [39m      priceCents[33m:[39m [33mBUSINESS_CENTER_CONFIG[39m[33m.[39m[33mPRICE_CENTS[39m[33m,[39m
    [90m   | [39m                                         [31m^[39m
    [90m432| [39m      botmakersFeeCents[33m:[39m [33mBUSINESS_CENTER_CONFIG[39m[33m.[39m[33mBOTMAKERS_FEE_CENTS[39m[33m,[39m
    [90m433| [39m      apexTakeCents[33m:[39m [33mBUSINESS_CENTER_CONFIG[39m[33m.[39m[33mAPEX_TAKE_CENTS[39m[33m,[39m
[90m [2m❯[22m tests/unit/lib/compensation/config-loader.test.ts:[2m309:26[22m[39m

[31m[2m⎯⎯⎯⎯⎯⎯⎯⎯⎯⎯⎯⎯⎯⎯⎯⎯⎯⎯⎯⎯⎯[59/151]⎯[22m[39m

[41m[1m FAIL [22m[49m tests/unit/lib/compensation/config-loader.test.ts[2m > [22mConfig Loader - Business Center Config[2m > [22mshould have no pools
[31m[1mTypeError[22m: Cannot read properties of undefined (reading 'PRICE_CENTS')[39m
[36m [2m❯[22m getBusinessCenterConfig src/lib/compensation/config-loader.ts:[2m431:42[22m[39m
    [90m429| [39m    [90m// Always fallback to hardcoded[39m
    [90m430| [39m    [35mreturn[39m {
    [90m431| [39m      priceCents[33m:[39m [33mBUSINESS_CENTER_CONFIG[39m[33m.[39m[33mPRICE_CENTS[39m[33m,[39m
    [90m   | [39m                                         [31m^[39m
    [90m432| [39m      botmakersFeeCents[33m:[39m [33mBUSINESS_CENTER_CONFIG[39m[33m.[39m[33mBOTMAKERS_FEE_CENTS[39m[33m,[39m
    [90m433| [39m      apexTakeCents[33m:[39m [33mBUSINESS_CENTER_CONFIG[39m[33m.[39m[33mAPEX_TAKE_CENTS[39m[33m,[39m
[90m [2m❯[22m tests/unit/lib/compensation/config-loader.test.ts:[2m319:26[22m[39m

[31m[2m⎯⎯⎯⎯⎯⎯⎯⎯⎯⎯⎯⎯⎯⎯⎯⎯⎯⎯⎯⎯⎯[60/151]⎯[22m[39m

[41m[1m FAIL [22m[49m tests/unit/lib/compensation/config-loader.test.ts[2m > [22mConfig Loader - Business Center Config[2m > [22mshould have 39 fixed credits
[31m[1mTypeError[22m: Cannot read properties of undefined (reading 'PRICE_CENTS')[39m
[36m [2m❯[22m getBusinessCenterConfig src/lib/compensation/config-loader.ts:[2m431:42[22m[39m
    [90m429| [39m    [90m// Always fallback to hardcoded[39m
    [90m430| [39m    [35mreturn[39m {
    [90m431| [39m      priceCents[33m:[39m [33mBUSINESS_CENTER_CONFIG[39m[33m.[39m[33mPRICE_CENTS[39m[33m,[39m
    [90m   | [39m                                         [31m^[39m
    [90m432| [39m      botmakersFeeCents[33m:[39m [33mBUSINESS_CENTER_CONFIG[39m[33m.[39m[33mBOTMAKERS_FEE_CENTS[39m[33m,[39m
    [90m433| [39m      apexTakeCents[33m:[39m [33mBUSINESS_CENTER_CONFIG[39m[33m.[39m[33mAPEX_TAKE_CENTS[39m[33m,[39m
[90m [2m❯[22m tests/unit/lib/compensation/config-loader.test.ts:[2m327:26[22m[39m

[31m[2m⎯⎯⎯⎯⎯⎯⎯⎯⎯⎯⎯⎯⎯⎯⎯⎯⎯⎯⎯⎯⎯[61/151]⎯[22m[39m

[41m[1m FAIL [22m[49m tests/unit/lib/compensation/config-loader.test.ts[2m > [22mConfig Loader - Business Center Config[2m > [22mshould add up to total price
[31m[1mTypeError[22m: Cannot read properties of undefined (reading 'PRICE_CENTS')[39m
[36m [2m❯[22m getBusinessCenterConfig src/lib/compensation/config-loader.ts:[2m431:42[22m[39m
    [90m429| [39m    [90m// Always fallback to hardcoded[39m
    [90m430| [39m    [35mreturn[39m {
    [90m431| [39m      priceCents[33m:[39m [33mBUSINESS_CENTER_CONFIG[39m[33m.[39m[33mPRICE_CENTS[39m[33m,[39m
    [90m   | [39m                                         [31m^[39m
    [90m432| [39m      botmakersFeeCents[33m:[39m [33mBUSINESS_CENTER_CONFIG[39m[33m.[39m[33mBOTMAKERS_FEE_CENTS[39m[33m,[39m
    [90m433| [39m      apexTakeCents[33m:[39m [33mBUSINESS_CENTER_CONFIG[39m[33m.[39m[33mAPEX_TAKE_CENTS[39m[33m,[39m
[90m [2m❯[22m tests/unit/lib/compensation/config-loader.test.ts:[2m332:26[22m[39m

[31m[2m⎯⎯⎯⎯⎯⎯⎯⎯⎯⎯⎯⎯⎯⎯⎯⎯⎯⎯⎯⎯⎯[62/151]⎯[22m[39m

[41m[1m FAIL [22m[49m tests/unit/lib/compensation/config-loader.test.ts[2m > [22mConfig Loader - Compensation Constants[2m > [22mshould have override qualification minimum of 50 credits
[31m[1mAssertionError[22m: expected undefined to be 50 // Object.is equality[39m

[32m- Expected:[39m 
50

[31m+ Received:[39m 
undefined

[36m [2m❯[22m tests/unit/lib/compensation/config-loader.test.ts:[2m357:55[22m[39m
    [90m355| [39m  it('should have override qualification minimum of 50 credits', async…
    [90m356| [39m    [35mconst[39m constants [33m=[39m [35mawait[39m [34mgetCompensationConstants[39m()[33m;[39m
    [90m357| [39m    [34mexpect[39m(constants[33m.[39moverrideQualificationMinCredits)[33m.[39m[34mtoBe[39m([34m50[39m)[33m;[39m
    [90m   | [39m                                                      [31m^[39m
    [90m358| [39m  })[33m;[39m
    [90m359| [39m

[31m[2m⎯⎯⎯⎯⎯⎯⎯⎯⎯⎯⎯⎯⎯⎯⎯⎯⎯⎯⎯⎯⎯[63/151]⎯[22m[39m

[41m[1m FAIL [22m[49m tests/unit/lib/compensation/config-loader.test.ts[2m > [22mConfig Loader - Compensation Constants[2m > [22mshould have rank grace period of 2 months
[31m[1mAssertionError[22m: expected undefined to be 2 // Object.is equality[39m

[32m- Expected:[39m 
2

[31m+ Received:[39m 
undefined

[36m [2m❯[22m tests/unit/lib/compensation/config-loader.test.ts:[2m362:45[22m[39m
    [90m360| [39m  [34mit[39m([32m'should have rank grace period of 2 months'[39m[33m,[39m [35masync[39m () [33m=>[39m {
    [90m361| [39m    [35mconst[39m constants [33m=[39m [35mawait[39m [34mgetCompensationConstants[39m()[33m;[39m
    [90m362| [39m    [34mexpect[39m(constants[33m.[39mrankGracePeriodMonths)[33m.[39m[34mtoBe[39m([34m2[39m)[33m;[39m
    [90m   | [39m                                            [31m^[39m
    [90m363| [39m  })[33m;[39m
    [90m364| [39m

[31m[2m⎯⎯⎯⎯⎯⎯⎯⎯⎯⎯⎯⎯⎯⎯⎯⎯⎯⎯⎯⎯⎯[64/151]⎯[22m[39m

[41m[1m FAIL [22m[49m tests/unit/lib/compensation/config-loader.test.ts[2m > [22mConfig Loader - Compensation Constants[2m > [22mshould have new rep rank lock of 6 months
[31m[1mAssertionError[22m: expected undefined to be 6 // Object.is equality[39m

[32m- Expected:[39m 
6

[31m+ Received:[39m 
undefined

[36m [2m❯[22m tests/unit/lib/compensation/config-loader.test.ts:[2m367:44[22m[39m
    [90m365| [39m  [34mit[39m([32m'should have new rep rank lock of 6 months'[39m[33m,[39m [35masync[39m () [33m=>[39m {
    [90m366| [39m    [35mconst[39m constants [33m=[39m [35mawait[39m [34mgetCompensationConstants[39m()[33m;[39m
    [90m367| [39m    [34mexpect[39m(constants[33m.[39mnewRepRankLockMonths)[33m.[39m[34mtoBe[39m([34m6[39m)[33m;[39m
    [90m   | [39m                                           [31m^[39m
    [90m368| [39m  })[33m;[39m
    [90m369| [39m

[31m[2m⎯⎯⎯⎯⎯⎯⎯⎯⎯⎯⎯⎯⎯⎯⎯⎯⎯⎯⎯⎯⎯[65/151]⎯[22m[39m

[41m[1m FAIL [22m[49m tests/unit/lib/compensation/config-loader.test.ts[2m > [22mConfig Loader - Compensation Constants[2m > [22mshould have leadership pool eligible rank as elite
[31m[1mAssertionError[22m: expected undefined to be 'elite' // Object.is equality[39m

[32m- Expected:[39m 
"elite"

[31m+ Received:[39m 
undefined

[36m [2m❯[22m tests/unit/lib/compensation/config-loader.test.ts:[2m372:50[22m[39m
    [90m370| [39m  it('should have leadership pool eligible rank as elite', async () =>…
    [90m371| [39m    [35mconst[39m constants [33m=[39m [35mawait[39m [34mgetCompensationConstants[39m()[33m;[39m
    [90m372| [39m    [34mexpect[39m(constants[33m.[39mleadershipPoolEligibleRank)[33m.[39m[34mtoBe[39m([32m'elite'[39m)[33m;[39m
    [90m   | [39m                                                 [31m^[39m
    [90m373| [39m  })[33m;[39m
    [90m374| [39m

[31m[2m⎯⎯⎯⎯⎯⎯⎯⎯⎯⎯⎯⎯⎯⎯⎯⎯⎯⎯⎯⎯⎯[66/151]⎯[22m[39m

[41m[1m FAIL [22m[49m tests/unit/lib/compensation/config-loader.test.ts[2m > [22mConfig Loader - Compensation Constants[2m > [22mshould have bonus pool distribution as equal_share
[31m[1mAssertionError[22m: expected undefined to be 'equal_share' // Object.is equality[39m

[32m- Expected:[39m 
"equal_share"

[31m+ Received:[39m 
undefined

[36m [2m❯[22m tests/unit/lib/compensation/config-loader.test.ts:[2m377:51[22m[39m
    [90m375| [39m  it('should have bonus pool distribution as equal_share', async () =>…
    [90m376| [39m    [35mconst[39m constants [33m=[39m [35mawait[39m [34mgetCompensationConstants[39m()[33m;[39m
    [90m377| [39m    [34mexpect[39m(constants[33m.[39mbonusPoolDistributionMethod)[33m.[39m[34mtoBe[39m([32m'equal_share'[39m)[33m;[39m
    [90m   | [39m                                                  [31m^[39m
    [90m378| [39m  })[33m;[39m
    [90m379| [39m

[31m[2m⎯⎯⎯⎯⎯⎯⎯⎯⎯⎯⎯⎯⎯⎯⎯⎯⎯⎯⎯⎯⎯[67/151]⎯[22m[39m

[41m[1m FAIL [22m[49m tests/unit/lib/compensation/config-loader.test.ts[2m > [22mConfig Loader - Compensation Constants[2m > [22mshould have enroller override rate of 30%
[31m[1mAssertionError[22m: expected undefined to be 0.3 // Object.is equality[39m

[32m- Expected:[39m 
0.3

[31m+ Received:[39m 
undefined

[36m [2m❯[22m tests/unit/lib/compensation/config-loader.test.ts:[2m382:44[22m[39m
    [90m380| [39m  [34mit[39m([32m'should have enroller override rate of 30%'[39m[33m,[39m [35masync[39m () [33m=>[39m {
    [90m381| [39m    [35mconst[39m constants [33m=[39m [35mawait[39m [34mgetCompensationConstants[39m()[33m;[39m
    [90m382| [39m    [34mexpect[39m(constants[33m.[39menrollerOverrideRate)[33m.[39m[34mtoBe[39m([34m0.30[39m)[33m;[39m
    [90m   | [39m                                           [31m^[39m
    [90m383| [39m  })[33m;[39m
    [90m384| [39m

[31m[2m⎯⎯⎯⎯⎯⎯⎯⎯⎯⎯⎯⎯⎯⎯⎯⎯⎯⎯⎯⎯⎯[68/151]⎯[22m[39m

[41m[1m FAIL [22m[49m tests/unit/lib/compensation/config-loader.test.ts[2m > [22mConfig Loader - Compensation Constants[2m > [22mshould have insurance to tech crosscredit of 0.5%
[31m[1mAssertionError[22m: expected undefined to be 0.005 // Object.is equality[39m

[32m- Expected:[39m 
0.005

[31m+ Received:[39m 
undefined

[36m [2m❯[22m tests/unit/lib/compensation/config-loader.test.ts:[2m387:53[22m[39m
    [90m385| [39m  [34mit[39m([32m'should have insurance to tech crosscredit of 0.5%'[39m[33m,[39m [35masync[39m () [33m=>[39m {
    [90m386| [39m    [35mconst[39m constants [33m=[39m [35mawait[39m [34mgetCompensationConstants[39m()[33m;[39m
    [90m387| [39m    [34mexpect[39m(constants[33m.[39minsuranceToTechCrosscreditPct)[33m.[39m[34mtoBe[39m([34m0.005[39m)[33m;[39m
    [90m   | [39m                                                    [31m^[39m
    [90m388| [39m  })[33m;[39m
    [90m389| [39m})[33m;[39m

[31m[2m⎯⎯⎯⎯⎯⎯⎯⎯⎯⎯⎯⎯⎯⎯⎯⎯⎯⎯⎯⎯⎯[69/151]⎯[22m[39m

[41m[1m FAIL [22m[49m tests/unit/lib/compensation/config-loader.test.ts[2m > [22mConfig Loader - Commission Run Config[2m > [22mshould load commission run config
[31m[1mTypeError[22m: Cannot read properties of undefined (reading 'PROMOTION_EFFECTIVE_DELAY_MONTHS')[39m
[36m [2m❯[22m getCommissionRunConfig src/lib/compensation/config-loader.ts:[2m514:60[22m[39m
    [90m512| [39m    [90m// Always fallback to hardcoded[39m
    [90m513| [39m    [35mreturn[39m {
    [90m514| [39m      promotionEffectiveDelayMonths: COMMISSION_RUN_CONFIG.PROMOTION_E…
    [90m   | [39m                                                           [31m^[39m
    [90m515| [39m      rankBonusOneTimeOnly: COMMISSION_RUN_CONFIG.RANK_BONUS_ONE_TIME_…
    [90m516| [39m    }[33m;[39m
[90m [2m❯[22m tests/unit/lib/compensation/config-loader.test.ts:[2m397:26[22m[39m

[31m[2m⎯⎯⎯⎯⎯⎯⎯⎯⎯⎯⎯⎯⎯⎯⎯⎯⎯⎯⎯⎯⎯[70/151]⎯[22m[39m

[41m[1m FAIL [22m[49m tests/unit/lib/compensation/config-loader.test.ts[2m > [22mConfig Loader - Commission Run Config[2m > [22mshould have promotion delay of 1 month
[31m[1mTypeError[22m: Cannot read properties of undefined (reading 'PROMOTION_EFFECTIVE_DELAY_MONTHS')[39m
[36m [2m❯[22m getCommissionRunConfig src/lib/compensation/config-loader.ts:[2m514:60[22m[39m
    [90m512| [39m    [90m// Always fallback to hardcoded[39m
    [90m513| [39m    [35mreturn[39m {
    [90m514| [39m      promotionEffectiveDelayMonths: COMMISSION_RUN_CONFIG.PROMOTION_E…
    [90m   | [39m                                                           [31m^[39m
    [90m515| [39m      rankBonusOneTimeOnly: COMMISSION_RUN_CONFIG.RANK_BONUS_ONE_TIME_…
    [90m516| [39m    }[33m;[39m
[90m [2m❯[22m tests/unit/lib/compensation/config-loader.test.ts:[2m402:26[22m[39m

[31m[2m⎯⎯⎯⎯⎯⎯⎯⎯⎯⎯⎯⎯⎯⎯⎯⎯⎯⎯⎯⎯⎯[71/151]⎯[22m[39m

[41m[1m FAIL [22m[49m tests/unit/lib/compensation/config-loader.test.ts[2m > [22mConfig Loader - Commission Run Config[2m > [22mshould have rank bonus as one-time only
[31m[1mTypeError[22m: Cannot read properties of undefined (reading 'PROMOTION_EFFECTIVE_DELAY_MONTHS')[39m
[36m [2m❯[22m getCommissionRunConfig src/lib/compensation/config-loader.ts:[2m514:60[22m[39m
    [90m512| [39m    [90m// Always fallback to hardcoded[39m
    [90m513| [39m    [35mreturn[39m {
    [90m514| [39m      promotionEffectiveDelayMonths: COMMISSION_RUN_CONFIG.PROMOTION_E…
    [90m   | [39m                                                           [31m^[39m
    [90m515| [39m      rankBonusOneTimeOnly: COMMISSION_RUN_CONFIG.RANK_BONUS_ONE_TIME_…
    [90m516| [39m    }[33m;[39m
[90m [2m❯[22m tests/unit/lib/compensation/config-loader.test.ts:[2m407:26[22m[39m

[31m[2m⎯⎯⎯⎯⎯⎯⎯⎯⎯⎯⎯⎯⎯⎯⎯⎯⎯⎯⎯⎯⎯[72/151]⎯[22m[39m

[41m[1m FAIL [22m[49m tests/unit/lib/compensation/config-loader.test.ts[2m > [22mConfig Loader - Cache Management[2m > [22mshould refresh all configs
[31m[1mTypeError[22m: Cannot read properties of undefined (reading 'BOTMAKERS_FEE_PCT')[39m
[36m [2m❯[22m getWaterfallConfig src/lib/compensation/config-loader.ts:[2m373:38[22m[39m
    [90m371| [39m    [90m// Always fallback to hardcoded[39m
    [90m372| [39m    [35mreturn[39m {
    [90m373| [39m      botmakersPct[33m:[39m [33mWATERFALL_CONFIG[39m[33m.[39m[33mBOTMAKERS_FEE_PCT[39m[33m,[39m
    [90m   | [39m                                     [31m^[39m
    [90m374| [39m      apexTakePct[33m:[39m [33mWATERFALL_CONFIG[39m[33m.[39m[33mAPEX_TAKE_PCT[39m[33m,[39m
    [90m375| [39m      bonusPoolPct[33m:[39m [33mWATERFALL_CONFIG[39m[33m.[39m[33mBONUS_POOL_PCT[39m[33m,[39m
[90m [2m❯[22m refreshConfigCache src/lib/compensation/config-loader.ts:[2m538:5[22m[39m
[90m [2m❯[22m tests/unit/lib/compensation/config-loader.test.ts:[2m424:11[22m[39m

[31m[2m⎯⎯⎯⎯⎯⎯⎯⎯⎯⎯⎯⎯⎯⎯⎯⎯⎯⎯⎯⎯⎯[73/151]⎯[22m[39m

[41m[1m FAIL [22m[49m tests/unit/lib/compensation/config-loader.test.ts[2m > [22mConfig Loader - Validation[2m > [22mshould pass validation with hardcoded config
[31m[1mAssertionError[22m: expected false to be true // Object.is equality[39m

[32m- Expected[39m
[31m+ Received[39m

[32m- true[39m
[31m+ false[39m

[36m [2m❯[22m tests/unit/lib/compensation/config-loader.test.ts:[2m457:30[22m[39m
    [90m455| [39m  [34mit[39m([32m'should pass validation with hardcoded config'[39m[33m,[39m [35masync[39m () [33m=>[39m {
    [90m456| [39m    [35mconst[39m validation [33m=[39m [35mawait[39m [34mvalidateConfiguration[39m()[33m;[39m
    [90m457| [39m    [34mexpect[39m(validation[33m.[39mvalid)[33m.[39m[34mtoBe[39m([35mtrue[39m)[33m;[39m
    [90m   | [39m                             [31m^[39m
    [90m458| [39m    [34mexpect[39m(validation[33m.[39merrors)[33m.[39m[34mtoHaveLength[39m([34m0[39m)[33m;[39m
    [90m459| [39m  })[33m;[39m

[31m[2m⎯⎯⎯⎯⎯⎯⎯⎯⎯⎯⎯⎯⎯⎯⎯⎯⎯⎯⎯⎯⎯[74/151]⎯[22m[39m

[41m[1m FAIL [22m[49m tests/unit/lib/compensation/config-loader.test.ts[2m > [22mConfig Loader - Validation[2m > [22mshould detect missing ranks
[31m[1mAssertionError[22m: expected false to be true // Object.is equality[39m

[32m- Expected[39m
[31m+ Received[39m

[32m- true[39m
[31m+ false[39m

[36m [2m❯[22m tests/unit/lib/compensation/config-loader.test.ts:[2m469:32[22m[39m
    [90m467| [39m      [34mexpect[39m(ranksError)[33m.[39m[34mtoContain[39m([32m'Expected 9 tech ranks'[39m)[33m;[39m
    [90m468| [39m    } [35melse[39m {
    [90m469| [39m      [34mexpect[39m(validation[33m.[39mvalid)[33m.[39m[34mtoBe[39m([35mtrue[39m)[33m;[39m
    [90m   | [39m                               [31m^[39m
    [90m470| [39m    }
    [90m471| [39m  })[33m;[39m

[31m[2m⎯⎯⎯⎯⎯⎯⎯⎯⎯⎯⎯⎯⎯⎯⎯⎯⎯⎯⎯⎯⎯[75/151]⎯[22m[39m

[41m[1m FAIL [22m[49m tests/unit/lib/compensation/config-loader.test.ts[2m > [22mConfig Loader - Validation[2m > [22mshould detect business center split errors
[31m[1mAssertionError[22m: expected false to be true // Object.is equality[39m

[32m- Expected[39m
[31m+ Received[39m

[32m- true[39m
[31m+ false[39m

[36m [2m❯[22m tests/unit/lib/compensation/config-loader.test.ts:[2m481:32[22m[39m
    [90m479| [39m      [34mexpect[39m(bcError)[33m.[39m[34mtoContain[39m([32m"doesn't add up"[39m)[33m;[39m
    [90m480| [39m    } [35melse[39m {
    [90m481| [39m      [34mexpect[39m(validation[33m.[39mvalid)[33m.[39m[34mtoBe[39m([35mtrue[39m)[33m;[39m
    [90m   | [39m                               [31m^[39m
    [90m482| [39m    }
    [90m483| [39m  })[33m;[39m

[31m[2m⎯⎯⎯⎯⎯⎯⎯⎯⎯⎯⎯⎯⎯⎯⎯⎯⎯⎯⎯⎯⎯[76/151]⎯[22m[39m

[41m[1m FAIL [22m[49m tests/unit/lib/compensation/config-loader.test.ts[2m > [22mConfig Loader - Error Handling[2m > [22mshould handle errors gracefully
[31m[1mAssertionError[22m: expected undefined to be defined[39m
[36m [2m❯[22m tests/unit/lib/compensation/config-loader.test.ts:[2m495:19[22m[39m
    [90m493| [39m    [90m// should fall back to hardcoded config[39m
    [90m494| [39m    [35mconst[39m ranks [33m=[39m [35mawait[39m [34mgetTechRanks[39m()[33m;[39m
    [90m495| [39m    [34mexpect[39m(ranks)[33m.[39m[34mtoBeDefined[39m()[33m;[39m
    [90m   | [39m                  [31m^[39m
    [90m496| [39m    [34mexpect[39m(ranks[33m.[39mlength)[33m.[39m[34mtoBeGreaterThan[39m([34m0[39m)[33m;[39m
    [90m497| [39m  })[33m;[39m

[31m[2m⎯⎯⎯⎯⎯⎯⎯⎯⎯⎯⎯⎯⎯⎯⎯⎯⎯⎯⎯⎯⎯[77/151]⎯[22m[39m

[41m[1m FAIL [22m[49m tests/unit/lib/compensation/config-loader.test.ts[2m > [22mConfig Loader - Error Handling[2m > [22mshould never throw exceptions
[31m[1mAssertionError[22m: expected undefined to be defined[39m
[31m[2m⎯⎯⎯⎯⎯⎯⎯⎯⎯⎯⎯⎯⎯⎯⎯⎯⎯⎯⎯⎯⎯[78/151]⎯[22m[39m

[41m[1m FAIL [22m[49m tests/unit/lib/compensation/config-loader.test.ts[2m > [22mConfig Loader - Performance[2m > [22mshould load all configs quickly
[31m[1mTypeError[22m: Cannot read properties of undefined (reading 'BOTMAKERS_FEE_PCT')[39m
[36m [2m❯[22m getWaterfallConfig src/lib/compensation/config-loader.ts:[2m373:38[22m[39m
    [90m371| [39m    [90m// Always fallback to hardcoded[39m
    [90m372| [39m    [35mreturn[39m {
    [90m373| [39m      botmakersPct[33m:[39m [33mWATERFALL_CONFIG[39m[33m.[39m[33mBOTMAKERS_FEE_PCT[39m[33m,[39m
    [90m   | [39m                                     [31m^[39m
    [90m374| [39m      apexTakePct[33m:[39m [33mWATERFALL_CONFIG[39m[33m.[39m[33mAPEX_TAKE_PCT[39m[33m,[39m
    [90m375| [39m      bonusPoolPct[33m:[39m [33mWATERFALL_CONFIG[39m[33m.[39m[33mBONUS_POOL_PCT[39m[33m,[39m
[90m [2m❯[22m tests/unit/lib/compensation/config-loader.test.ts:[2m537:7[22m[39m

[31m[2m⎯⎯⎯⎯⎯⎯⎯⎯⎯⎯⎯⎯⎯⎯⎯⎯⎯⎯⎯⎯⎯[79/151]⎯[22m[39m

[41m[1m FAIL [22m[49m tests/unit/lib/compensation/override-resolution.test.ts[2m > [22mOverride Resolution[2m > [22m50 Credit Minimum Qualification[2m > [22mshould pay override when member has 50+ personal credits
[31m[1mAssertionError[22m: expected NaN to be greater than 0[39m
[36m [2m❯[22m tests/unit/lib/compensation/override-resolution.test.ts:[2m40:34[22m[39m
    [90m 38| [39m
    [90m 39| [39m      [34mexpect[39m(result[33m.[39mqualified)[33m.[39m[34mtoBe[39m([35mtrue[39m)[33m;[39m
    [90m 40| [39m      [34mexpect[39m(result[33m.[39mamountCents)[33m.[39m[34mtoBeGreaterThan[39m([34m0[39m)[33m;[39m
    [90m   | [39m                                 [31m^[39m
    [90m 41| [39m    })[33m;[39m
    [90m 42| [39m

[31m[2m⎯⎯⎯⎯⎯⎯⎯⎯⎯⎯⎯⎯⎯⎯⎯⎯⎯⎯⎯⎯⎯[80/151]⎯[22m[39m

[41m[1m FAIL [22m[49m tests/unit/lib/compensation/override-resolution.test.ts[2m > [22mOverride Resolution[2m > [22m50 Credit Minimum Qualification[2m > [22mshould NOT pay override when member has <50 personal credits
[31m[1mAssertionError[22m: expected 'Below undefined credit minimum (has 4…' to contain 'Below 50 credit minimum'[39m

Expected: [32m"Below [7m50[27m credit minimum"[39m
Received: [31m"Below [7mundefined[27m credit minimum[7m (has 49 credits)[27m"[39m

[36m [2m❯[22m tests/unit/lib/compensation/override-resolution.test.ts:[2m62:29[22m[39m
    [90m 60| [39m      [34mexpect[39m(result[33m.[39mqualified)[33m.[39m[34mtoBe[39m([35mfalse[39m)[33m;[39m
    [90m 61| [39m      [34mexpect[39m(result[33m.[39mamountCents)[33m.[39m[34mtoBe[39m([34m0[39m)[33m;[39m
    [90m 62| [39m      [34mexpect[39m(result[33m.[39mreason)[33m.[39m[34mtoContain[39m([32m'Below 50 credit minimum'[39m)[33m;[39m
    [90m   | [39m                            [31m^[39m
    [90m 63| [39m      [34mexpect[39m(result[33m.[39mreason)[33m.[39m[34mtoContain[39m([32m'has 49 credits'[39m)[33m;[39m
    [90m 64| [39m    })[33m;[39m

[31m[2m⎯⎯⎯⎯⎯⎯⎯⎯⎯⎯⎯⎯⎯⎯⎯⎯⎯⎯⎯⎯⎯[81/151]⎯[22m[39m

[41m[1m FAIL [22m[49m tests/unit/lib/compensation/override-resolution.test.ts[2m > [22mOverride Resolution[2m > [22m50 Credit Minimum Qualification[2m > [22mshould reject override for member with exactly 49 credits
[31m[1mAssertionError[22m: expected false to be true // Object.is equality[39m

[32m- Expected[39m
[31m+ Received[39m

[32m- true[39m
[31m+ false[39m

[36m [2m❯[22m tests/unit/lib/compensation/override-resolution.test.ts:[2m68:39[22m[39m
    [90m 66| [39m    it('should reject override for member with exactly 49 credits', ()…
    [90m 67| [39m      [34mexpect[39m([34misOverrideQualified[39m([34m49[39m))[33m.[39m[34mtoBe[39m([35mfalse[39m)[33m;[39m
    [90m 68| [39m      [34mexpect[39m([34misOverrideQualified[39m([34m50[39m))[33m.[39m[34mtoBe[39m([35mtrue[39m)[33m;[39m
    [90m   | [39m                                      [31m^[39m
    [90m 69| [39m      [34mexpect[39m([34misOverrideQualified[39m([34m51[39m))[33m.[39m[34mtoBe[39m([35mtrue[39m)[33m;[39m
    [90m 70| [39m      [34mexpect[39m([34misOverrideQualified[39m([34m0[39m))[33m.[39m[34mtoBe[39m([35mfalse[39m)[33m;[39m

[31m[2m⎯⎯⎯⎯⎯⎯⎯⎯⎯⎯⎯⎯⎯⎯⎯⎯⎯⎯⎯⎯⎯[82/151]⎯[22m[39m

[41m[1m FAIL [22m[49m tests/unit/lib/compensation/override-resolution.test.ts[2m > [22mOverride Resolution[2m > [22mEnroller Override Rule (IMMUTABLE)[2m > [22mshould ALWAYS pay L1 (30%) to enroller regardless of matrix position
[31m[1mAssertionError[22m: expected undefined to be 0.3 // Object.is equality[39m

[32m- Expected:[39m 
0.3

[31m+ Received:[39m 
undefined

[36m [2m❯[22m tests/unit/lib/compensation/override-resolution.test.ts:[2m94:33[22m[39m
    [90m 92| [39m      [34mexpect[39m(result[33m.[39mrule)[33m.[39m[34mtoBe[39m([32m'enroller'[39m)[33m;[39m
    [90m 93| [39m      [34mexpect[39m(result[33m.[39mlevel)[33m.[39m[34mtoBe[39m([34m1[39m)[33m;[39m
    [90m 94| [39m      [34mexpect[39m(result[33m.[39mpercentage)[33m.[39m[34mtoBe[39m([34m0.30[39m)[33m;[39m [90m// 30%[39m
    [90m   | [39m                                [31m^[39m
    [90m 95| [39m      [34mexpect[39m(result[33m.[39mqualified)[33m.[39m[34mtoBe[39m([35mtrue[39m)[33m;[39m
    [90m 96| [39m      [90m// Expected: 30% of $14.71 = $4.41[39m

[31m[2m⎯⎯⎯⎯⎯⎯⎯⎯⎯⎯⎯⎯⎯⎯⎯⎯⎯⎯⎯⎯⎯[83/151]⎯[22m[39m

[41m[1m FAIL [22m[49m tests/unit/lib/compensation/override-resolution.test.ts[2m > [22mOverride Resolution[2m > [22mEnroller Override Rule (IMMUTABLE)[2m > [22mshould pay L1 to enroller even if they are Starter rank
[31m[1mAssertionError[22m: expected undefined to be 0.3 // Object.is equality[39m

[32m- Expected:[39m 
0.3

[31m+ Received:[39m 
undefined

[36m [2m❯[22m tests/unit/lib/compensation/override-resolution.test.ts:[2m119:33[22m[39m
    [90m117| [39m      [34mexpect[39m(result[33m.[39mrule)[33m.[39m[34mtoBe[39m([32m'enroller'[39m)[33m;[39m
    [90m118| [39m      [34mexpect[39m(result[33m.[39mmemberTechRank)[33m.[39m[34mtoBe[39m([32m'starter'[39m)[33m;[39m
    [90m119| [39m      [34mexpect[39m(result[33m.[39mpercentage)[33m.[39m[34mtoBe[39m([34m0.30[39m)[33m;[39m
    [90m   | [39m                                [31m^[39m
    [90m120| [39m      [34mexpect[39m(result[33m.[39mamountCents)[33m.[39m[34mtoBeGreaterThan[39m([34m0[39m)[33m;[39m
    [90m121| [39m    })[33m;[39m

[31m[2m⎯⎯⎯⎯⎯⎯⎯⎯⎯⎯⎯⎯⎯⎯⎯⎯⎯⎯⎯⎯⎯[84/151]⎯[22m[39m

[41m[1m FAIL [22m[49m tests/unit/lib/compensation/override-resolution.test.ts[2m > [22mOverride Resolution[2m > [22mEnroller Override Rule (IMMUTABLE)[2m > [22mshould pay L1 to enroller even if they are in L5 matrix position
[31m[1mAssertionError[22m: expected undefined to be 0.3 // Object.is equality[39m

[32m- Expected:[39m 
0.3

[31m+ Received:[39m 
undefined

[36m [2m❯[22m tests/unit/lib/compensation/override-resolution.test.ts:[2m143:33[22m[39m
    [90m141| [39m      [34mexpect[39m(result[33m.[39mrule)[33m.[39m[34mtoBe[39m([32m'enroller'[39m)[33m;[39m
    [90m142| [39m      [34mexpect[39m(result[33m.[39mlevel)[33m.[39m[34mtoBe[39m([34m1[39m)[33m;[39m [90m// Always L1 for enroller[39m
    [90m143| [39m      [34mexpect[39m(result[33m.[39mpercentage)[33m.[39m[34mtoBe[39m([34m0.30[39m)[33m;[39m
    [90m   | [39m                                [31m^[39m
    [90m144| [39m    })[33m;[39m
    [90m145| [39m  })[33m;[39m

[31m[2m⎯⎯⎯⎯⎯⎯⎯⎯⎯⎯⎯⎯⎯⎯⎯⎯⎯⎯⎯⎯⎯[85/151]⎯[22m[39m

[41m[1m FAIL [22m[49m tests/unit/lib/compensation/override-resolution.test.ts[2m > [22mOverride Resolution[2m > [22mPositional (Matrix) Overrides[2m > [22mshould pay Bronze L1 (30%) and L2 (5%)
[31m[1mTypeError[22m: (0 , __vite_ssr_import_0__.getOverridePercentage) is not a function[39m
[36m [2m❯[22m calculateOverride src/lib/compensation/override-resolution.ts:[2m158:22[22m[39m
    [90m156| [39m
    [90m157| [39m  [90m// Get override percentage for this rank and level[39m
    [90m158| [39m  const percentage = getOverridePercentage(member.techRank, matrixLeve…
    [90m   | [39m                     [31m^[39m
    [90m159| [39m
    [90m160| [39m  [35mif[39m (percentage [33m===[39m [34m0[39m) {
[90m [2m❯[22m tests/unit/lib/compensation/override-resolution.test.ts:[2m164:24[22m[39m

[31m[2m⎯⎯⎯⎯⎯⎯⎯⎯⎯⎯⎯⎯⎯⎯⎯⎯⎯⎯⎯⎯⎯[86/151]⎯[22m[39m

[41m[1m FAIL [22m[49m tests/unit/lib/compensation/override-resolution.test.ts[2m > [22mOverride Resolution[2m > [22mPositional (Matrix) Overrides[2m > [22mshould pay Silver L1 (30%), L2 (10%), L3 (5%)
[31m[1mTypeError[22m: (0 , __vite_ssr_import_0__.getOverridePercentage) is not a function[39m
[36m [2m❯[22m calculateOverride src/lib/compensation/override-resolution.ts:[2m158:22[22m[39m
    [90m156| [39m
    [90m157| [39m  [90m// Get override percentage for this rank and level[39m
    [90m158| [39m  const percentage = getOverridePercentage(member.techRank, matrixLeve…
    [90m   | [39m                     [31m^[39m
    [90m159| [39m
    [90m160| [39m  [35mif[39m (percentage [33m===[39m [34m0[39m) {
[90m [2m❯[22m tests/unit/lib/compensation/override-resolution.test.ts:[2m197:18[22m[39m

[31m[2m⎯⎯⎯⎯⎯⎯⎯⎯⎯⎯⎯⎯⎯⎯⎯⎯⎯⎯⎯⎯⎯[87/151]⎯[22m[39m

[41m[1m FAIL [22m[49m tests/unit/lib/compensation/override-resolution.test.ts[2m > [22mOverride Resolution[2m > [22mPositional (Matrix) Overrides[2m > [22mshould pay Elite all 5 levels (30%, 25%, 20%, 15%, 10%)
[31m[1mTypeError[22m: (0 , __vite_ssr_import_0__.getOverridePercentage) is not a function[39m
[36m [2m❯[22m calculateOverride src/lib/compensation/override-resolution.ts:[2m158:22[22m[39m
    [90m156| [39m
    [90m157| [39m  [90m// Get override percentage for this rank and level[39m
    [90m158| [39m  const percentage = getOverridePercentage(member.techRank, matrixLeve…
    [90m   | [39m                     [31m^[39m
    [90m159| [39m
    [90m160| [39m  [35mif[39m (percentage [33m===[39m [34m0[39m) {
[90m [2m❯[22m tests/unit/lib/compensation/override-resolution.test.ts:[2m227:18[22m[39m

[31m[2m⎯⎯⎯⎯⎯⎯⎯⎯⎯⎯⎯⎯⎯⎯⎯⎯⎯⎯⎯⎯⎯[88/151]⎯[22m[39m

[41m[1m FAIL [22m[49m tests/unit/lib/compensation/override-resolution.test.ts[2m > [22mOverride Resolution[2m > [22mPositional (Matrix) Overrides[2m > [22mshould NOT pay levels beyond rank unlock
[31m[1mTypeError[22m: (0 , __vite_ssr_import_0__.getOverridePercentage) is not a function[39m
[36m [2m❯[22m calculateOverride src/lib/compensation/override-resolution.ts:[2m158:22[22m[39m
    [90m156| [39m
    [90m157| [39m  [90m// Get override percentage for this rank and level[39m
    [90m158| [39m  const percentage = getOverridePercentage(member.techRank, matrixLeve…
    [90m   | [39m                     [31m^[39m
    [90m159| [39m
    [90m160| [39m  [35mif[39m (percentage [33m===[39m [34m0[39m) {
[90m [2m❯[22m tests/unit/lib/compensation/override-resolution.test.ts:[2m266:18[22m[39m

[31m[2m⎯⎯⎯⎯⎯⎯⎯⎯⎯⎯⎯⎯⎯⎯⎯⎯⎯⎯⎯⎯⎯[89/151]⎯[22m[39m

[41m[1m FAIL [22m[49m tests/unit/lib/compensation/override-resolution.test.ts[2m > [22mOverride Resolution[2m > [22mBusiness Center Exception[2m > [22mshould pay $8 flat to enroller (sponsor)
[31m[1mTypeError[22m: Cannot read properties of undefined (reading 'SPONSOR_BONUS_CENTS')[39m
[36m [2m❯[22m calculateOverride src/lib/compensation/override-resolution.ts:[2m103:45[22m[39m
    [90m101| [39m        memberId[33m:[39m member[33m.[39mmemberId[33m,[39m
    [90m102| [39m        memberTechRank[33m:[39m member[33m.[39mtechRank[33m,[39m
    [90m103| [39m        amountCents[33m:[39m [33mBUSINESS_CENTER_CONFIG[39m[33m.[39m[33mSPONSOR_BONUS_CENTS[39m[33m,[39m
    [90m   | [39m                                            [31m^[39m
    [90m104| [39m        level[33m:[39m [34m1[39m[33m,[39m
    [90m105| [39m        percentage[33m:[39m [34m0[39m[33m,[39m [90m// Fixed amount, not percentage[39m
[90m [2m❯[22m tests/unit/lib/compensation/override-resolution.test.ts:[2m292:22[22m[39m

[31m[2m⎯⎯⎯⎯⎯⎯⎯⎯⎯⎯⎯⎯⎯⎯⎯⎯⎯⎯⎯⎯⎯[90/151]⎯[22m[39m

[41m[1m FAIL [22m[49m tests/unit/lib/compensation/override-resolution.test.ts[2m > [22mOverride Resolution[2m > [22mcalculateAllOverrides[2m > [22mshould calculate overrides for all upline members
[31m[1mTypeError[22m: (0 , __vite_ssr_import_0__.getOverridePercentage) is not a function[39m
[36m [2m❯[22m calculateOverride src/lib/compensation/override-resolution.ts:[2m158:22[22m[39m
    [90m156| [39m
    [90m157| [39m  [90m// Get override percentage for this rank and level[39m
    [90m158| [39m  const percentage = getOverridePercentage(member.techRank, matrixLeve…
    [90m   | [39m                     [31m^[39m
    [90m159| [39m
    [90m160| [39m  [35mif[39m (percentage [33m===[39m [34m0[39m) {
[90m [2m❯[22m calculateAllOverrides src/lib/compensation/override-resolution.ts:[2m209:20[22m[39m
[90m [2m❯[22m tests/unit/lib/compensation/override-resolution.test.ts:[2m344:23[22m[39m

[31m[2m⎯⎯⎯⎯⎯⎯⎯⎯⎯⎯⎯⎯⎯⎯⎯⎯⎯⎯⎯⎯⎯[91/151]⎯[22m[39m

[41m[1m FAIL [22m[49m tests/unit/lib/compensation/override-resolution.test.ts[2m > [22mOverride Resolution[2m > [22mcalculateAllOverrides[2m > [22mshould skip unqualified members (below 50 credits)
[31m[1mTypeError[22m: (0 , __vite_ssr_import_0__.getOverridePercentage) is not a function[39m
[36m [2m❯[22m calculateOverride src/lib/compensation/override-resolution.ts:[2m158:22[22m[39m
    [90m156| [39m
    [90m157| [39m  [90m// Get override percentage for this rank and level[39m
    [90m158| [39m  const percentage = getOverridePercentage(member.techRank, matrixLeve…
    [90m   | [39m                     [31m^[39m
    [90m159| [39m
    [90m160| [39m  [35mif[39m (percentage [33m===[39m [34m0[39m) {
[90m [2m❯[22m calculateAllOverrides src/lib/compensation/override-resolution.ts:[2m209:20[22m[39m
[90m [2m❯[22m tests/unit/lib/compensation/override-resolution.test.ts:[2m388:23[22m[39m

[31m[2m⎯⎯⎯⎯⎯⎯⎯⎯⎯⎯⎯⎯⎯⎯⎯⎯⎯⎯⎯⎯⎯[92/151]⎯[22m[39m

[41m[1m FAIL [22m[49m tests/unit/lib/compensation/override-resolution.test.ts[2m > [22mOverride Resolution[2m > [22mvalidateOverrides[2m > [22mshould validate override total does not exceed pool
[31m[1mTypeError[22m: actual value must be number or bigint, received "undefined"[39m
[36m [2m❯[22m tests/unit/lib/compensation/override-resolution.test.ts:[2m464:44[22m[39m
    [90m462| [39m      [34mexpect[39m(validation[33m.[39merrors)[33m.[39m[34mtoHaveLength[39m([34m0[39m)[33m;[39m
    [90m463| [39m      [34mexpect[39m(validation[33m.[39mtotalPaidCents)[33m.[39m[34mtoBe[39m([34m441[39m)[33m;[39m
    [90m464| [39m      [34mexpect[39m(validation[33m.[39moverridePoolCents)[33m.[39m[34mtoBeGreaterThan[39m([34m441[39m)[33m;[39m
    [90m   | [39m                                           [31m^[39m
    [90m465| [39m    })[33m;[39m
    [90m466| [39m

[31m[2m⎯⎯⎯⎯⎯⎯⎯⎯⎯⎯⎯⎯⎯⎯⎯⎯⎯⎯⎯⎯⎯[93/151]⎯[22m[39m

[41m[1m FAIL [22m[49m tests/unit/lib/compensation/override-resolution.test.ts[2m > [22mOverride Resolution[2m > [22mvalidateOverrides[2m > [22mshould detect when override total exceeds pool
[31m[1mAssertionError[22m: expected true to be false // Object.is equality[39m

[32m- Expected[39m
[31m+ Received[39m

[32m- false[39m
[31m+ true[39m

[36m [2m❯[22m tests/unit/lib/compensation/override-resolution.test.ts:[2m490:32[22m[39m
    [90m488| [39m      [35mconst[39m validation [33m=[39m [34mvalidateOverrides[39m(sale[33m,[39m results)[33m;[39m
    [90m489| [39m
    [90m490| [39m      [34mexpect[39m(validation[33m.[39mvalid)[33m.[39m[34mtoBe[39m([35mfalse[39m)[33m;[39m
    [90m   | [39m                               [31m^[39m
    [90m491| [39m      [34mexpect[39m(validation[33m.[39merrors[33m.[39mlength)[33m.[39m[34mtoBeGreaterThan[39m([34m0[39m)[33m;[39m
    [90m492| [39m      [34mexpect[39m(validation[33m.[39merrors[[34m0[39m])[33m.[39m[34mtoContain[39m([32m'exceed'[39m)[33m;[39m

[31m[2m⎯⎯⎯⎯⎯⎯⎯⎯⎯⎯⎯⎯⎯⎯⎯⎯⎯⎯⎯⎯⎯[94/151]⎯[22m[39m

[41m[1m FAIL [22m[49m tests/unit/lib/compensation/override-resolution.test.ts[2m > [22mOverride Resolution[2m > [22mEdge Cases[2m > [22mshould handle member with exactly 50 credits
[31m[1mAssertionError[22m: expected NaN to be greater than 0[39m
[36m [2m❯[22m tests/unit/lib/compensation/override-resolution.test.ts:[2m609:34[22m[39m
    [90m607| [39m
    [90m608| [39m      [34mexpect[39m(result[33m.[39mqualified)[33m.[39m[34mtoBe[39m([35mtrue[39m)[33m;[39m
    [90m609| [39m      [34mexpect[39m(result[33m.[39mamountCents)[33m.[39m[34mtoBeGreaterThan[39m([34m0[39m)[33m;[39m
    [90m   | [39m                                 [31m^[39m
    [90m610| [39m    })[33m;[39m
    [90m611| [39m  })[33m;[39m

[31m[2m⎯⎯⎯⎯⎯⎯⎯⎯⎯⎯⎯⎯⎯⎯⎯⎯⎯⎯⎯⎯⎯[95/151]⎯[22m[39m

[41m[1m FAIL [22m[49m tests/unit/lib/compensation/rank.test.ts[2m > [22mRank Evaluation[2m > [22mevaluateTechRank - Promotions[2m > [22mshould promote Starter to Bronze with 150 personal and 300 group credits
[31m[1mTypeError[22m: (0 , __vite_ssr_import_1__.evaluateTechRank) is not a function[39m
[36m [2m❯[22m tests/unit/lib/compensation/rank.test.ts:[2m31:22[22m[39m
    [90m 29| [39m      }[33m;[39m
    [90m 30| [39m
    [90m 31| [39m      [35mconst[39m result [33m=[39m [34mevaluateTechRank[39m(member[33m,[39m [])[33m;[39m
    [90m   | [39m                     [31m^[39m
    [90m 32| [39m
    [90m 33| [39m      [34mexpect[39m(result[33m.[39maction)[33m.[39m[34mtoBe[39m([32m'promote'[39m)[33m;[39m

[31m[2m⎯⎯⎯⎯⎯⎯⎯⎯⎯⎯⎯⎯⎯⎯⎯⎯⎯⎯⎯⎯⎯[96/151]⎯[22m[39m

[41m[1m FAIL [22m[49m tests/unit/lib/compensation/rank.test.ts[2m > [22mRank Evaluation[2m > [22mevaluateTechRank - Promotions[2m > [22mshould promote Bronze to Silver with sufficient credits
[31m[1mTypeError[22m: (0 , __vite_ssr_import_1__.evaluateTechRank) is not a function[39m
[36m [2m❯[22m tests/unit/lib/compensation/rank.test.ts:[2m51:22[22m[39m
    [90m 49| [39m      }[33m;[39m
    [90m 50| [39m
    [90m 51| [39m      [35mconst[39m result [33m=[39m [34mevaluateTechRank[39m(member[33m,[39m [])[33m;[39m
    [90m   | [39m                     [31m^[39m
    [90m 52| [39m
    [90m 53| [39m      [34mexpect[39m(result[33m.[39maction)[33m.[39m[34mtoBe[39m([32m'promote'[39m)[33m;[39m

[31m[2m⎯⎯⎯⎯⎯⎯⎯⎯⎯⎯⎯⎯⎯⎯⎯⎯⎯⎯⎯⎯⎯[97/151]⎯[22m[39m

[41m[1m FAIL [22m[49m tests/unit/lib/compensation/rank.test.ts[2m > [22mRank Evaluation[2m > [22mevaluateTechRank - Promotions[2m > [22mshould NOT promote to Gold without downline requirements
[31m[1mTypeError[22m: (0 , __vite_ssr_import_1__.evaluateTechRank) is not a function[39m
[36m [2m❯[22m tests/unit/lib/compensation/rank.test.ts:[2m70:22[22m[39m
    [90m 68| [39m
    [90m 69| [39m      [90m// No sponsored members provided[39m
    [90m 70| [39m      [35mconst[39m result [33m=[39m [34mevaluateTechRank[39m(member[33m,[39m [])[33m;[39m
    [90m   | [39m                     [31m^[39m
    [90m 71| [39m
    [90m 72| [39m      [90m// Should only qualify for Silver (credits met but no downline)[39m

[31m[2m⎯⎯⎯⎯⎯⎯⎯⎯⎯⎯⎯⎯⎯⎯⎯⎯⎯⎯⎯⎯⎯[98/151]⎯[22m[39m

[41m[1m FAIL [22m[49m tests/unit/lib/compensation/rank.test.ts[2m > [22mRank Evaluation[2m > [22mevaluateTechRank - Promotions[2m > [22mshould promote to Gold with 2 Bronze downline members
[31m[1mTypeError[22m: (0 , __vite_ssr_import_1__.evaluateTechRank) is not a function[39m
[36m [2m❯[22m tests/unit/lib/compensation/rank.test.ts:[2m93:22[22m[39m
    [90m 91| [39m      ][33m;[39m
    [90m 92| [39m
    [90m 93| [39m      [35mconst[39m result [33m=[39m [34mevaluateTechRank[39m(member[33m,[39m sponsoredMembers)[33m;[39m
    [90m   | [39m                     [31m^[39m
    [90m 94| [39m
    [90m 95| [39m      [34mexpect[39m(result[33m.[39maction)[33m.[39m[34mtoBe[39m([32m'promote'[39m)[33m;[39m

[31m[2m⎯⎯⎯⎯⎯⎯⎯⎯⎯⎯⎯⎯⎯⎯⎯⎯⎯⎯⎯⎯⎯[99/151]⎯[22m[39m

[41m[1m FAIL [22m[49m tests/unit/lib/compensation/rank.test.ts[2m > [22mRank Evaluation[2m > [22mevaluateTechRank - Demotions[2m > [22mshould apply grace period before demotion (month 1)
[31m[1mTypeError[22m: (0 , __vite_ssr_import_1__.evaluateTechRank) is not a function[39m
[36m [2m❯[22m tests/unit/lib/compensation/rank.test.ts:[2m112:22[22m[39m
    [90m110| [39m      }[33m;[39m
    [90m111| [39m
    [90m112| [39m      [35mconst[39m result [33m=[39m [34mevaluateTechRank[39m(member[33m,[39m [])[33m;[39m
    [90m   | [39m                     [31m^[39m
    [90m113| [39m
    [90m114| [39m      [34mexpect[39m(result[33m.[39maction)[33m.[39m[34mtoBe[39m([32m'grace_period'[39m)[33m;[39m

[31m[2m⎯⎯⎯⎯⎯⎯⎯⎯⎯⎯⎯⎯⎯⎯⎯⎯⎯⎯⎯⎯[100/151]⎯[22m[39m

[41m[1m FAIL [22m[49m tests/unit/lib/compensation/rank.test.ts[2m > [22mRank Evaluation[2m > [22mevaluateTechRank - Demotions[2m > [22mshould demote after 2 months grace period expires
[31m[1mTypeError[22m: (0 , __vite_ssr_import_1__.evaluateTechRank) is not a function[39m
[36m [2m❯[22m tests/unit/lib/compensation/rank.test.ts:[2m132:22[22m[39m
    [90m130| [39m      }[33m;[39m
    [90m131| [39m
    [90m132| [39m      [35mconst[39m result [33m=[39m [34mevaluateTechRank[39m(member[33m,[39m [])[33m;[39m
    [90m   | [39m                     [31m^[39m
    [90m133| [39m
    [90m134| [39m      [90m// After 2 months (0 → 1 → 2), grace expires and demotion occurs[39m

[31m[2m⎯⎯⎯⎯⎯⎯⎯⎯⎯⎯⎯⎯⎯⎯⎯⎯⎯⎯⎯⎯[101/151]⎯[22m[39m

[41m[1m FAIL [22m[49m tests/unit/lib/compensation/rank.test.ts[2m > [22mRank Evaluation[2m > [22mevaluateTechRank - Demotions[2m > [22mshould demote after grace period expires (month 3)
[31m[1mTypeError[22m: (0 , __vite_ssr_import_1__.evaluateTechRank) is not a function[39m
[36m [2m❯[22m tests/unit/lib/compensation/rank.test.ts:[2m151:22[22m[39m
    [90m149| [39m      }[33m;[39m
    [90m150| [39m
    [90m151| [39m      [35mconst[39m result [33m=[39m [34mevaluateTechRank[39m(member[33m,[39m [])[33m;[39m
    [90m   | [39m                     [31m^[39m
    [90m152| [39m
    [90m153| [39m      [34mexpect[39m(result[33m.[39maction)[33m.[39m[34mtoBe[39m([32m'demote'[39m)[33m;[39m

[31m[2m⎯⎯⎯⎯⎯⎯⎯⎯⎯⎯⎯⎯⎯⎯⎯⎯⎯⎯⎯⎯[102/151]⎯[22m[39m

[41m[1m FAIL [22m[49m tests/unit/lib/compensation/rank.test.ts[2m > [22mRank Evaluation[2m > [22mevaluateTechRank - Demotions[2m > [22mshould NOT demote if rank is locked (new rep protection)
[31m[1mTypeError[22m: (0 , __vite_ssr_import_1__.evaluateTechRank) is not a function[39m
[36m [2m❯[22m tests/unit/lib/compensation/rank.test.ts:[2m176:22[22m[39m
    [90m174| [39m      }[33m;[39m
    [90m175| [39m
    [90m176| [39m      [35mconst[39m result [33m=[39m [34mevaluateTechRank[39m(member[33m,[39m [])[33m;[39m
    [90m   | [39m                     [31m^[39m
    [90m177| [39m
    [90m178| [39m      [34mexpect[39m(result[33m.[39maction)[33m.[39m[34mtoBe[39m([32m'rank_locked'[39m)[33m;[39m

[31m[2m⎯⎯⎯⎯⎯⎯⎯⎯⎯⎯⎯⎯⎯⎯⎯⎯⎯⎯⎯⎯[103/151]⎯[22m[39m

[41m[1m FAIL [22m[49m tests/unit/lib/compensation/rank.test.ts[2m > [22mRank Evaluation[2m > [22mevaluateTechRank - Maintain[2m > [22mshould maintain rank when requirements are met
[31m[1mTypeError[22m: (0 , __vite_ssr_import_1__.evaluateTechRank) is not a function[39m
[36m [2m❯[22m tests/unit/lib/compensation/rank.test.ts:[2m198:22[22m[39m
    [90m196| [39m      }[33m;[39m
    [90m197| [39m
    [90m198| [39m      [35mconst[39m result [33m=[39m [34mevaluateTechRank[39m(member[33m,[39m [])[33m;[39m
    [90m   | [39m                     [31m^[39m
    [90m199| [39m
    [90m200| [39m      [34mexpect[39m(result[33m.[39maction)[33m.[39m[34mtoBe[39m([32m'maintain'[39m)[33m;[39m

[31m[2m⎯⎯⎯⎯⎯⎯⎯⎯⎯⎯⎯⎯⎯⎯⎯⎯⎯⎯⎯⎯[104/151]⎯[22m[39m

[41m[1m FAIL [22m[49m tests/unit/lib/compensation/rank.test.ts[2m > [22mRank Evaluation[2m > [22mcalculateRankLockDate[2m > [22mshould return lock date if rank achieved within first 6 months
[31m[1mTypeError[22m: (0 , __vite_ssr_import_1__.calculateRankLockDate) is not a function[39m
[36m [2m❯[22m tests/unit/lib/compensation/rank.test.ts:[2m211:24[22m[39m
    [90m209| [39m      const firstRankDate = new Date('2026-03-15'); // 2.5 months afte…
    [90m210| [39m
    [90m211| [39m      const lockDate = calculateRankLockDate(enrollmentDate, firstRank…
    [90m   | [39m                       [31m^[39m
    [90m212| [39m
    [90m213| [39m      [34mexpect[39m(lockDate)[33m.[39mnot[33m.[39m[34mtoBeNull[39m()[33m;[39m

[31m[2m⎯⎯⎯⎯⎯⎯⎯⎯⎯⎯⎯⎯⎯⎯⎯⎯⎯⎯⎯⎯[105/151]⎯[22m[39m

[41m[1m FAIL [22m[49m tests/unit/lib/compensation/rank.test.ts[2m > [22mRank Evaluation[2m > [22mcalculateRankLockDate[2m > [22mshould return null if rank achieved after 6 months
[31m[1mTypeError[22m: (0 , __vite_ssr_import_1__.calculateRankLockDate) is not a function[39m
[36m [2m❯[22m tests/unit/lib/compensation/rank.test.ts:[2m222:24[22m[39m
    [90m220| [39m      const firstRankDate = new Date('2026-08-01'); // 7 months after …
    [90m221| [39m
    [90m222| [39m      const lockDate = calculateRankLockDate(enrollmentDate, firstRank…
    [90m   | [39m                       [31m^[39m
    [90m223| [39m
    [90m224| [39m      [34mexpect[39m(lockDate)[33m.[39m[34mtoBeNull[39m()[33m;[39m

[31m[2m⎯⎯⎯⎯⎯⎯⎯⎯⎯⎯⎯⎯⎯⎯⎯⎯⎯⎯⎯⎯[106/151]⎯[22m[39m

[41m[1m FAIL [22m[49m tests/unit/lib/compensation/rank.test.ts[2m > [22mRank Evaluation[2m > [22mcalculateRankLockDate[2m > [22mshould lock for exactly 6 months from rank achievement
[31m[1mTypeError[22m: (0 , __vite_ssr_import_1__.calculateRankLockDate) is not a function[39m
[36m [2m❯[22m tests/unit/lib/compensation/rank.test.ts:[2m231:24[22m[39m
    [90m229| [39m      const firstRankDate = new Date('2026-02-01'); // 1 month after e…
    [90m230| [39m
    [90m231| [39m      const lockDate = calculateRankLockDate(enrollmentDate, firstRank…
    [90m   | [39m                       [31m^[39m
    [90m232| [39m
    [90m233| [39m      [34mexpect[39m(lockDate)[33m.[39mnot[33m.[39m[34mtoBeNull[39m()[33m;[39m

[31m[2m⎯⎯⎯⎯⎯⎯⎯⎯⎯⎯⎯⎯⎯⎯⎯⎯⎯⎯⎯⎯[107/151]⎯[22m[39m

[41m[1m FAIL [22m[49m tests/unit/lib/compensation/rank.test.ts[2m > [22mRank Evaluation[2m > [22mshouldPayRankBonus[2m > [22mshould pay bonus when promoted to new highest rank
[31m[1mTypeError[22m: (0 , __vite_ssr_import_1__.shouldPayRankBonus) is not a function[39m
[36m [2m❯[22m tests/unit/lib/compensation/rank.test.ts:[2m243:14[22m[39m
    [90m241| [39m  [34mdescribe[39m([32m'shouldPayRankBonus'[39m[33m,[39m () [33m=>[39m {
    [90m242| [39m    [34mit[39m([32m'should pay bonus when promoted to new highest rank'[39m[33m,[39m () [33m=>[39m {
    [90m243| [39m      [34mexpect[39m([34mshouldPayRankBonus[39m([32m'bronze'[39m[33m,[39m [32m'starter'[39m))[33m.[39m[34mtoBe[39m([35mtrue[39m)[33m;[39m
    [90m   | [39m             [31m^[39m
    [90m244| [39m      [34mexpect[39m([34mshouldPayRankBonus[39m([32m'silver'[39m[33m,[39m [32m'bronze'[39m))[33m.[39m[34mtoBe[39m([35mtrue[39m)[33m;[39m
    [90m245| [39m      [34mexpect[39m([34mshouldPayRankBonus[39m([32m'gold'[39m[33m,[39m [32m'silver'[39m))[33m.[39m[34mtoBe[39m([35mtrue[39m)[33m;[39m

[31m[2m⎯⎯⎯⎯⎯⎯⎯⎯⎯⎯⎯⎯⎯⎯⎯⎯⎯⎯⎯⎯[108/151]⎯[22m[39m

[41m[1m FAIL [22m[49m tests/unit/lib/compensation/rank.test.ts[2m > [22mRank Evaluation[2m > [22mshouldPayRankBonus[2m > [22mshould NOT pay bonus when re-qualifying for same rank
[31m[1mTypeError[22m: (0 , __vite_ssr_import_1__.shouldPayRankBonus) is not a function[39m
[36m [2m❯[22m tests/unit/lib/compensation/rank.test.ts:[2m250:14[22m[39m
    [90m248| [39m
    [90m249| [39m    [34mit[39m([32m'should NOT pay bonus when re-qualifying for same rank'[39m[33m,[39m () [33m=>[39m {
    [90m250| [39m      [34mexpect[39m([34mshouldPayRankBonus[39m([32m'bronze'[39m[33m,[39m [32m'bronze'[39m))[33m.[39m[34mtoBe[39m([35mfalse[39m)[33m;[39m
    [90m   | [39m             [31m^[39m
    [90m251| [39m      [34mexpect[39m([34mshouldPayRankBonus[39m([32m'silver'[39m[33m,[39m [32m'silver'[39m))[33m.[39m[34mtoBe[39m([35mfalse[39m)[33m;[39m
    [90m252| [39m      [34mexpect[39m([34mshouldPayRankBonus[39m([32m'gold'[39m[33m,[39m [32m'gold'[39m))[33m.[39m[34mtoBe[39m([35mfalse[39m)[33m;[39m

[31m[2m⎯⎯⎯⎯⎯⎯⎯⎯⎯⎯⎯⎯⎯⎯⎯⎯⎯⎯⎯⎯[109/151]⎯[22m[39m

[41m[1m FAIL [22m[49m tests/unit/lib/compensation/rank.test.ts[2m > [22mRank Evaluation[2m > [22mshouldPayRankBonus[2m > [22mshould NOT pay bonus when promoted to previously achieved rank
[31m[1mTypeError[22m: (0 , __vite_ssr_import_1__.shouldPayRankBonus) is not a function[39m
[36m [2m❯[22m tests/unit/lib/compensation/rank.test.ts:[2m256:14[22m[39m
    [90m254| [39m
    [90m255| [39m    it('should NOT pay bonus when promoted to previously achieved rank…
    [90m256| [39m      expect(shouldPayRankBonus('silver', 'gold')).toBe(false); // Was…
    [90m   | [39m             [31m^[39m
    [90m257| [39m      expect(shouldPayRankBonus('bronze', 'platinum')).toBe(false); //…
    [90m258| [39m      expect(shouldPayRankBonus('gold', 'elite')).toBe(false); // Was …

[31m[2m⎯⎯⎯⎯⎯⎯⎯⎯⎯⎯⎯⎯⎯⎯⎯⎯⎯⎯⎯⎯[110/151]⎯[22m[39m

[41m[1m FAIL [22m[49m tests/unit/lib/compensation/rank.test.ts[2m > [22mRank Evaluation[2m > [22mshouldPayRankBonus[2m > [22mshould pay bonus when skipping ranks
[31m[1mTypeError[22m: (0 , __vite_ssr_import_1__.shouldPayRankBonus) is not a function[39m
[36m [2m❯[22m tests/unit/lib/compensation/rank.test.ts:[2m262:14[22m[39m
    [90m260| [39m
    [90m261| [39m    [34mit[39m([32m'should pay bonus when skipping ranks'[39m[33m,[39m () [33m=>[39m {
    [90m262| [39m      expect(shouldPayRankBonus('silver', 'starter')).toBe(true); // S…
    [90m   | [39m             [31m^[39m
    [90m263| [39m      expect(shouldPayRankBonus('gold', 'bronze')).toBe(true); // Bron…
    [90m264| [39m    })[33m;[39m

[31m[2m⎯⎯⎯⎯⎯⎯⎯⎯⎯⎯⎯⎯⎯⎯⎯⎯⎯⎯⎯⎯[111/151]⎯[22m[39m

[41m[1m FAIL [22m[49m tests/unit/lib/compensation/rank.test.ts[2m > [22mRank Evaluation[2m > [22mgetRankBonus[2m > [22mshould return correct bonus amounts for each rank
[31m[1mTypeError[22m: (0 , __vite_ssr_import_1__.getRankBonus) is not a function[39m
[36m [2m❯[22m tests/unit/lib/compensation/rank.test.ts:[2m269:14[22m[39m
    [90m267| [39m  [34mdescribe[39m([32m'getRankBonus'[39m[33m,[39m () [33m=>[39m {
    [90m268| [39m    [34mit[39m([32m'should return correct bonus amounts for each rank'[39m[33m,[39m () [33m=>[39m {
    [90m269| [39m      [34mexpect[39m([34mgetRankBonus[39m([32m'starter'[39m))[33m.[39m[34mtoBe[39m([34m0[39m)[33m;[39m
    [90m   | [39m             [31m^[39m
    [90m270| [39m      [34mexpect[39m([34mgetRankBonus[39m([32m'bronze'[39m))[33m.[39m[34mtoBe[39m([34m25000[39m)[33m;[39m [90m// $250[39m
    [90m271| [39m      [34mexpect[39m([34mgetRankBonus[39m([32m'silver'[39m))[33m.[39m[34mtoBe[39m([34m100000[39m)[33m;[39m [90m// $1,000[39m

[31m[2m⎯⎯⎯⎯⎯⎯⎯⎯⎯⎯⎯⎯⎯⎯⎯⎯⎯⎯⎯⎯[112/151]⎯[22m[39m

[41m[1m FAIL [22m[49m tests/unit/lib/compensation/rank.test.ts[2m > [22mRank Evaluation[2m > [22mgetRankBonus[2m > [22mshould accumulate to $93,750 total from Starter to Elite
[31m[1mTypeError[22m: (0 , __vite_ssr_import_1__.getRankBonus) is not a function[39m
[36m [2m❯[22m tests/unit/lib/compensation/rank.test.ts:[2m282:9[22m[39m
    [90m280| [39m    it('should accumulate to $93,750 total from Starter to Elite', () …
    [90m281| [39m      [35mconst[39m total [33m=[39m
    [90m282| [39m        [34mgetRankBonus[39m([32m'bronze'[39m) [33m+[39m
    [90m   | [39m        [31m^[39m
    [90m283| [39m        [34mgetRankBonus[39m([32m'silver'[39m) [33m+[39m
    [90m284| [39m        [34mgetRankBonus[39m([32m'gold'[39m) [33m+[39m

[31m[2m⎯⎯⎯⎯⎯⎯⎯⎯⎯⎯⎯⎯⎯⎯⎯⎯⎯⎯⎯⎯[113/151]⎯[22m[39m

[41m[1m FAIL [22m[49m tests/unit/lib/compensation/rank.test.ts[2m > [22mRank Evaluation[2m > [22mEdge Cases[2m > [22mshould handle member with no credits
[31m[1mTypeError[22m: (0 , __vite_ssr_import_1__.evaluateTechRank) is not a function[39m
[36m [2m❯[22m tests/unit/lib/compensation/rank.test.ts:[2m307:22[22m[39m
    [90m305| [39m      }[33m;[39m
    [90m306| [39m
    [90m307| [39m      [35mconst[39m result [33m=[39m [34mevaluateTechRank[39m(member[33m,[39m [])[33m;[39m
    [90m   | [39m                     [31m^[39m
    [90m308| [39m
    [90m309| [39m      [34mexpect[39m(result[33m.[39maction)[33m.[39m[34mtoBe[39m([32m'maintain'[39m)[33m;[39m

[31m[2m⎯⎯⎯⎯⎯⎯⎯⎯⎯⎯⎯⎯⎯⎯⎯⎯⎯⎯⎯⎯[114/151]⎯[22m[39m

[41m[1m FAIL [22m[49m tests/unit/lib/compensation/rank.test.ts[2m > [22mRank Evaluation[2m > [22mEdge Cases[2m > [22mshould handle Elite member with sufficient production
[31m[1mTypeError[22m: (0 , __vite_ssr_import_1__.evaluateTechRank) is not a function[39m
[36m [2m❯[22m tests/unit/lib/compensation/rank.test.ts:[2m330:22[22m[39m
    [90m328| [39m      ][33m;[39m
    [90m329| [39m
    [90m330| [39m      [35mconst[39m result [33m=[39m [34mevaluateTechRank[39m(member[33m,[39m sponsoredMembers)[33m;[39m
    [90m   | [39m                     [31m^[39m
    [90m331| [39m
    [90m332| [39m      [34mexpect[39m(result[33m.[39maction)[33m.[39m[34mtoBe[39m([32m'maintain'[39m)[33m;[39m

[31m[2m⎯⎯⎯⎯⎯⎯⎯⎯⎯⎯⎯⎯⎯⎯⎯⎯⎯⎯⎯⎯[115/151]⎯[22m[39m

[41m[1m FAIL [22m[49m tests/unit/lib/compensation/rank.test.ts[2m > [22mRank Evaluation[2m > [22mEdge Cases[2m > [22mshould only count personally sponsored members for downline requirements
[31m[1mTypeError[22m: (0 , __vite_ssr_import_1__.evaluateTechRank) is not a function[39m
[36m [2m❯[22m tests/unit/lib/compensation/rank.test.ts:[2m352:22[22m[39m
    [90m350| [39m      ][33m;[39m
    [90m351| [39m
    [90m352| [39m      [35mconst[39m result [33m=[39m [34mevaluateTechRank[39m(member[33m,[39m sponsoredMembers)[33m;[39m
    [90m   | [39m                     [31m^[39m
    [90m353| [39m
    [90m354| [39m      // Gold requires 1 Bronze - and 1 is personally sponsored, so qu…

[31m[2m⎯⎯⎯⎯⎯⎯⎯⎯⎯⎯⎯⎯⎯⎯⎯⎯⎯⎯⎯⎯[116/151]⎯[22m[39m

[41m[1m FAIL [22m[49m tests/unit/lib/compensation/rank.test.ts[2m > [22mRank Evaluation[2m > [22mDownline Requirements[2m > [22mshould handle Diamond OR requirements (3 Gold OR 2 Platinum)
[31m[1mTypeError[22m: (0 , __vite_ssr_import_1__.evaluateTechRank) is not a function[39m
[36m [2m❯[22m tests/unit/lib/compensation/rank.test.ts:[2m379:23[22m[39m
    [90m377| [39m      ][33m;[39m
    [90m378| [39m
    [90m379| [39m      [35mconst[39m result1 [33m=[39m [34mevaluateTechRank[39m(member[33m,[39m threeGold)[33m;[39m
    [90m   | [39m                      [31m^[39m
    [90m380| [39m      [34mexpect[39m(result1[33m.[39mqualifiedRank)[33m.[39m[34mtoBe[39m([32m'diamond'[39m)[33m;[39m
    [90m381| [39m

[31m[2m⎯⎯⎯⎯⎯⎯⎯⎯⎯⎯⎯⎯⎯⎯⎯⎯⎯⎯⎯⎯[117/151]⎯[22m[39m

[41m[1m FAIL [22m[49m tests/unit/lib/compensation/rank.test.ts[2m > [22mRank Evaluation[2m > [22mDownline Requirements[2m > [22mshould handle Elite OR requirements (3 Platinum OR 2 Diamond)
[31m[1mTypeError[22m: (0 , __vite_ssr_import_1__.evaluateTechRank) is not a function[39m
[36m [2m❯[22m tests/unit/lib/compensation/rank.test.ts:[2m410:23[22m[39m
    [90m408| [39m      ][33m;[39m
    [90m409| [39m
    [90m410| [39m      [35mconst[39m result1 [33m=[39m [34mevaluateTechRank[39m(member[33m,[39m threePlatinum)[33m;[39m
    [90m   | [39m                      [31m^[39m
    [90m411| [39m      [34mexpect[39m(result1[33m.[39mqualifiedRank)[33m.[39m[34mtoBe[39m([32m'elite'[39m)[33m;[39m
    [90m412| [39m

[31m[2m⎯⎯⎯⎯⎯⎯⎯⎯⎯⎯⎯⎯⎯⎯⎯⎯⎯⎯⎯⎯[118/151]⎯[22m[39m

[41m[1m FAIL [22m[49m tests/unit/lib/compensation/waterfall.test.ts[2m > [22mWaterfall Calculations[2m > [22mcalculateWaterfall - Standard Products[2m > [22mshould calculate waterfall for $79 PulseGuard member price
[31m[1mAssertionError[22m: expected undefined to be 2370 // Object.is equality[39m

[32m- Expected:[39m 
2370

[31m+ Received:[39m 
undefined

[36m [2m❯[22m tests/unit/lib/compensation/waterfall.test.ts:[2m23:40[22m[39m
    [90m 21| [39m
    [90m 22| [39m      [90m// BotMakers: 30% of $79 = $23.70[39m
    [90m 23| [39m      [34mexpect[39m(result[33m.[39mbotmakersFeeCents)[33m.[39m[34mtoBe[39m([34m2370[39m)[33m;[39m
    [90m   | [39m                                       [31m^[39m
    [90m 24| [39m
    [90m 25| [39m      [90m// Adjusted Gross: $79 - $23.70 = $55.30[39m

[31m[2m⎯⎯⎯⎯⎯⎯⎯⎯⎯⎯⎯⎯⎯⎯⎯⎯⎯⎯⎯⎯[119/151]⎯[22m[39m

[41m[1m FAIL [22m[49m tests/unit/lib/compensation/waterfall.test.ts[2m > [22mWaterfall Calculations[2m > [22mcalculateWaterfall - Standard Products[2m > [22mshould calculate waterfall for $99 PulseGuard retail price
[31m[1mAssertionError[22m: expected undefined to be 2970 // Object.is equality[39m

[32m- Expected:[39m 
2970

[31m+ Received:[39m 
undefined

[36m [2m❯[22m tests/unit/lib/compensation/waterfall.test.ts:[2m56:40[22m[39m
    [90m 54| [39m      [35mconst[39m result [33m=[39m [34mcalculateWaterfall[39m([34m9900[39m[33m,[39m [32m'standard'[39m)[33m;[39m
    [90m 55| [39m
    [90m 56| [39m      [34mexpect[39m(result[33m.[39mbotmakersFeeCents)[33m.[39m[34mtoBe[39m([34m2970[39m)[33m;[39m [90m// 30%[39m
    [90m   | [39m                                       [31m^[39m
    [90m 57| [39m      [34mexpect[39m(result[33m.[39madjustedGrossCents)[33m.[39m[34mtoBe[39m([34m6930[39m)[33m;[39m
    [90m 58| [39m      [34mexpect[39m(result[33m.[39mapexTakeCents)[33m.[39m[34mtoBe[39m([34m2079[39m)[33m;[39m [90m// 30% of adjusted[39m

[31m[2m⎯⎯⎯⎯⎯⎯⎯⎯⎯⎯⎯⎯⎯⎯⎯⎯⎯⎯⎯⎯[120/151]⎯[22m[39m

[41m[1m FAIL [22m[49m tests/unit/lib/compensation/waterfall.test.ts[2m > [22mWaterfall Calculations[2m > [22mcalculateWaterfall - Standard Products[2m > [22mshould handle small amounts without rounding errors
[31m[1mAssertionError[22m: expected undefined to be 1000 // Object.is equality[39m

[32m- Expected:[39m 
1000

[31m+ Received:[39m 
undefined

[36m [2m❯[22m tests/unit/lib/compensation/waterfall.test.ts:[2m70:33[22m[39m
    [90m 68| [39m      [35mconst[39m result [33m=[39m [34mcalculateWaterfall[39m([34m1000[39m[33m,[39m [32m'standard'[39m)[33m;[39m [90m// $10[39m
    [90m 69| [39m
    [90m 70| [39m      [34mexpect[39m(result[33m.[39mpriceCents)[33m.[39m[34mtoBe[39m([34m1000[39m)[33m;[39m
    [90m   | [39m                                [31m^[39m
    [90m 71| [39m      [34mexpect[39m(result[33m.[39mbotmakersFeeCents)[33m.[39m[34mtoBe[39m([34m300[39m)[33m;[39m
    [90m 72| [39m      [34mexpect[39m(result[33m.[39madjustedGrossCents)[33m.[39m[34mtoBe[39m([34m700[39m)[33m;[39m

[31m[2m⎯⎯⎯⎯⎯⎯⎯⎯⎯⎯⎯⎯⎯⎯⎯⎯⎯⎯⎯⎯[121/151]⎯[22m[39m

[41m[1m FAIL [22m[49m tests/unit/lib/compensation/waterfall.test.ts[2m > [22mWaterfall Calculations[2m > [22mcalculateWaterfall - Standard Products[2m > [22mshould handle large amounts accurately
[31m[1mAssertionError[22m: expected undefined to be 999900 // Object.is equality[39m

[32m- Expected:[39m 
999900

[31m+ Received:[39m 
undefined

[36m [2m❯[22m tests/unit/lib/compensation/waterfall.test.ts:[2m85:33[22m[39m
    [90m 83| [39m      [35mconst[39m result [33m=[39m [34mcalculateWaterfall[39m([34m999900[39m[33m,[39m [32m'standard'[39m)[33m;[39m [90m// $9,999[39m
    [90m 84| [39m
    [90m 85| [39m      [34mexpect[39m(result[33m.[39mpriceCents)[33m.[39m[34mtoBe[39m([34m999900[39m)[33m;[39m
    [90m   | [39m                                [31m^[39m
    [90m 86| [39m      [34mexpect[39m(result[33m.[39mbotmakersFeeCents)[33m.[39m[34mtoBe[39m([34m299970[39m)[33m;[39m
    [90m 87| [39m      [34mexpect[39m(result[33m.[39madjustedGrossCents)[33m.[39m[34mtoBe[39m([34m699930[39m)[33m;[39m

[31m[2m⎯⎯⎯⎯⎯⎯⎯⎯⎯⎯⎯⎯⎯⎯⎯⎯⎯⎯⎯⎯[122/151]⎯[22m[39m

[41m[1m FAIL [22m[49m tests/unit/lib/compensation/waterfall.test.ts[2m > [22mWaterfall Calculations[2m > [22mcalculateWaterfall - Business Center[2m > [22mshould use fixed split for Business Center ($39)
[31m[1mAssertionError[22m: expected undefined to be 3900 // Object.is equality[39m

[32m- Expected:[39m 
3900

[31m+ Received:[39m 
undefined

[36m [2m❯[22m tests/unit/lib/compensation/waterfall.test.ts:[2m102:33[22m[39m
    [90m100| [39m      [35mconst[39m result [33m=[39m [34mcalculateWaterfall[39m([34m3900[39m[33m,[39m [32m'business_center'[39m)[33m;[39m
    [90m101| [39m
    [90m102| [39m      [34mexpect[39m(result[33m.[39mpriceCents)[33m.[39m[34mtoBe[39m([34m3900[39m)[33m;[39m
    [90m   | [39m                                [31m^[39m
    [90m103| [39m      [34mexpect[39m(result[33m.[39mproductType)[33m.[39m[34mtoBe[39m([32m'business_center'[39m)[33m;[39m
    [90m104| [39m

[31m[2m⎯⎯⎯⎯⎯⎯⎯⎯⎯⎯⎯⎯⎯⎯⎯⎯⎯⎯⎯⎯[123/151]⎯[22m[39m

[41m[1m FAIL [22m[49m tests/unit/lib/compensation/waterfall.test.ts[2m > [22mWaterfall Calculations[2m > [22mcalculateWaterfall - Business Center[2m > [22mshould ignore priceCents parameter for Business Center
[31m[1mAssertionError[22m: expected undefined to be 3900 // Object.is equality[39m

[32m- Expected:[39m 
3900

[31m+ Received:[39m 
undefined

[36m [2m❯[22m tests/unit/lib/compensation/waterfall.test.ts:[2m126:34[22m[39m
    [90m124| [39m      [35mconst[39m result2 [33m=[39m [34mcalculateWaterfall[39m([34m3900[39m[33m,[39m [32m'business_center'[39m)[33m;[39m
    [90m125| [39m
    [90m126| [39m      [34mexpect[39m(result1[33m.[39mpriceCents)[33m.[39m[34mtoBe[39m([34m3900[39m)[33m;[39m
    [90m   | [39m                                 [31m^[39m
    [90m127| [39m      [34mexpect[39m(result2[33m.[39mpriceCents)[33m.[39m[34mtoBe[39m([34m3900[39m)[33m;[39m
    [90m128| [39m      expect(result1.sellerCommissionCents).toBe(result2.sellerCommiss…

[31m[2m⎯⎯⎯⎯⎯⎯⎯⎯⎯⎯⎯⎯⎯⎯⎯⎯⎯⎯⎯⎯[124/151]⎯[22m[39m

[41m[1m FAIL [22m[49m tests/unit/lib/compensation/waterfall.test.ts[2m > [22mWaterfall Calculations[2m > [22mgetBusinessCenterSponsorBonus[2m > [22mshould return $8 sponsor bonus
[31m[1mTypeError[22m: (0 , __vite_ssr_import_1__.getBusinessCenterSponsorBonus) is not a function[39m
[36m [2m❯[22m tests/unit/lib/compensation/waterfall.test.ts:[2m134:21[22m[39m
    [90m132| [39m  [34mdescribe[39m([32m'getBusinessCenterSponsorBonus'[39m[33m,[39m () [33m=>[39m {
    [90m133| [39m    [34mit[39m([32m'should return $8 sponsor bonus'[39m[33m,[39m () [33m=>[39m {
    [90m134| [39m      [35mconst[39m bonus [33m=[39m [34mgetBusinessCenterSponsorBonus[39m()[33m;[39m
    [90m   | [39m                    [31m^[39m
    [90m135| [39m      [34mexpect[39m(bonus)[33m.[39m[34mtoBe[39m([34m800[39m)[33m;[39m [90m// $8.00 in cents[39m
    [90m136| [39m    })[33m;[39m

[31m[2m⎯⎯⎯⎯⎯⎯⎯⎯⎯⎯⎯⎯⎯⎯⎯⎯⎯⎯⎯⎯[125/151]⎯[22m[39m

[41m[1m FAIL [22m[49m tests/unit/lib/compensation/waterfall.test.ts[2m > [22mWaterfall Calculations[2m > [22mvalidateWaterfall[2m > [22mshould validate standard waterfall adds up correctly
[31m[1mTypeError[22m: Cannot read properties of undefined (reading 'sellerCommission')[39m
[36m [2m❯[22m validateWaterfall src/lib/compensation/waterfall.ts:[2m119:16[22m[39m
    [90m117| [39m  [35mconst[39m errors[33m:[39m string[] [33m=[39m [][33m;[39m
    [90m118| [39m
    [90m119| [39m  [35mif[39m (expected[33m.[39msellerCommission [33m!==[39m undefined) {
    [90m   | [39m               [31m^[39m
    [90m120| [39m    const diff = Math.abs(result.sellerCommission - expected.sellerCom…
    [90m121| [39m    [35mif[39m (diff [33m>[39m tolerance) {
[90m [2m❯[22m tests/unit/lib/compensation/waterfall.test.ts:[2m142:26[22m[39m

[31m[2m⎯⎯⎯⎯⎯⎯⎯⎯⎯⎯⎯⎯⎯⎯⎯⎯⎯⎯⎯⎯[126/151]⎯[22m[39m

[41m[1m FAIL [22m[49m tests/unit/lib/compensation/waterfall.test.ts[2m > [22mWaterfall Calculations[2m > [22mvalidateWaterfall[2m > [22mshould validate Business Center split adds up correctly
[31m[1mTypeError[22m: Cannot read properties of undefined (reading 'sellerCommission')[39m
[36m [2m❯[22m validateWaterfall src/lib/compensation/waterfall.ts:[2m119:16[22m[39m
    [90m117| [39m  [35mconst[39m errors[33m:[39m string[] [33m=[39m [][33m;[39m
    [90m118| [39m
    [90m119| [39m  [35mif[39m (expected[33m.[39msellerCommission [33m!==[39m undefined) {
    [90m   | [39m               [31m^[39m
    [90m120| [39m    const diff = Math.abs(result.sellerCommission - expected.sellerCom…
    [90m121| [39m    [35mif[39m (diff [33m>[39m tolerance) {
[90m [2m❯[22m tests/unit/lib/compensation/waterfall.test.ts:[2m150:26[22m[39m

[31m[2m⎯⎯⎯⎯⎯⎯⎯⎯⎯⎯⎯⎯⎯⎯⎯⎯⎯⎯⎯⎯[127/151]⎯[22m[39m

[41m[1m FAIL [22m[49m tests/unit/lib/compensation/waterfall.test.ts[2m > [22mWaterfall Calculations[2m > [22mvalidateWaterfall[2m > [22mshould detect invalid waterfall calculations
[31m[1mTypeError[22m: Cannot read properties of undefined (reading 'sellerCommission')[39m
[36m [2m❯[22m validateWaterfall src/lib/compensation/waterfall.ts:[2m119:16[22m[39m
    [90m117| [39m  [35mconst[39m errors[33m:[39m string[] [33m=[39m [][33m;[39m
    [90m118| [39m
    [90m119| [39m  [35mif[39m (expected[33m.[39msellerCommission [33m!==[39m undefined) {
    [90m   | [39m               [31m^[39m
    [90m120| [39m    const diff = Math.abs(result.sellerCommission - expected.sellerCom…
    [90m121| [39m    [35mif[39m (diff [33m>[39m tolerance) {
[90m [2m❯[22m tests/unit/lib/compensation/waterfall.test.ts:[2m173:26[22m[39m

[31m[2m⎯⎯⎯⎯⎯⎯⎯⎯⎯⎯⎯⎯⎯⎯⎯⎯⎯⎯⎯⎯[128/151]⎯[22m[39m

[41m[1m FAIL [22m[49m tests/unit/lib/compensation/waterfall.test.ts[2m > [22mWaterfall Calculations[2m > [22maggregatePools[2m > [22mshould aggregate multiple waterfalls correctly
[31m[1mTypeError[22m: (0 , __vite_ssr_import_1__.aggregatePools) is not a function[39m
[36m [2m❯[22m tests/unit/lib/compensation/waterfall.test.ts:[2m189:27[22m[39m
    [90m187| [39m      ][33m;[39m
    [90m188| [39m
    [90m189| [39m      [35mconst[39m aggregation [33m=[39m [34maggregatePools[39m(sales)[33m;[39m
    [90m   | [39m                          [31m^[39m
    [90m190| [39m
    [90m191| [39m      [34mexpect[39m(aggregation[33m.[39msaleCount)[33m.[39m[34mtoBe[39m([34m4[39m)[33m;[39m

[31m[2m⎯⎯⎯⎯⎯⎯⎯⎯⎯⎯⎯⎯⎯⎯⎯⎯⎯⎯⎯⎯[129/151]⎯[22m[39m

[41m[1m FAIL [22m[49m tests/unit/lib/compensation/waterfall.test.ts[2m > [22mWaterfall Calculations[2m > [22maggregatePools[2m > [22mshould handle empty sales array
[31m[1mTypeError[22m: (0 , __vite_ssr_import_1__.aggregatePools) is not a function[39m
[36m [2m❯[22m tests/unit/lib/compensation/waterfall.test.ts:[2m203:27[22m[39m
    [90m201| [39m
    [90m202| [39m    [34mit[39m([32m'should handle empty sales array'[39m[33m,[39m () [33m=>[39m {
    [90m203| [39m      [35mconst[39m aggregation [33m=[39m [34maggregatePools[39m([])[33m;[39m
    [90m   | [39m                          [31m^[39m
    [90m204| [39m
    [90m205| [39m      [34mexpect[39m(aggregation[33m.[39msaleCount)[33m.[39m[34mtoBe[39m([34m0[39m)[33m;[39m

[31m[2m⎯⎯⎯⎯⎯⎯⎯⎯⎯⎯⎯⎯⎯⎯⎯⎯⎯⎯⎯⎯[130/151]⎯[22m[39m

[41m[1m FAIL [22m[49m tests/unit/lib/compensation/waterfall.test.ts[2m > [22mWaterfall Calculations[2m > [22mformatWaterfallResult[2m > [22mshould format standard waterfall as readable string
[31m[1mTypeError[22m: (0 , __vite_ssr_import_1__.formatWaterfallResult) is not a function[39m
[36m [2m❯[22m tests/unit/lib/compensation/waterfall.test.ts:[2m215:25[22m[39m
    [90m213| [39m    [34mit[39m([32m'should format standard waterfall as readable string'[39m[33m,[39m () [33m=>[39m {
    [90m214| [39m      [35mconst[39m result [33m=[39m [34mcalculateWaterfall[39m([34m7900[39m[33m,[39m [32m'standard'[39m)[33m;[39m
    [90m215| [39m      [35mconst[39m formatted [33m=[39m [34mformatWaterfallResult[39m(result)[33m;[39m
    [90m   | [39m                        [31m^[39m
    [90m216| [39m
    [90m217| [39m      [34mexpect[39m(formatted)[33m.[39m[34mtoContain[39m([32m'Standard Waterfall:'[39m)[33m;[39m

[31m[2m⎯⎯⎯⎯⎯⎯⎯⎯⎯⎯⎯⎯⎯⎯⎯⎯⎯⎯⎯⎯[131/151]⎯[22m[39m

[41m[1m FAIL [22m[49m tests/unit/lib/compensation/waterfall.test.ts[2m > [22mWaterfall Calculations[2m > [22mformatWaterfallResult[2m > [22mshould format Business Center waterfall as readable string
[31m[1mTypeError[22m: (0 , __vite_ssr_import_1__.formatWaterfallResult) is not a function[39m
[36m [2m❯[22m tests/unit/lib/compensation/waterfall.test.ts:[2m226:25[22m[39m
    [90m224| [39m    it('should format Business Center waterfall as readable string', (…
    [90m225| [39m      [35mconst[39m result [33m=[39m [34mcalculateWaterfall[39m([34m3900[39m[33m,[39m [32m'business_center'[39m)[33m;[39m
    [90m226| [39m      [35mconst[39m formatted [33m=[39m [34mformatWaterfallResult[39m(result)[33m;[39m
    [90m   | [39m                        [31m^[39m
    [90m227| [39m
    [90m228| [39m      [34mexpect[39m(formatted)[33m.[39m[34mtoContain[39m([32m'Business Center Waterfall'[39m)[33m;[39m

[31m[2m⎯⎯⎯⎯⎯⎯⎯⎯⎯⎯⎯⎯⎯⎯⎯⎯⎯⎯⎯⎯[132/151]⎯[22m[39m

[41m[1m FAIL [22m[49m tests/unit/lib/compensation/waterfall.test.ts[2m > [22mWaterfall Calculations[2m > [22mEdge Cases[2m > [22mshould handle zero price (should not happen in production)
[31m[1mAssertionError[22m: expected undefined to be +0 // Object.is equality[39m

[32m- Expected:[39m 
0

[31m+ Received:[39m 
undefined

[36m [2m❯[22m tests/unit/lib/compensation/waterfall.test.ts:[2m239:33[22m[39m
    [90m237| [39m      [35mconst[39m result [33m=[39m [34mcalculateWaterfall[39m([34m0[39m[33m,[39m [32m'standard'[39m)[33m;[39m
    [90m238| [39m
    [90m239| [39m      [34mexpect[39m(result[33m.[39mpriceCents)[33m.[39m[34mtoBe[39m([34m0[39m)[33m;[39m
    [90m   | [39m                                [31m^[39m
    [90m240| [39m      [34mexpect[39m(result[33m.[39msellerCommissionCents)[33m.[39m[34mtoBe[39m([34m0[39m)[33m;[39m
    [90m241| [39m      [34mexpect[39m(result[33m.[39moverridePoolCents)[33m.[39m[34mtoBe[39m([34m0[39m)[33m;[39m

[31m[2m⎯⎯⎯⎯⎯⎯⎯⎯⎯⎯⎯⎯⎯⎯⎯⎯⎯⎯⎯⎯[133/151]⎯[22m[39m

[41m[1m FAIL [22m[49m tests/unit/lib/compensation/waterfall.test.ts[2m > [22mWaterfall Calculations[2m > [22mEdge Cases[2m > [22mshould maintain precision with rounding
[31m[1mTypeError[22m: Cannot read properties of undefined (reading 'sellerCommission')[39m
[36m [2m❯[22m validateWaterfall src/lib/compensation/waterfall.ts:[2m119:16[22m[39m
    [90m117| [39m  [35mconst[39m errors[33m:[39m string[] [33m=[39m [][33m;[39m
    [90m118| [39m
    [90m119| [39m  [35mif[39m (expected[33m.[39msellerCommission [33m!==[39m undefined) {
    [90m   | [39m               [31m^[39m
    [90m120| [39m    const diff = Math.abs(result.sellerCommission - expected.sellerCom…
    [90m121| [39m    [35mif[39m (diff [33m>[39m tolerance) {
[90m [2m❯[22m tests/unit/lib/compensation/waterfall.test.ts:[2m250:26[22m[39m

[31m[2m⎯⎯⎯⎯⎯⎯⎯⎯⎯⎯⎯⎯⎯⎯⎯⎯⎯⎯⎯⎯[134/151]⎯[22m[39m

[41m[1m FAIL [22m[49m tests/unit/lib/compensation/waterfall.test.ts[2m > [22mWaterfall Calculations[2m > [22mWaterfall Consistency[2m > [22mshould ensure seller commission is always 60% of commission pool
[31m[1mAssertionError[22m: expected undefined to be NaN // Object.is equality[39m

[32m- Expected:[39m 
NaN

[31m+ Received:[39m 
undefined

[36m [2m❯[22m tests/unit/lib/compensation/waterfall.test.ts:[2m271:46[22m[39m
    [90m269| [39m        const expectedSeller = Math.round(result.commissionPoolCents *…
    [90m270| [39m
    [90m271| [39m        [34mexpect[39m(result[33m.[39msellerCommissionCents)[33m.[39m[34mtoBe[39m(expectedSeller)[33m;[39m
    [90m   | [39m                                             [31m^[39m
    [90m272| [39m      })[33m;[39m
    [90m273| [39m    })[33m;[39m
[90m [2m❯[22m tests/unit/lib/compensation/waterfall.test.ts:[2m267:14[22m[39m

[31m[2m⎯⎯⎯⎯⎯⎯⎯⎯⎯⎯⎯⎯⎯⎯⎯⎯⎯⎯⎯⎯[135/151]⎯[22m[39m

[41m[1m FAIL [22m[49m tests/unit/lib/compensation/waterfall.test.ts[2m > [22mWaterfall Calculations[2m > [22mWaterfall Consistency[2m > [22mshould ensure override pool is 40% of commission pool
[31m[1mAssertionError[22m: expected NaN to be less than or equal to 1[39m
[36m [2m❯[22m tests/unit/lib/compensation/waterfall.test.ts:[2m284:62[22m[39m
    [90m282| [39m
    [90m283| [39m        [90m// Allow 1 cent rounding tolerance[39m
    [90m284| [39m        expect(Math.abs(commissionPool - sellerAndOverride)).toBeLessT…
    [90m   | [39m                                                             [31m^[39m
    [90m285| [39m      })[33m;[39m
    [90m286| [39m    })[33m;[39m
[90m [2m❯[22m tests/unit/lib/compensation/waterfall.test.ts:[2m278:14[22m[39m

[31m[2m⎯⎯⎯⎯⎯⎯⎯⎯⎯⎯⎯⎯⎯⎯⎯⎯⎯⎯⎯⎯[136/151]⎯[22m[39m

[41m[1m FAIL [22m[49m tests/unit/lib/compensation/waterfall.test.ts[2m > [22mWaterfall Calculations[2m > [22mWaterfall Consistency[2m > [22mshould ensure bonus pool is always 3.5% of remainder
[31m[1mAssertionError[22m: expected undefined to be NaN // Object.is equality[39m

[32m- Expected:[39m 
NaN

[31m+ Received:[39m 
undefined

[36m [2m❯[22m tests/unit/lib/compensation/waterfall.test.ts:[2m295:39[22m[39m
    [90m293| [39m        const expectedBonus = Math.round(result.remainderCents * 0.035…
    [90m294| [39m
    [90m295| [39m        [34mexpect[39m(result[33m.[39mbonusPoolCents)[33m.[39m[34mtoBe[39m(expectedBonus)[33m;[39m
    [90m   | [39m                                      [31m^[39m
    [90m296| [39m      })[33m;[39m
    [90m297| [39m    })[33m;[39m
[90m [2m❯[22m tests/unit/lib/compensation/waterfall.test.ts:[2m291:14[22m[39m

[31m[2m⎯⎯⎯⎯⎯⎯⎯⎯⎯⎯⎯⎯⎯⎯⎯⎯⎯⎯⎯⎯[137/151]⎯[22m[39m

[41m[1m FAIL [22m[49m tests/unit/lib/compensation/waterfall.test.ts[2m > [22mWaterfall Calculations[2m > [22mWaterfall Consistency[2m > [22mshould ensure leadership pool is always 1.5% of remainder
[31m[1mAssertionError[22m: expected undefined to be NaN // Object.is equality[39m

[32m- Expected:[39m 
NaN

[31m+ Received:[39m 
undefined

[36m [2m❯[22m tests/unit/lib/compensation/waterfall.test.ts:[2m306:44[22m[39m
    [90m304| [39m        const expectedLeadership = Math.round(result.remainderCents * …
    [90m305| [39m
    [90m306| [39m        [34mexpect[39m(result[33m.[39mleadershipPoolCents)[33m.[39m[34mtoBe[39m(expectedLeadership)[33m;[39m
    [90m   | [39m                                           [31m^[39m
    [90m307| [39m      })[33m;[39m
    [90m308| [39m    })[33m;[39m
[90m [2m❯[22m tests/unit/lib/compensation/waterfall.test.ts:[2m302:14[22m[39m

[31m[2m⎯⎯⎯⎯⎯⎯⎯⎯⎯⎯⎯⎯⎯⎯⎯⎯⎯⎯⎯⎯[138/151]⎯[22m[39m

[41m[1m FAIL [22m[49m tests/unit/api/admin/integrations/product-mappings.test.ts[2m > [22mProduct Mappings API - List & Create[2m > [22mGET /api/admin/integrations/product-mappings[2m > [22mshould list all product mappings
[31m[1mAssertionError[22m: Target cannot be null or undefined.[39m
[36m [2m❯[22m tests/unit/api/admin/integrations/product-mappings.test.ts:[2m92:29[22m[39m
    [90m 90| [39m      [34mexpect[39m(response[33m.[39mstatus)[33m.[39m[34mtoBe[39m([34m200[39m)[33m;[39m
    [90m 91| [39m      [35mconst[39m data [33m=[39m [35mawait[39m response[33m.[39m[34mjson[39m()[33m;[39m
    [90m 92| [39m      [34mexpect[39m(data[33m.[39mmappings)[33m.[39m[34mtoHaveLength[39m([34m1[39m)[33m;[39m
    [90m   | [39m                            [31m^[39m
    [90m 93| [39m    })[33m;[39m
    [90m 94| [39m

[31m[2m⎯⎯⎯⎯⎯⎯⎯⎯⎯⎯⎯⎯⎯⎯⎯⎯⎯⎯⎯⎯[139/151]⎯[22m[39m

[41m[1m FAIL [22m[49m tests/unit/api/admin/integrations/product-mappings.test.ts[2m > [22mProduct Mappings API - List & Create[2m > [22mGET /api/admin/integrations/product-mappings[2m > [22mshould filter by integration_id when provided
[31m[1mAssertionError[22m: expected 500 to be 200 // Object.is equality[39m

[32m- Expected[39m
[31m+ Received[39m

[32m- 200[39m
[31m+ 500[39m

[36m [2m❯[22m tests/unit/api/admin/integrations/product-mappings.test.ts:[2m99:31[22m[39m
    [90m 97| [39m      [35mconst[39m response [33m=[39m [35mawait[39m [33mGET[39m(request)[33m;[39m
    [90m 98| [39m
    [90m 99| [39m      [34mexpect[39m(response[33m.[39mstatus)[33m.[39m[34mtoBe[39m([34m200[39m)[33m;[39m
    [90m   | [39m                              [31m^[39m
    [90m100| [39m    })[33m;[39m
    [90m101| [39m  })[33m;[39m

[31m[2m⎯⎯⎯⎯⎯⎯⎯⎯⎯⎯⎯⎯⎯⎯⎯⎯⎯⎯⎯⎯[140/151]⎯[22m[39m

[41m[1m FAIL [22m[49m tests/unit/api/admin/integrations/product-mappings.test.ts[2m > [22mProduct Mappings API - List & Create[2m > [22mPOST /api/admin/integrations/product-mappings[2m > [22mshould create product mapping with valid data
[31m[1mAssertionError[22m: expected 500 to be 201 // Object.is equality[39m

[32m- Expected[39m
[31m+ Received[39m

[32m- 201[39m
[31m+ 500[39m

[36m [2m❯[22m tests/unit/api/admin/integrations/product-mappings.test.ts:[2m211:31[22m[39m
    [90m209| [39m      [35mconst[39m response [33m=[39m [35mawait[39m [33mPOST[39m(request)[33m;[39m
    [90m210| [39m
    [90m211| [39m      [34mexpect[39m(response[33m.[39mstatus)[33m.[39m[34mtoBe[39m([34m201[39m)[33m;[39m
    [90m   | [39m                              [31m^[39m
    [90m212| [39m      [35mconst[39m data [33m=[39m [35mawait[39m response[33m.[39m[34mjson[39m()[33m;[39m
    [90m213| [39m      [34mexpect[39m(data[33m.[39mmapping)[33m.[39m[34mtoBeDefined[39m()[33m;[39m

[31m[2m⎯⎯⎯⎯⎯⎯⎯⎯⎯⎯⎯⎯⎯⎯⎯⎯⎯⎯⎯⎯[141/151]⎯[22m[39m

[41m[1m FAIL [22m[49m tests/unit/api/admin/integrations/product-mappings.test.ts[2m > [22mProduct Mappings API - Single Resource[2m > [22mGET /api/admin/integrations/product-mappings/[id][2m > [22mshould get single product mapping
[31m[1mAssertionError[22m: expected 500 to be 200 // Object.is equality[39m

[32m- Expected[39m
[31m+ Received[39m

[32m- 200[39m
[31m+ 500[39m

[36m [2m❯[22m tests/unit/api/admin/integrations/product-mappings.test.ts:[2m240:31[22m[39m
    [90m238| [39m      const response = await GET_SINGLE(request, { params: { id: 'mapp…
    [90m239| [39m
    [90m240| [39m      [34mexpect[39m(response[33m.[39mstatus)[33m.[39m[34mtoBe[39m([34m200[39m)[33m;[39m
    [90m   | [39m                              [31m^[39m
    [90m241| [39m      [35mconst[39m data [33m=[39m [35mawait[39m response[33m.[39m[34mjson[39m()[33m;[39m
    [90m242| [39m      [34mexpect[39m(data[33m.[39mmapping)[33m.[39m[34mtoBeDefined[39m()[33m;[39m

[31m[2m⎯⎯⎯⎯⎯⎯⎯⎯⎯⎯⎯⎯⎯⎯⎯⎯⎯⎯⎯⎯[142/151]⎯[22m[39m

[41m[1m FAIL [22m[49m tests/unit/api/admin/integrations/product-mappings.test.ts[2m > [22mProduct Mappings API - Single Resource[2m > [22mGET /api/admin/integrations/product-mappings/[id][2m > [22mshould return 404 for non-existent mapping
[31m[1mAssertionError[22m: expected 500 to be 404 // Object.is equality[39m

[32m- Expected[39m
[31m+ Received[39m

[32m- 404[39m
[31m+ 500[39m

[36m [2m❯[22m tests/unit/api/admin/integrations/product-mappings.test.ts:[2m260:31[22m[39m
    [90m258| [39m      const response = await GET_SINGLE(request, { params: { id: 'inva…
    [90m259| [39m
    [90m260| [39m      [34mexpect[39m(response[33m.[39mstatus)[33m.[39m[34mtoBe[39m([34m404[39m)[33m;[39m
    [90m   | [39m                              [31m^[39m
    [90m261| [39m    })[33m;[39m
    [90m262| [39m  })[33m;[39m

[31m[2m⎯⎯⎯⎯⎯⎯⎯⎯⎯⎯⎯⎯⎯⎯⎯⎯⎯⎯⎯⎯[143/151]⎯[22m[39m

[41m[1m FAIL [22m[49m tests/unit/api/admin/integrations/product-mappings.test.ts[2m > [22mProduct Mappings API - Single Resource[2m > [22mPUT /api/admin/integrations/product-mappings/[id][2m > [22mshould update product mapping
[31m[1mAssertionError[22m: expected 500 to be 200 // Object.is equality[39m

[32m- Expected[39m
[31m+ Received[39m

[32m- 200[39m
[31m+ 500[39m

[36m [2m❯[22m tests/unit/api/admin/integrations/product-mappings.test.ts:[2m295:31[22m[39m
    [90m293| [39m      const response = await PUT(request, { params: { id: 'mapping-1' …
    [90m294| [39m
    [90m295| [39m      [34mexpect[39m(response[33m.[39mstatus)[33m.[39m[34mtoBe[39m([34m200[39m)[33m;[39m
    [90m   | [39m                              [31m^[39m
    [90m296| [39m    })[33m;[39m
    [90m297| [39m  })[33m;[39m

[31m[2m⎯⎯⎯⎯⎯⎯⎯⎯⎯⎯⎯⎯⎯⎯⎯⎯⎯⎯⎯⎯[144/151]⎯[22m[39m

[41m[1m FAIL [22m[49m tests/unit/api/admin/integrations/product-mappings.test.ts[2m > [22mProduct Mappings API - Single Resource[2m > [22mDELETE /api/admin/integrations/product-mappings/[id][2m > [22mshould delete product mapping
[31m[1mAssertionError[22m: expected 500 to be 200 // Object.is equality[39m

[32m- Expected[39m
[31m+ Received[39m

[32m- 200[39m
[31m+ 500[39m

[36m [2m❯[22m tests/unit/api/admin/integrations/product-mappings.test.ts:[2m321:31[22m[39m
    [90m319| [39m      const response = await DELETE(request, { params: { id: 'mapping-…
    [90m320| [39m
    [90m321| [39m      [34mexpect[39m(response[33m.[39mstatus)[33m.[39m[34mtoBe[39m([34m200[39m)[33m;[39m
    [90m   | [39m                              [31m^[39m
    [90m322| [39m    })[33m;[39m
    [90m323| [39m  })[33m;[39m

[31m[2m⎯⎯⎯⎯⎯⎯⎯⎯⎯⎯⎯⎯⎯⎯⎯⎯⎯⎯⎯⎯[145/151]⎯[22m[39m

[41m[1m FAIL [22m[49m tests/unit/api/admin/integrations/product-mappings.test.ts[2m > [22mProduct Mappings API - Bulk Import[2m > [22mshould validate each mapping in bulk import
[31m[1mAssertionError[22m: expected 500 to be 400 // Object.is equality[39m

[32m- Expected[39m
[31m+ Received[39m

[32m- 400[39m
[31m+ 500[39m

[36m [2m❯[22m tests/unit/api/admin/integrations/product-mappings.test.ts:[2m374:29[22m[39m
    [90m372| [39m    [35mconst[39m response [33m=[39m [35mawait[39m [33mBULK_IMPORT[39m(request)[33m;[39m
    [90m373| [39m
    [90m374| [39m    [34mexpect[39m(response[33m.[39mstatus)[33m.[39m[34mtoBe[39m([34m400[39m)[33m;[39m
    [90m   | [39m                            [31m^[39m
    [90m375| [39m    [35mconst[39m data [33m=[39m [35mawait[39m response[33m.[39m[34mjson[39m()[33m;[39m
    [90m376| [39m    [34mexpect[39m(data[33m.[39mvalidation_errors)[33m.[39m[34mtoBeDefined[39m()[33m;[39m

[31m[2m⎯⎯⎯⎯⎯⎯⎯⎯⎯⎯⎯⎯⎯⎯⎯⎯⎯⎯⎯⎯[146/151]⎯[22m[39m

[41m[1m FAIL [22m[49m tests/unit/api/admin/integrations/product-mappings.test.ts[2m > [22mProduct Mappings API - Bulk Import[2m > [22mshould handle skip_duplicates flag
[31m[1mAssertionError[22m: expected 500 to be 200 // Object.is equality[39m

[32m- Expected[39m
[31m+ Received[39m

[32m- 200[39m
[31m+ 500[39m

[36m [2m❯[22m tests/unit/api/admin/integrations/product-mappings.test.ts:[2m411:29[22m[39m
    [90m409| [39m    [35mconst[39m response [33m=[39m [35mawait[39m [33mBULK_IMPORT[39m(request)[33m;[39m
    [90m410| [39m
    [90m411| [39m    [34mexpect[39m(response[33m.[39mstatus)[33m.[39m[34mtoBe[39m([34m200[39m)[33m;[39m
    [90m   | [39m                            [31m^[39m
    [90m412| [39m  })[33m;[39m
    [90m413| [39m})[33m;[39m

[31m[2m⎯⎯⎯⎯⎯⎯⎯⎯⎯⎯⎯⎯⎯⎯⎯⎯⎯⎯⎯⎯[147/151]⎯[22m[39m


[2m Test Files [22m [1m[31m16 failed[39m[22m[2m | [22m[1m[32m29 passed[39m[22m[90m (45)[39m
[2m      Tests [22m [1m[31m149 failed[39m[22m[2m | [22m[1m[32m550 passed[39m[22m[2m | [22m[33m26 skipped[39m[90m (725)[39m
[2m   Start at [22m 20:27:43
[2m   Duration [22m 35.04s[2m (transform 8.74s, setup 18.84s, import 17.65s, tests 24.11s, environment 116.91s)[22m

